[2025-09-19T12:34:05.992+0000] {local_task_job_runner.py:120} INFO - ::group::Pre task execution logs
[2025-09-19T12:34:06.045+0000] {taskinstance.py:2076} INFO - Dependencies all met for dep_context=non-requeueable deps ti=<TaskInstance: timeseries_pipeline.extract manual__2025-09-19T12:34:00.179202+00:00 [queued]>
[2025-09-19T12:34:06.060+0000] {taskinstance.py:2076} INFO - Dependencies all met for dep_context=requeueable deps ti=<TaskInstance: timeseries_pipeline.extract manual__2025-09-19T12:34:00.179202+00:00 [queued]>
[2025-09-19T12:34:06.061+0000] {taskinstance.py:2306} INFO - Starting attempt 1 of 1
[2025-09-19T12:34:06.086+0000] {taskinstance.py:2330} INFO - Executing <Task(PythonOperator): extract> on 2025-09-19 12:34:00.179202+00:00
[2025-09-19T12:34:06.108+0000] {logging_mixin.py:188} WARNING - /home/***/.local/lib/python3.12/site-packages/***/task/task_runner/standard_task_runner.py:61 DeprecationWarning: This process (pid=206) is multi-threaded, use of fork() may lead to deadlocks in the child.
[2025-09-19T12:34:06.106+0000] {standard_task_runner.py:90} INFO - Running: ['***', 'tasks', 'run', 'timeseries_pipeline', 'extract', 'manual__2025-09-19T12:34:00.179202+00:00', '--job-id', '16', '--raw', '--subdir', 'DAGS_FOLDER/timeseries_pipeline.py', '--cfg-path', '/tmp/tmp_vrw3li2']
[2025-09-19T12:34:06.110+0000] {standard_task_runner.py:63} INFO - Started process 211 to run task
[2025-09-19T12:34:06.111+0000] {standard_task_runner.py:91} INFO - Job 16: Subtask extract
[2025-09-19T12:34:06.215+0000] {task_command.py:426} INFO - Running <TaskInstance: timeseries_pipeline.extract manual__2025-09-19T12:34:00.179202+00:00 [running]> on host 0035d074727e
[2025-09-19T12:34:06.360+0000] {taskinstance.py:2648} INFO - Exporting env vars: AIRFLOW_CTX_DAG_OWNER='***' AIRFLOW_CTX_DAG_ID='timeseries_pipeline' AIRFLOW_CTX_TASK_ID='extract' AIRFLOW_CTX_EXECUTION_DATE='2025-09-19T12:34:00.179202+00:00' AIRFLOW_CTX_TRY_NUMBER='1' AIRFLOW_CTX_DAG_RUN_ID='manual__2025-09-19T12:34:00.179202+00:00'
[2025-09-19T12:34:06.366+0000] {taskinstance.py:430} INFO - ::endgroup::
[2025-09-19T12:34:06.390+0000] {logging_mixin.py:188} INFO - Extracting data from raw/timeseries.csv ...
[2025-09-19T12:34:06.408+0000] {taskinstance.py:441} INFO - ::group::Post task execution logs
[2025-09-19T12:34:06.410+0000] {taskinstance.py:2905} ERROR - Task failed with exception
Traceback (most recent call last):
  File "/home/airflow/.local/lib/python3.12/site-packages/airflow/models/taskinstance.py", line 465, in _execute_task
    result = _execute_callable(context=context, **execute_callable_kwargs)
             ^^^^^^^^^^^^^^^^^^^^^^^^^^^^^^^^^^^^^^^^^^^^^^^^^^^^^^^^^^^^^
  File "/home/airflow/.local/lib/python3.12/site-packages/airflow/models/taskinstance.py", line 432, in _execute_callable
    return execute_callable(context=context, **execute_callable_kwargs)
           ^^^^^^^^^^^^^^^^^^^^^^^^^^^^^^^^^^^^^^^^^^^^^^^^^^^^^^^^^^^^
  File "/home/airflow/.local/lib/python3.12/site-packages/airflow/models/baseoperator.py", line 401, in wrapper
    return func(self, *args, **kwargs)
           ^^^^^^^^^^^^^^^^^^^^^^^^^^^
  File "/home/airflow/.local/lib/python3.12/site-packages/airflow/operators/python.py", line 235, in execute
    return_value = self.execute_callable()
                   ^^^^^^^^^^^^^^^^^^^^^^^
  File "/home/airflow/.local/lib/python3.12/site-packages/airflow/operators/python.py", line 252, in execute_callable
    return self.python_callable(*self.op_args, **self.op_kwargs)
           ^^^^^^^^^^^^^^^^^^^^^^^^^^^^^^^^^^^^^^^^^^^^^^^^^^^^^
  File "/opt/airflow/dags/tasks/extract_task.py", line 5, in extract
    shutil.copy("data/raw/timeseries.csv", "data/processed/transformed_timeseries.csv")
  File "/usr/local/lib/python3.12/shutil.py", line 435, in copy
    copyfile(src, dst, follow_symlinks=follow_symlinks)
  File "/usr/local/lib/python3.12/shutil.py", line 260, in copyfile
    with open(src, 'rb') as fsrc:
         ^^^^^^^^^^^^^^^
FileNotFoundError: [Errno 2] No such file or directory: 'data/raw/timeseries.csv'
[2025-09-19T12:34:06.437+0000] {taskinstance.py:1206} INFO - Marking task as FAILED. dag_id=timeseries_pipeline, task_id=extract, run_id=manual__2025-09-19T12:34:00.179202+00:00, execution_date=20250919T123400, start_date=20250919T123406, end_date=20250919T123406
[2025-09-19T12:34:06.460+0000] {standard_task_runner.py:110} ERROR - Failed to execute job 16 for task extract ([Errno 2] No such file or directory: 'data/raw/timeseries.csv'; 211)
[2025-09-19T12:34:06.487+0000] {local_task_job_runner.py:240} INFO - Task exited with return code 1
[2025-09-19T12:34:06.539+0000] {taskinstance.py:3503} INFO - 0 downstream tasks scheduled from follow-on schedule check
[2025-09-19T12:34:06.548+0000] {local_task_job_runner.py:222} INFO - ::endgroup::
