[2025-09-19T12:19:44.325+0000] {local_task_job_runner.py:120} INFO - ::group::Pre task execution logs
[2025-09-19T12:19:44.364+0000] {taskinstance.py:2076} INFO - Dependencies all met for dep_context=non-requeueable deps ti=<TaskInstance: timeseries_pipeline.check_file_exists manual__2025-09-19T12:19:42.329179+00:00 [queued]>
[2025-09-19T12:19:44.373+0000] {taskinstance.py:2076} INFO - Dependencies all met for dep_context=requeueable deps ti=<TaskInstance: timeseries_pipeline.check_file_exists manual__2025-09-19T12:19:42.329179+00:00 [queued]>
[2025-09-19T12:19:44.374+0000] {taskinstance.py:2306} INFO - Starting attempt 1 of 1
[2025-09-19T12:19:44.387+0000] {taskinstance.py:2330} INFO - Executing <Task(PythonOperator): check_file_exists> on 2025-09-19 12:19:42.329179+00:00
[2025-09-19T12:19:44.404+0000] {logging_mixin.py:188} WARNING - /home/***/.local/lib/python3.12/site-packages/***/task/task_runner/standard_task_runner.py:61 DeprecationWarning: This process (pid=204) is multi-threaded, use of fork() may lead to deadlocks in the child.
[2025-09-19T12:19:44.406+0000] {standard_task_runner.py:63} INFO - Started process 207 to run task
[2025-09-19T12:19:44.403+0000] {standard_task_runner.py:90} INFO - Running: ['***', 'tasks', 'run', 'timeseries_pipeline', 'check_file_exists', 'manual__2025-09-19T12:19:42.329179+00:00', '--job-id', '8', '--raw', '--subdir', 'DAGS_FOLDER/timeseries_pipeline.py', '--cfg-path', '/tmp/tmpslm3ftj4']
[2025-09-19T12:19:44.407+0000] {standard_task_runner.py:91} INFO - Job 8: Subtask check_file_exists
[2025-09-19T12:19:44.508+0000] {task_command.py:426} INFO - Running <TaskInstance: timeseries_pipeline.check_file_exists manual__2025-09-19T12:19:42.329179+00:00 [running]> on host 2277bb8ccc7d
[2025-09-19T12:19:44.678+0000] {taskinstance.py:2648} INFO - Exporting env vars: AIRFLOW_CTX_DAG_OWNER='***' AIRFLOW_CTX_DAG_ID='timeseries_pipeline' AIRFLOW_CTX_TASK_ID='check_file_exists' AIRFLOW_CTX_EXECUTION_DATE='2025-09-19T12:19:42.329179+00:00' AIRFLOW_CTX_TRY_NUMBER='1' AIRFLOW_CTX_DAG_RUN_ID='manual__2025-09-19T12:19:42.329179+00:00'
[2025-09-19T12:19:44.680+0000] {taskinstance.py:430} INFO - ::endgroup::
[2025-09-19T12:19:45.591+0000] {taskinstance.py:441} INFO - ::group::Post task execution logs
[2025-09-19T12:19:45.593+0000] {taskinstance.py:2905} ERROR - Task failed with exception
Traceback (most recent call last):
  File "/home/airflow/.local/lib/python3.12/site-packages/airflow/models/taskinstance.py", line 465, in _execute_task
    result = _execute_callable(context=context, **execute_callable_kwargs)
             ^^^^^^^^^^^^^^^^^^^^^^^^^^^^^^^^^^^^^^^^^^^^^^^^^^^^^^^^^^^^^
  File "/home/airflow/.local/lib/python3.12/site-packages/airflow/models/taskinstance.py", line 432, in _execute_callable
    return execute_callable(context=context, **execute_callable_kwargs)
           ^^^^^^^^^^^^^^^^^^^^^^^^^^^^^^^^^^^^^^^^^^^^^^^^^^^^^^^^^^^^
  File "/home/airflow/.local/lib/python3.12/site-packages/airflow/models/baseoperator.py", line 401, in wrapper
    return func(self, *args, **kwargs)
           ^^^^^^^^^^^^^^^^^^^^^^^^^^^
  File "/home/airflow/.local/lib/python3.12/site-packages/airflow/operators/python.py", line 235, in execute
    return_value = self.execute_callable()
                   ^^^^^^^^^^^^^^^^^^^^^^^
  File "/home/airflow/.local/lib/python3.12/site-packages/airflow/operators/python.py", line 252, in execute_callable
    return self.python_callable(*self.op_args, **self.op_kwargs)
           ^^^^^^^^^^^^^^^^^^^^^^^^^^^^^^^^^^^^^^^^^^^^^^^^^^^^^
  File "/opt/airflow/dags/tasks/check_file_task.py", line 15, in check_file_exists
    raise ValueError(f"Missing required column: {col}")
ValueError: Missing required column: Date
[2025-09-19T12:19:45.626+0000] {taskinstance.py:1206} INFO - Marking task as FAILED. dag_id=timeseries_pipeline, task_id=check_file_exists, run_id=manual__2025-09-19T12:19:42.329179+00:00, execution_date=20250919T121942, start_date=20250919T121944, end_date=20250919T121945
[2025-09-19T12:19:45.654+0000] {standard_task_runner.py:110} ERROR - Failed to execute job 8 for task check_file_exists (Missing required column: Date; 207)
[2025-09-19T12:19:45.707+0000] {local_task_job_runner.py:240} INFO - Task exited with return code 1
[2025-09-19T12:19:45.758+0000] {taskinstance.py:3503} INFO - 0 downstream tasks scheduled from follow-on schedule check
[2025-09-19T12:19:45.765+0000] {local_task_job_runner.py:222} INFO - ::endgroup::
