[2025-09-19T13:57:05.403+0000] {local_task_job_runner.py:120} INFO - ::group::Pre task execution logs
[2025-09-19T13:57:05.430+0000] {taskinstance.py:2076} INFO - Dependencies all met for dep_context=non-requeueable deps ti=<TaskInstance: timeseries_pipeline.extract manual__2025-09-19T13:57:01.683273+00:00 [queued]>
[2025-09-19T13:57:05.437+0000] {taskinstance.py:2076} INFO - Dependencies all met for dep_context=requeueable deps ti=<TaskInstance: timeseries_pipeline.extract manual__2025-09-19T13:57:01.683273+00:00 [queued]>
[2025-09-19T13:57:05.438+0000] {taskinstance.py:2306} INFO - Starting attempt 1 of 1
[2025-09-19T13:57:05.452+0000] {taskinstance.py:2330} INFO - Executing <Task(PythonOperator): extract> on 2025-09-19 13:57:01.683273+00:00
[2025-09-19T13:57:05.461+0000] {logging_mixin.py:188} WARNING - /home/***/.local/lib/python3.12/site-packages/***/task/task_runner/standard_task_runner.py:61 DeprecationWarning: This process (pid=552) is multi-threaded, use of fork() may lead to deadlocks in the child.
[2025-09-19T13:57:05.463+0000] {standard_task_runner.py:63} INFO - Started process 555 to run task
[2025-09-19T13:57:05.461+0000] {standard_task_runner.py:90} INFO - Running: ['***', 'tasks', 'run', 'timeseries_pipeline', 'extract', 'manual__2025-09-19T13:57:01.683273+00:00', '--job-id', '54', '--raw', '--subdir', 'DAGS_FOLDER/timeseries_pipeline.py', '--cfg-path', '/tmp/tmpl5l7l6ae']
[2025-09-19T13:57:05.464+0000] {standard_task_runner.py:91} INFO - Job 54: Subtask extract
[2025-09-19T13:57:05.512+0000] {task_command.py:426} INFO - Running <TaskInstance: timeseries_pipeline.extract manual__2025-09-19T13:57:01.683273+00:00 [running]> on host 0e2ba368a558
[2025-09-19T13:57:05.585+0000] {taskinstance.py:2648} INFO - Exporting env vars: AIRFLOW_CTX_DAG_OWNER='***' AIRFLOW_CTX_DAG_ID='timeseries_pipeline' AIRFLOW_CTX_TASK_ID='extract' AIRFLOW_CTX_EXECUTION_DATE='2025-09-19T13:57:01.683273+00:00' AIRFLOW_CTX_TRY_NUMBER='1' AIRFLOW_CTX_DAG_RUN_ID='manual__2025-09-19T13:57:01.683273+00:00'
[2025-09-19T13:57:05.586+0000] {taskinstance.py:430} INFO - ::endgroup::
[2025-09-19T13:57:05.604+0000] {logging_mixin.py:188} INFO - Extracting data from /opt/***/data/raw/raw_sales.csv ...
[2025-09-19T13:57:05.650+0000] {logging_mixin.py:188} INFO - ✅ Extracted rows: 29580
[2025-09-19T13:57:05.656+0000] {logging_mixin.py:188} INFO -               datesold  postcode   price propertyType  bedrooms
0  2007-02-07 00:00:00      2607  525000        house         4
1  2007-02-27 00:00:00      2906  290000        house         3
2  2007-03-07 00:00:00      2905  328000        house         3
3  2007-03-09 00:00:00      2905  380000        house         4
4  2007-03-21 00:00:00      2906  310000        house         3
[2025-09-19T13:57:05.657+0000] {python.py:237} INFO - Done. Returned value was: /opt/***/data/raw/raw_sales.csv
[2025-09-19T13:57:05.658+0000] {taskinstance.py:441} INFO - ::group::Post task execution logs
[2025-09-19T13:57:05.680+0000] {taskinstance.py:1206} INFO - Marking task as SUCCESS. dag_id=timeseries_pipeline, task_id=extract, run_id=manual__2025-09-19T13:57:01.683273+00:00, execution_date=20250919T135701, start_date=20250919T135705, end_date=20250919T135705
[2025-09-19T13:57:05.717+0000] {local_task_job_runner.py:240} INFO - Task exited with return code 0
[2025-09-19T13:57:05.744+0000] {taskinstance.py:3503} INFO - 1 downstream tasks scheduled from follow-on schedule check
[2025-09-19T13:57:05.746+0000] {local_task_job_runner.py:222} INFO - ::endgroup::
