[2025-09-19T12:12:19.563+0000] {local_task_job_runner.py:120} INFO - ::group::Pre task execution logs
[2025-09-19T12:12:19.597+0000] {taskinstance.py:2076} INFO - Dependencies all met for dep_context=non-requeueable deps ti=<TaskInstance: timeseries_pipeline.check_file_exists manual__2025-09-19T12:12:18.170153+00:00 [queued]>
[2025-09-19T12:12:19.610+0000] {taskinstance.py:2076} INFO - Dependencies all met for dep_context=requeueable deps ti=<TaskInstance: timeseries_pipeline.check_file_exists manual__2025-09-19T12:12:18.170153+00:00 [queued]>
[2025-09-19T12:12:19.612+0000] {taskinstance.py:2306} INFO - Starting attempt 1 of 1
[2025-09-19T12:12:19.631+0000] {taskinstance.py:2330} INFO - Executing <Task(PythonOperator): check_file_exists> on 2025-09-19 12:12:18.170153+00:00
[2025-09-19T12:12:19.654+0000] {logging_mixin.py:188} WARNING - /home/***/.local/lib/python3.12/site-packages/***/task/task_runner/standard_task_runner.py:61 DeprecationWarning: This process (pid=372) is multi-threaded, use of fork() may lead to deadlocks in the child.
[2025-09-19T12:12:19.649+0000] {standard_task_runner.py:90} INFO - Running: ['***', 'tasks', 'run', 'timeseries_pipeline', 'check_file_exists', 'manual__2025-09-19T12:12:18.170153+00:00', '--job-id', '6', '--raw', '--subdir', 'DAGS_FOLDER/timeseries_pipeline.py', '--cfg-path', '/tmp/tmpljmgc21i']
[2025-09-19T12:12:19.658+0000] {standard_task_runner.py:63} INFO - Started process 375 to run task
[2025-09-19T12:12:19.659+0000] {standard_task_runner.py:91} INFO - Job 6: Subtask check_file_exists
[2025-09-19T12:12:19.726+0000] {task_command.py:426} INFO - Running <TaskInstance: timeseries_pipeline.check_file_exists manual__2025-09-19T12:12:18.170153+00:00 [running]> on host b412afdc886c
[2025-09-19T12:12:19.819+0000] {taskinstance.py:2648} INFO - Exporting env vars: AIRFLOW_CTX_DAG_OWNER='***' AIRFLOW_CTX_DAG_ID='timeseries_pipeline' AIRFLOW_CTX_TASK_ID='check_file_exists' AIRFLOW_CTX_EXECUTION_DATE='2025-09-19T12:12:18.170153+00:00' AIRFLOW_CTX_TRY_NUMBER='1' AIRFLOW_CTX_DAG_RUN_ID='manual__2025-09-19T12:12:18.170153+00:00'
[2025-09-19T12:12:19.821+0000] {taskinstance.py:430} INFO - ::endgroup::
[2025-09-19T12:12:19.834+0000] {taskinstance.py:441} INFO - ::group::Post task execution logs
[2025-09-19T12:12:19.835+0000] {taskinstance.py:2905} ERROR - Task failed with exception
Traceback (most recent call last):
  File "/home/airflow/.local/lib/python3.12/site-packages/airflow/models/taskinstance.py", line 465, in _execute_task
    result = _execute_callable(context=context, **execute_callable_kwargs)
             ^^^^^^^^^^^^^^^^^^^^^^^^^^^^^^^^^^^^^^^^^^^^^^^^^^^^^^^^^^^^^
  File "/home/airflow/.local/lib/python3.12/site-packages/airflow/models/taskinstance.py", line 432, in _execute_callable
    return execute_callable(context=context, **execute_callable_kwargs)
           ^^^^^^^^^^^^^^^^^^^^^^^^^^^^^^^^^^^^^^^^^^^^^^^^^^^^^^^^^^^^
  File "/home/airflow/.local/lib/python3.12/site-packages/airflow/models/baseoperator.py", line 401, in wrapper
    return func(self, *args, **kwargs)
           ^^^^^^^^^^^^^^^^^^^^^^^^^^^
  File "/home/airflow/.local/lib/python3.12/site-packages/airflow/operators/python.py", line 235, in execute
    return_value = self.execute_callable()
                   ^^^^^^^^^^^^^^^^^^^^^^^
  File "/home/airflow/.local/lib/python3.12/site-packages/airflow/operators/python.py", line 252, in execute_callable
    return self.python_callable(*self.op_args, **self.op_kwargs)
           ^^^^^^^^^^^^^^^^^^^^^^^^^^^^^^^^^^^^^^^^^^^^^^^^^^^^^
  File "/opt/airflow/dags/tasks/check_file_task.py", line 7, in check_file_exists
    raise FileNotFoundError(f"File not found: {file_path}")
FileNotFoundError: File not found: D:\Ecosystme\kit\***\data\raw\stock_prices.csv
[2025-09-19T12:12:19.851+0000] {taskinstance.py:1206} INFO - Marking task as FAILED. dag_id=timeseries_pipeline, task_id=check_file_exists, run_id=manual__2025-09-19T12:12:18.170153+00:00, execution_date=20250919T121218, start_date=20250919T121219, end_date=20250919T121219
[2025-09-19T12:12:19.869+0000] {standard_task_runner.py:110} ERROR - Failed to execute job 6 for task check_file_exists (File not found: D:\Ecosystme\kit\***\data\raw\stock_prices.csv; 375)
[2025-09-19T12:12:19.919+0000] {local_task_job_runner.py:240} INFO - Task exited with return code 1
[2025-09-19T12:12:19.948+0000] {taskinstance.py:3503} INFO - 0 downstream tasks scheduled from follow-on schedule check
[2025-09-19T12:12:19.952+0000] {local_task_job_runner.py:222} INFO - ::endgroup::
