[2025-10-09T15:34:16.910+0000] {local_task_job_runner.py:120} INFO - ::group::Pre task execution logs
[2025-10-09T15:34:17.063+0000] {taskinstance.py:2076} INFO - Dependencies all met for dep_context=non-requeueable deps ti=<TaskInstance: songkhla_weather_monthly_automation.scrape_monthly_average_and_upload scheduled__2025-09-01T06:00:00+00:00 [queued]>
[2025-10-09T15:34:17.071+0000] {taskinstance.py:2076} INFO - Dependencies all met for dep_context=requeueable deps ti=<TaskInstance: songkhla_weather_monthly_automation.scrape_monthly_average_and_upload scheduled__2025-09-01T06:00:00+00:00 [queued]>
[2025-10-09T15:34:17.073+0000] {taskinstance.py:2306} INFO - Starting attempt 1 of 2
[2025-10-09T15:34:17.086+0000] {taskinstance.py:2330} INFO - Executing <Task(PythonOperator): scrape_monthly_average_and_upload> on 2025-09-01 06:00:00+00:00
[2025-10-09T15:34:17.093+0000] {logging_mixin.py:188} WARNING - /home/***/.local/lib/python3.12/site-packages/***/task/task_runner/standard_task_runner.py:61 DeprecationWarning: This process (pid=192) is multi-threaded, use of fork() may lead to deadlocks in the child.
[2025-10-09T15:34:17.092+0000] {standard_task_runner.py:90} INFO - Running: ['***', 'tasks', 'run', 'songkhla_weather_monthly_automation', 'scrape_monthly_average_and_upload', 'scheduled__2025-09-01T06:00:00+00:00', '--job-id', '5', '--raw', '--subdir', 'DAGS_FOLDER/scraping_weather.py', '--cfg-path', '/tmp/tmpghw6q_ha']
[2025-10-09T15:34:17.095+0000] {standard_task_runner.py:63} INFO - Started process 194 to run task
[2025-10-09T15:34:17.095+0000] {standard_task_runner.py:91} INFO - Job 5: Subtask scrape_monthly_average_and_upload
[2025-10-09T15:34:17.140+0000] {task_command.py:426} INFO - Running <TaskInstance: songkhla_weather_monthly_automation.scrape_monthly_average_and_upload scheduled__2025-09-01T06:00:00+00:00 [running]> on host e7d221891243
[2025-10-09T15:34:17.224+0000] {taskinstance.py:2648} INFO - Exporting env vars: AIRFLOW_CTX_DAG_OWNER='***' AIRFLOW_CTX_DAG_ID='songkhla_weather_monthly_automation' AIRFLOW_CTX_TASK_ID='scrape_monthly_average_and_upload' AIRFLOW_CTX_EXECUTION_DATE='2025-09-01T06:00:00+00:00' AIRFLOW_CTX_TRY_NUMBER='1' AIRFLOW_CTX_DAG_RUN_ID='scheduled__2025-09-01T06:00:00+00:00'
[2025-10-09T15:34:17.225+0000] {taskinstance.py:430} INFO - ::endgroup::
[2025-10-09T15:34:17.253+0000] {logger.py:11} INFO - ====== WebDriver manager ======
[2025-10-09T15:34:17.266+0000] {logger.py:11} INFO - Get LATEST chromedriver version for google-chrome
[2025-10-09T15:34:17.759+0000] {logger.py:11} INFO - About to download new driver from https://chromedriver.storage.googleapis.com/114.0.5735.90/chromedriver_linux64.zip
[2025-10-09T15:34:17.959+0000] {logger.py:11} INFO - Driver downloading response is 200
[2025-10-09T15:34:18.480+0000] {logger.py:11} INFO - Get LATEST chromedriver version for google-chrome
[2025-10-09T15:34:18.775+0000] {logger.py:11} INFO - Get LATEST chromedriver version for google-chrome
[2025-10-09T15:34:18.980+0000] {logger.py:11} INFO - Driver has been saved in cache [/home/***/.wdm/drivers/chromedriver/linux64/114.0.5735.90]
[2025-10-09T15:34:18.994+0000] {taskinstance.py:441} INFO - ::group::Post task execution logs
[2025-10-09T15:34:18.995+0000] {taskinstance.py:2905} ERROR - Task failed with exception
Traceback (most recent call last):
  File "/home/airflow/.local/lib/python3.12/site-packages/airflow/models/taskinstance.py", line 465, in _execute_task
    result = _execute_callable(context=context, **execute_callable_kwargs)
             ^^^^^^^^^^^^^^^^^^^^^^^^^^^^^^^^^^^^^^^^^^^^^^^^^^^^^^^^^^^^^
  File "/home/airflow/.local/lib/python3.12/site-packages/airflow/models/taskinstance.py", line 432, in _execute_callable
    return execute_callable(context=context, **execute_callable_kwargs)
           ^^^^^^^^^^^^^^^^^^^^^^^^^^^^^^^^^^^^^^^^^^^^^^^^^^^^^^^^^^^^
  File "/home/airflow/.local/lib/python3.12/site-packages/airflow/models/baseoperator.py", line 401, in wrapper
    return func(self, *args, **kwargs)
           ^^^^^^^^^^^^^^^^^^^^^^^^^^^
  File "/home/airflow/.local/lib/python3.12/site-packages/airflow/operators/python.py", line 235, in execute
    return_value = self.execute_callable()
                   ^^^^^^^^^^^^^^^^^^^^^^^
  File "/home/airflow/.local/lib/python3.12/site-packages/airflow/operators/python.py", line 252, in execute_callable
    return self.python_callable(*self.op_args, **self.op_kwargs)
           ^^^^^^^^^^^^^^^^^^^^^^^^^^^^^^^^^^^^^^^^^^^^^^^^^^^^^
  File "/opt/airflow/dags/scraping_weather.py", line 66, in scrape_monthly_average_and_upload
    driver = webdriver.Chrome(service=Service(ChromeDriverManager().install()), options=options)
             ^^^^^^^^^^^^^^^^^^^^^^^^^^^^^^^^^^^^^^^^^^^^^^^^^^^^^^^^^^^^^^^^^^^^^^^^^^^^^^^^^^^
  File "/home/airflow/.local/lib/python3.12/site-packages/selenium/webdriver/chrome/webdriver.py", line 46, in __init__
    super().__init__(
  File "/home/airflow/.local/lib/python3.12/site-packages/selenium/webdriver/chromium/webdriver.py", line 60, in __init__
    self.service.start()
  File "/home/airflow/.local/lib/python3.12/site-packages/selenium/webdriver/common/service.py", line 109, in start
    self.assert_process_still_running()
  File "/home/airflow/.local/lib/python3.12/site-packages/selenium/webdriver/common/service.py", line 122, in assert_process_still_running
    raise WebDriverException(f"Service {self._path} unexpectedly exited. Status code was: {return_code}")
selenium.common.exceptions.WebDriverException: Message: Service /home/airflow/.wdm/drivers/chromedriver/linux64/114.0.5735.90/chromedriver unexpectedly exited. Status code was: 127

[2025-10-09T15:34:19.007+0000] {taskinstance.py:1206} INFO - Marking task as UP_FOR_RETRY. dag_id=songkhla_weather_monthly_automation, task_id=scrape_monthly_average_and_upload, run_id=scheduled__2025-09-01T06:00:00+00:00, execution_date=20250901T060000, start_date=20251009T153417, end_date=20251009T153419
[2025-10-09T15:34:19.020+0000] {standard_task_runner.py:110} ERROR - Failed to execute job 5 for task scrape_monthly_average_and_upload (Message: Service /home/airflow/.wdm/drivers/chromedriver/linux64/114.0.5735.90/chromedriver unexpectedly exited. Status code was: 127
; 194)
[2025-10-09T15:34:19.037+0000] {local_task_job_runner.py:240} INFO - Task exited with return code 1
[2025-10-09T15:34:19.054+0000] {taskinstance.py:3503} INFO - 0 downstream tasks scheduled from follow-on schedule check
[2025-10-09T15:34:19.057+0000] {local_task_job_runner.py:222} INFO - ::endgroup::
[2025-10-09T16:14:18.555+0000] {local_task_job_runner.py:120} INFO - ::group::Pre task execution logs
[2025-10-09T16:14:18.716+0000] {taskinstance.py:2076} INFO - Dependencies all met for dep_context=non-requeueable deps ti=<TaskInstance: songkhla_weather_monthly_automation.scrape_monthly_average_and_upload scheduled__2025-09-01T06:00:00+00:00 [queued]>
[2025-10-09T16:14:18.726+0000] {taskinstance.py:2076} INFO - Dependencies all met for dep_context=requeueable deps ti=<TaskInstance: songkhla_weather_monthly_automation.scrape_monthly_average_and_upload scheduled__2025-09-01T06:00:00+00:00 [queued]>
[2025-10-09T16:14:18.728+0000] {taskinstance.py:2306} INFO - Starting attempt 1 of 2
[2025-10-09T16:14:18.746+0000] {taskinstance.py:2330} INFO - Executing <Task(PythonOperator): scrape_monthly_average_and_upload> on 2025-09-01 06:00:00+00:00
[2025-10-09T16:14:18.756+0000] {logging_mixin.py:188} WARNING - /home/***/.local/lib/python3.12/site-packages/***/task/task_runner/standard_task_runner.py:61 DeprecationWarning: This process (pid=198) is multi-threaded, use of fork() may lead to deadlocks in the child.
[2025-10-09T16:14:18.755+0000] {standard_task_runner.py:90} INFO - Running: ['***', 'tasks', 'run', 'songkhla_weather_monthly_automation', 'scrape_monthly_average_and_upload', 'scheduled__2025-09-01T06:00:00+00:00', '--job-id', '3', '--raw', '--subdir', 'DAGS_FOLDER/scraping_weather.py', '--cfg-path', '/tmp/tmp5l34va_i']
[2025-10-09T16:14:18.758+0000] {standard_task_runner.py:63} INFO - Started process 200 to run task
[2025-10-09T16:14:18.758+0000] {standard_task_runner.py:91} INFO - Job 3: Subtask scrape_monthly_average_and_upload
[2025-10-09T16:14:18.803+0000] {task_command.py:426} INFO - Running <TaskInstance: songkhla_weather_monthly_automation.scrape_monthly_average_and_upload scheduled__2025-09-01T06:00:00+00:00 [running]> on host ad4d0fe7e1fd
[2025-10-09T16:14:18.880+0000] {taskinstance.py:2648} INFO - Exporting env vars: AIRFLOW_CTX_DAG_OWNER='***' AIRFLOW_CTX_DAG_ID='songkhla_weather_monthly_automation' AIRFLOW_CTX_TASK_ID='scrape_monthly_average_and_upload' AIRFLOW_CTX_EXECUTION_DATE='2025-09-01T06:00:00+00:00' AIRFLOW_CTX_TRY_NUMBER='1' AIRFLOW_CTX_DAG_RUN_ID='scheduled__2025-09-01T06:00:00+00:00'
[2025-10-09T16:14:18.881+0000] {taskinstance.py:430} INFO - ::endgroup::
[2025-10-09T16:14:45.938+0000] {scraping_weather.py:108} ERROR - ❌ เกิดข้อผิดพลาดในวันที่ 2025-09-01: Message: 
Stacktrace:
#0 0x561387728efe <unknown>
#1 0x56138718a677 <unknown>
#2 0x5613871d534f <unknown>
#3 0x5613871d5521 <unknown>
#4 0x56138721a414 <unknown>
#5 0x5613871f8d5d <unknown>
#6 0x5613872181c4 <unknown>
#7 0x5613871f8b03 <unknown>
#8 0x5613871c9699 <unknown>
#9 0x5613871ca201 <unknown>
#10 0x5613876f383a <unknown>
#11 0x5613876f6c11 <unknown>
#12 0x5613876f66a8 <unknown>
#13 0x5613876f70b5 <unknown>
#14 0x5613876dd41c <unknown>
#15 0x5613876f7431 <unknown>
#16 0x5613876c658a <unknown>
#17 0x561387715f75 <unknown>
#18 0x56138771616e <unknown>
#19 0x5613877279c5 <unknown>
#20 0x7fa9df8f8134 <unknown>

[2025-10-09T16:15:05.859+0000] {scraping_weather.py:108} ERROR - ❌ เกิดข้อผิดพลาดในวันที่ 2025-09-02: Message: 
Stacktrace:
#0 0x561387728efe <unknown>
#1 0x56138718a677 <unknown>
#2 0x5613871d534f <unknown>
#3 0x5613871d5521 <unknown>
#4 0x56138721a414 <unknown>
#5 0x5613871f8d5d <unknown>
#6 0x5613872181c4 <unknown>
#7 0x5613871f8b03 <unknown>
#8 0x5613871c9699 <unknown>
#9 0x5613871ca201 <unknown>
#10 0x5613876f383a <unknown>
#11 0x5613876f6c11 <unknown>
#12 0x5613876f66a8 <unknown>
#13 0x5613876f70b5 <unknown>
#14 0x5613876dd41c <unknown>
#15 0x5613876f7431 <unknown>
#16 0x5613876c658a <unknown>
#17 0x561387715f75 <unknown>
#18 0x56138771616e <unknown>
#19 0x5613877279c5 <unknown>
#20 0x7fa9df8f8134 <unknown>

[2025-10-09T16:15:20.151+0000] {scraping_weather.py:108} ERROR - ❌ เกิดข้อผิดพลาดในวันที่ 2025-09-03: Message: 
Stacktrace:
#0 0x561387728efe <unknown>
#1 0x56138718a677 <unknown>
#2 0x5613871d534f <unknown>
#3 0x5613871d5521 <unknown>
#4 0x56138721a414 <unknown>
#5 0x5613871f8d5d <unknown>
#6 0x5613872181c4 <unknown>
#7 0x5613871f8b03 <unknown>
#8 0x5613871c9699 <unknown>
#9 0x5613871ca201 <unknown>
#10 0x5613876f383a <unknown>
#11 0x5613876f6c11 <unknown>
#12 0x5613876f66a8 <unknown>
#13 0x5613876f70b5 <unknown>
#14 0x5613876dd41c <unknown>
#15 0x5613876f7431 <unknown>
#16 0x5613876c658a <unknown>
#17 0x561387715f75 <unknown>
#18 0x56138771616e <unknown>
#19 0x5613877279c5 <unknown>
#20 0x7fa9df8f8134 <unknown>

[2025-10-09T16:15:34.696+0000] {scraping_weather.py:108} ERROR - ❌ เกิดข้อผิดพลาดในวันที่ 2025-09-04: Message: 
Stacktrace:
#0 0x561387728efe <unknown>
#1 0x56138718a677 <unknown>
#2 0x5613871d534f <unknown>
#3 0x5613871d5521 <unknown>
#4 0x56138721a414 <unknown>
#5 0x5613871f8d5d <unknown>
#6 0x5613872181c4 <unknown>
#7 0x5613871f8b03 <unknown>
#8 0x5613871c9699 <unknown>
#9 0x5613871ca201 <unknown>
#10 0x5613876f383a <unknown>
#11 0x5613876f6c11 <unknown>
#12 0x5613876f66a8 <unknown>
#13 0x5613876f70b5 <unknown>
#14 0x5613876dd41c <unknown>
#15 0x5613876f7431 <unknown>
#16 0x5613876c658a <unknown>
#17 0x561387715f75 <unknown>
#18 0x56138771616e <unknown>
#19 0x5613877279c5 <unknown>
#20 0x7fa9df8f8134 <unknown>

[2025-10-09T16:15:49.058+0000] {scraping_weather.py:108} ERROR - ❌ เกิดข้อผิดพลาดในวันที่ 2025-09-05: Message: 
Stacktrace:
#0 0x561387728efe <unknown>
#1 0x56138718a677 <unknown>
#2 0x5613871d534f <unknown>
#3 0x5613871d5521 <unknown>
#4 0x56138721a414 <unknown>
#5 0x5613871f8d5d <unknown>
#6 0x5613872181c4 <unknown>
#7 0x5613871f8b03 <unknown>
#8 0x5613871c9699 <unknown>
#9 0x5613871ca201 <unknown>
#10 0x5613876f383a <unknown>
#11 0x5613876f6c11 <unknown>
#12 0x5613876f66a8 <unknown>
#13 0x5613876f70b5 <unknown>
#14 0x5613876dd41c <unknown>
#15 0x5613876f7431 <unknown>
#16 0x5613876c658a <unknown>
#17 0x561387715f75 <unknown>
#18 0x56138771616e <unknown>
#19 0x5613877279c5 <unknown>
#20 0x7fa9df8f8134 <unknown>

[2025-10-09T16:16:02.806+0000] {scraping_weather.py:108} ERROR - ❌ เกิดข้อผิดพลาดในวันที่ 2025-09-06: Message: 
Stacktrace:
#0 0x561387728efe <unknown>
#1 0x56138718a677 <unknown>
#2 0x5613871d534f <unknown>
#3 0x5613871d5521 <unknown>
#4 0x56138721a414 <unknown>
#5 0x5613871f8d5d <unknown>
#6 0x5613872181c4 <unknown>
#7 0x5613871f8b03 <unknown>
#8 0x5613871c9699 <unknown>
#9 0x5613871ca201 <unknown>
#10 0x5613876f383a <unknown>
#11 0x5613876f6c11 <unknown>
#12 0x5613876f66a8 <unknown>
#13 0x5613876f70b5 <unknown>
#14 0x5613876dd41c <unknown>
#15 0x5613876f7431 <unknown>
#16 0x5613876c658a <unknown>
#17 0x561387715f75 <unknown>
#18 0x56138771616e <unknown>
#19 0x5613877279c5 <unknown>
#20 0x7fa9df8f8134 <unknown>

[2025-10-09T16:16:18.485+0000] {scraping_weather.py:108} ERROR - ❌ เกิดข้อผิดพลาดในวันที่ 2025-09-07: Message: 
Stacktrace:
#0 0x561387728efe <unknown>
#1 0x56138718a677 <unknown>
#2 0x5613871d534f <unknown>
#3 0x5613871d5521 <unknown>
#4 0x56138721a414 <unknown>
#5 0x5613871f8d5d <unknown>
#6 0x5613872181c4 <unknown>
#7 0x5613871f8b03 <unknown>
#8 0x5613871c9699 <unknown>
#9 0x5613871ca201 <unknown>
#10 0x5613876f383a <unknown>
#11 0x5613876f6c11 <unknown>
#12 0x5613876f66a8 <unknown>
#13 0x5613876f70b5 <unknown>
#14 0x5613876dd41c <unknown>
#15 0x5613876f7431 <unknown>
#16 0x5613876c658a <unknown>
#17 0x561387715f75 <unknown>
#18 0x56138771616e <unknown>
#19 0x5613877279c5 <unknown>
#20 0x7fa9df8f8134 <unknown>

[2025-10-09T16:16:32.244+0000] {scraping_weather.py:108} ERROR - ❌ เกิดข้อผิดพลาดในวันที่ 2025-09-08: Message: 
Stacktrace:
#0 0x561387728efe <unknown>
#1 0x56138718a677 <unknown>
#2 0x5613871d534f <unknown>
#3 0x5613871d5521 <unknown>
#4 0x56138721a414 <unknown>
#5 0x5613871f8d5d <unknown>
#6 0x5613872181c4 <unknown>
#7 0x5613871f8b03 <unknown>
#8 0x5613871c9699 <unknown>
#9 0x5613871ca201 <unknown>
#10 0x5613876f383a <unknown>
#11 0x5613876f6c11 <unknown>
#12 0x5613876f66a8 <unknown>
#13 0x5613876f70b5 <unknown>
#14 0x5613876dd41c <unknown>
#15 0x5613876f7431 <unknown>
#16 0x5613876c658a <unknown>
#17 0x561387715f75 <unknown>
#18 0x56138771616e <unknown>
#19 0x5613877279c5 <unknown>
#20 0x7fa9df8f8134 <unknown>

[2025-10-09T16:16:48.540+0000] {scraping_weather.py:108} ERROR - ❌ เกิดข้อผิดพลาดในวันที่ 2025-09-09: Message: 
Stacktrace:
#0 0x561387728efe <unknown>
#1 0x56138718a677 <unknown>
#2 0x5613871d534f <unknown>
#3 0x5613871d5521 <unknown>
#4 0x56138721a414 <unknown>
#5 0x5613871f8d5d <unknown>
#6 0x5613872181c4 <unknown>
#7 0x5613871f8b03 <unknown>
#8 0x5613871c9699 <unknown>
#9 0x5613871ca201 <unknown>
#10 0x5613876f383a <unknown>
#11 0x5613876f6c11 <unknown>
#12 0x5613876f66a8 <unknown>
#13 0x5613876f70b5 <unknown>
#14 0x5613876dd41c <unknown>
#15 0x5613876f7431 <unknown>
#16 0x5613876c658a <unknown>
#17 0x561387715f75 <unknown>
#18 0x56138771616e <unknown>
#19 0x5613877279c5 <unknown>
#20 0x7fa9df8f8134 <unknown>

[2025-10-09T16:17:02.871+0000] {scraping_weather.py:108} ERROR - ❌ เกิดข้อผิดพลาดในวันที่ 2025-09-10: Message: 
Stacktrace:
#0 0x561387728efe <unknown>
#1 0x56138718a677 <unknown>
#2 0x5613871d534f <unknown>
#3 0x5613871d5521 <unknown>
#4 0x56138721a414 <unknown>
#5 0x5613871f8d5d <unknown>
#6 0x5613872181c4 <unknown>
#7 0x5613871f8b03 <unknown>
#8 0x5613871c9699 <unknown>
#9 0x5613871ca201 <unknown>
#10 0x5613876f383a <unknown>
#11 0x5613876f6c11 <unknown>
#12 0x5613876f66a8 <unknown>
#13 0x5613876f70b5 <unknown>
#14 0x5613876dd41c <unknown>
#15 0x5613876f7431 <unknown>
#16 0x5613876c658a <unknown>
#17 0x561387715f75 <unknown>
#18 0x56138771616e <unknown>
#19 0x5613877279c5 <unknown>
#20 0x7fa9df8f8134 <unknown>

[2025-10-09T16:17:18.841+0000] {scraping_weather.py:108} ERROR - ❌ เกิดข้อผิดพลาดในวันที่ 2025-09-11: Message: 
Stacktrace:
#0 0x561387728efe <unknown>
#1 0x56138718a677 <unknown>
#2 0x5613871d534f <unknown>
#3 0x5613871d5521 <unknown>
#4 0x56138721a414 <unknown>
#5 0x5613871f8d5d <unknown>
#6 0x5613872181c4 <unknown>
#7 0x5613871f8b03 <unknown>
#8 0x5613871c9699 <unknown>
#9 0x5613871ca201 <unknown>
#10 0x5613876f383a <unknown>
#11 0x5613876f6c11 <unknown>
#12 0x5613876f66a8 <unknown>
#13 0x5613876f70b5 <unknown>
#14 0x5613876dd41c <unknown>
#15 0x5613876f7431 <unknown>
#16 0x5613876c658a <unknown>
#17 0x561387715f75 <unknown>
#18 0x56138771616e <unknown>
#19 0x5613877279c5 <unknown>
#20 0x7fa9df8f8134 <unknown>

[2025-10-09T16:17:31.626+0000] {scraping_weather.py:108} ERROR - ❌ เกิดข้อผิดพลาดในวันที่ 2025-09-12: Message: 
Stacktrace:
#0 0x561387728efe <unknown>
#1 0x56138718a677 <unknown>
#2 0x5613871d534f <unknown>
#3 0x5613871d5521 <unknown>
#4 0x56138721a414 <unknown>
#5 0x5613871f8d5d <unknown>
#6 0x5613872181c4 <unknown>
#7 0x5613871f8b03 <unknown>
#8 0x5613871c9699 <unknown>
#9 0x5613871ca201 <unknown>
#10 0x5613876f383a <unknown>
#11 0x5613876f6c11 <unknown>
#12 0x5613876f66a8 <unknown>
#13 0x5613876f70b5 <unknown>
#14 0x5613876dd41c <unknown>
#15 0x5613876f7431 <unknown>
#16 0x5613876c658a <unknown>
#17 0x561387715f75 <unknown>
#18 0x56138771616e <unknown>
#19 0x5613877279c5 <unknown>
#20 0x7fa9df8f8134 <unknown>

[2025-10-09T16:17:44.561+0000] {scraping_weather.py:108} ERROR - ❌ เกิดข้อผิดพลาดในวันที่ 2025-09-13: Message: 
Stacktrace:
#0 0x561387728efe <unknown>
#1 0x56138718a677 <unknown>
#2 0x5613871d534f <unknown>
#3 0x5613871d5521 <unknown>
#4 0x56138721a414 <unknown>
#5 0x5613871f8d5d <unknown>
#6 0x5613872181c4 <unknown>
#7 0x5613871f8b03 <unknown>
#8 0x5613871c9699 <unknown>
#9 0x5613871ca201 <unknown>
#10 0x5613876f383a <unknown>
#11 0x5613876f6c11 <unknown>
#12 0x5613876f66a8 <unknown>
#13 0x5613876f70b5 <unknown>
#14 0x5613876dd41c <unknown>
#15 0x5613876f7431 <unknown>
#16 0x5613876c658a <unknown>
#17 0x561387715f75 <unknown>
#18 0x56138771616e <unknown>
#19 0x5613877279c5 <unknown>
#20 0x7fa9df8f8134 <unknown>

[2025-10-09T16:17:59.508+0000] {scraping_weather.py:108} ERROR - ❌ เกิดข้อผิดพลาดในวันที่ 2025-09-14: Message: 
Stacktrace:
#0 0x561387728efe <unknown>
#1 0x56138718a677 <unknown>
#2 0x5613871d534f <unknown>
#3 0x5613871d5521 <unknown>
#4 0x56138721a414 <unknown>
#5 0x5613871f8d5d <unknown>
#6 0x5613872181c4 <unknown>
#7 0x5613871f8b03 <unknown>
#8 0x5613871c9699 <unknown>
#9 0x5613871ca201 <unknown>
#10 0x5613876f383a <unknown>
#11 0x5613876f6c11 <unknown>
#12 0x5613876f66a8 <unknown>
#13 0x5613876f70b5 <unknown>
#14 0x5613876dd41c <unknown>
#15 0x5613876f7431 <unknown>
#16 0x5613876c658a <unknown>
#17 0x561387715f75 <unknown>
#18 0x56138771616e <unknown>
#19 0x5613877279c5 <unknown>
#20 0x7fa9df8f8134 <unknown>

[2025-10-09T16:18:13.821+0000] {scraping_weather.py:108} ERROR - ❌ เกิดข้อผิดพลาดในวันที่ 2025-09-15: Message: 
Stacktrace:
#0 0x561387728efe <unknown>
#1 0x56138718a677 <unknown>
#2 0x5613871d534f <unknown>
#3 0x5613871d5521 <unknown>
#4 0x56138721a414 <unknown>
#5 0x5613871f8d5d <unknown>
#6 0x5613872181c4 <unknown>
#7 0x5613871f8b03 <unknown>
#8 0x5613871c9699 <unknown>
#9 0x5613871ca201 <unknown>
#10 0x5613876f383a <unknown>
#11 0x5613876f6c11 <unknown>
#12 0x5613876f66a8 <unknown>
#13 0x5613876f70b5 <unknown>
#14 0x5613876dd41c <unknown>
#15 0x5613876f7431 <unknown>
#16 0x5613876c658a <unknown>
#17 0x561387715f75 <unknown>
#18 0x56138771616e <unknown>
#19 0x5613877279c5 <unknown>
#20 0x7fa9df8f8134 <unknown>

[2025-10-09T16:18:27.966+0000] {scraping_weather.py:108} ERROR - ❌ เกิดข้อผิดพลาดในวันที่ 2025-09-16: Message: 
Stacktrace:
#0 0x561387728efe <unknown>
#1 0x56138718a677 <unknown>
#2 0x5613871d534f <unknown>
#3 0x5613871d5521 <unknown>
#4 0x56138721a414 <unknown>
#5 0x5613871f8d5d <unknown>
#6 0x5613872181c4 <unknown>
#7 0x5613871f8b03 <unknown>
#8 0x5613871c9699 <unknown>
#9 0x5613871ca201 <unknown>
#10 0x5613876f383a <unknown>
#11 0x5613876f6c11 <unknown>
#12 0x5613876f66a8 <unknown>
#13 0x5613876f70b5 <unknown>
#14 0x5613876dd41c <unknown>
#15 0x5613876f7431 <unknown>
#16 0x5613876c658a <unknown>
#17 0x561387715f75 <unknown>
#18 0x56138771616e <unknown>
#19 0x5613877279c5 <unknown>
#20 0x7fa9df8f8134 <unknown>

[2025-10-09T16:18:42.616+0000] {scraping_weather.py:108} ERROR - ❌ เกิดข้อผิดพลาดในวันที่ 2025-09-17: Message: 
Stacktrace:
#0 0x561387728efe <unknown>
#1 0x56138718a677 <unknown>
#2 0x5613871d534f <unknown>
#3 0x5613871d5521 <unknown>
#4 0x56138721a414 <unknown>
#5 0x5613871f8d5d <unknown>
#6 0x5613872181c4 <unknown>
#7 0x5613871f8b03 <unknown>
#8 0x5613871c9699 <unknown>
#9 0x5613871ca201 <unknown>
#10 0x5613876f383a <unknown>
#11 0x5613876f6c11 <unknown>
#12 0x5613876f66a8 <unknown>
#13 0x5613876f70b5 <unknown>
#14 0x5613876dd41c <unknown>
#15 0x5613876f7431 <unknown>
#16 0x5613876c658a <unknown>
#17 0x561387715f75 <unknown>
#18 0x56138771616e <unknown>
#19 0x5613877279c5 <unknown>
#20 0x7fa9df8f8134 <unknown>

[2025-10-09T16:18:57.024+0000] {scraping_weather.py:108} ERROR - ❌ เกิดข้อผิดพลาดในวันที่ 2025-09-18: Message: 
Stacktrace:
#0 0x561387728efe <unknown>
#1 0x56138718a677 <unknown>
#2 0x5613871d534f <unknown>
#3 0x5613871d5521 <unknown>
#4 0x56138721a414 <unknown>
#5 0x5613871f8d5d <unknown>
#6 0x5613872181c4 <unknown>
#7 0x5613871f8b03 <unknown>
#8 0x5613871c9699 <unknown>
#9 0x5613871ca201 <unknown>
#10 0x5613876f383a <unknown>
#11 0x5613876f6c11 <unknown>
#12 0x5613876f66a8 <unknown>
#13 0x5613876f70b5 <unknown>
#14 0x5613876dd41c <unknown>
#15 0x5613876f7431 <unknown>
#16 0x5613876c658a <unknown>
#17 0x561387715f75 <unknown>
#18 0x56138771616e <unknown>
#19 0x5613877279c5 <unknown>
#20 0x7fa9df8f8134 <unknown>

[2025-10-09T16:19:11.165+0000] {scraping_weather.py:108} ERROR - ❌ เกิดข้อผิดพลาดในวันที่ 2025-09-19: Message: 
Stacktrace:
#0 0x561387728efe <unknown>
#1 0x56138718a677 <unknown>
#2 0x5613871d534f <unknown>
#3 0x5613871d5521 <unknown>
#4 0x56138721a414 <unknown>
#5 0x5613871f8d5d <unknown>
#6 0x5613872181c4 <unknown>
#7 0x5613871f8b03 <unknown>
#8 0x5613871c9699 <unknown>
#9 0x5613871ca201 <unknown>
#10 0x5613876f383a <unknown>
#11 0x5613876f6c11 <unknown>
#12 0x5613876f66a8 <unknown>
#13 0x5613876f70b5 <unknown>
#14 0x5613876dd41c <unknown>
#15 0x5613876f7431 <unknown>
#16 0x5613876c658a <unknown>
#17 0x561387715f75 <unknown>
#18 0x56138771616e <unknown>
#19 0x5613877279c5 <unknown>
#20 0x7fa9df8f8134 <unknown>

[2025-10-09T16:19:26.476+0000] {scraping_weather.py:108} ERROR - ❌ เกิดข้อผิดพลาดในวันที่ 2025-09-20: Message: 
Stacktrace:
#0 0x561387728efe <unknown>
#1 0x56138718a677 <unknown>
#2 0x5613871d534f <unknown>
#3 0x5613871d5521 <unknown>
#4 0x56138721a414 <unknown>
#5 0x5613871f8d5d <unknown>
#6 0x5613872181c4 <unknown>
#7 0x5613871f8b03 <unknown>
#8 0x5613871c9699 <unknown>
#9 0x5613871ca201 <unknown>
#10 0x5613876f383a <unknown>
#11 0x5613876f6c11 <unknown>
#12 0x5613876f66a8 <unknown>
#13 0x5613876f70b5 <unknown>
#14 0x5613876dd41c <unknown>
#15 0x5613876f7431 <unknown>
#16 0x5613876c658a <unknown>
#17 0x561387715f75 <unknown>
#18 0x56138771616e <unknown>
#19 0x5613877279c5 <unknown>
#20 0x7fa9df8f8134 <unknown>

[2025-10-09T16:19:40.037+0000] {scraping_weather.py:108} ERROR - ❌ เกิดข้อผิดพลาดในวันที่ 2025-09-21: Message: 
Stacktrace:
#0 0x561387728efe <unknown>
#1 0x56138718a677 <unknown>
#2 0x5613871d534f <unknown>
#3 0x5613871d5521 <unknown>
#4 0x56138721a414 <unknown>
#5 0x5613871f8d5d <unknown>
#6 0x5613872181c4 <unknown>
#7 0x5613871f8b03 <unknown>
#8 0x5613871c9699 <unknown>
#9 0x5613871ca201 <unknown>
#10 0x5613876f383a <unknown>
#11 0x5613876f6c11 <unknown>
#12 0x5613876f66a8 <unknown>
#13 0x5613876f70b5 <unknown>
#14 0x5613876dd41c <unknown>
#15 0x5613876f7431 <unknown>
#16 0x5613876c658a <unknown>
#17 0x561387715f75 <unknown>
#18 0x56138771616e <unknown>
#19 0x5613877279c5 <unknown>
#20 0x7fa9df8f8134 <unknown>

[2025-10-09T16:19:54.024+0000] {scraping_weather.py:108} ERROR - ❌ เกิดข้อผิดพลาดในวันที่ 2025-09-22: Message: 
Stacktrace:
#0 0x561387728efe <unknown>
#1 0x56138718a677 <unknown>
#2 0x5613871d534f <unknown>
#3 0x5613871d5521 <unknown>
#4 0x56138721a414 <unknown>
#5 0x5613871f8d5d <unknown>
#6 0x5613872181c4 <unknown>
#7 0x5613871f8b03 <unknown>
#8 0x5613871c9699 <unknown>
#9 0x5613871ca201 <unknown>
#10 0x5613876f383a <unknown>
#11 0x5613876f6c11 <unknown>
#12 0x5613876f66a8 <unknown>
#13 0x5613876f70b5 <unknown>
#14 0x5613876dd41c <unknown>
#15 0x5613876f7431 <unknown>
#16 0x5613876c658a <unknown>
#17 0x561387715f75 <unknown>
#18 0x56138771616e <unknown>
#19 0x5613877279c5 <unknown>
#20 0x7fa9df8f8134 <unknown>

[2025-10-09T16:20:07.532+0000] {scraping_weather.py:108} ERROR - ❌ เกิดข้อผิดพลาดในวันที่ 2025-09-23: Message: 
Stacktrace:
#0 0x561387728efe <unknown>
#1 0x56138718a677 <unknown>
#2 0x5613871d534f <unknown>
#3 0x5613871d5521 <unknown>
#4 0x56138721a414 <unknown>
#5 0x5613871f8d5d <unknown>
#6 0x5613872181c4 <unknown>
#7 0x5613871f8b03 <unknown>
#8 0x5613871c9699 <unknown>
#9 0x5613871ca201 <unknown>
#10 0x5613876f383a <unknown>
#11 0x5613876f6c11 <unknown>
#12 0x5613876f66a8 <unknown>
#13 0x5613876f70b5 <unknown>
#14 0x5613876dd41c <unknown>
#15 0x5613876f7431 <unknown>
#16 0x5613876c658a <unknown>
#17 0x561387715f75 <unknown>
#18 0x56138771616e <unknown>
#19 0x5613877279c5 <unknown>
#20 0x7fa9df8f8134 <unknown>

[2025-10-09T16:20:22.063+0000] {scraping_weather.py:108} ERROR - ❌ เกิดข้อผิดพลาดในวันที่ 2025-09-24: Message: 
Stacktrace:
#0 0x561387728efe <unknown>
#1 0x56138718a677 <unknown>
#2 0x5613871d534f <unknown>
#3 0x5613871d5521 <unknown>
#4 0x56138721a414 <unknown>
#5 0x5613871f8d5d <unknown>
#6 0x5613872181c4 <unknown>
#7 0x5613871f8b03 <unknown>
#8 0x5613871c9699 <unknown>
#9 0x5613871ca201 <unknown>
#10 0x5613876f383a <unknown>
#11 0x5613876f6c11 <unknown>
#12 0x5613876f66a8 <unknown>
#13 0x5613876f70b5 <unknown>
#14 0x5613876dd41c <unknown>
#15 0x5613876f7431 <unknown>
#16 0x5613876c658a <unknown>
#17 0x561387715f75 <unknown>
#18 0x56138771616e <unknown>
#19 0x5613877279c5 <unknown>
#20 0x7fa9df8f8134 <unknown>

[2025-10-09T16:20:36.479+0000] {scraping_weather.py:108} ERROR - ❌ เกิดข้อผิดพลาดในวันที่ 2025-09-25: Message: 
Stacktrace:
#0 0x561387728efe <unknown>
#1 0x56138718a677 <unknown>
#2 0x5613871d534f <unknown>
#3 0x5613871d5521 <unknown>
#4 0x56138721a414 <unknown>
#5 0x5613871f8d5d <unknown>
#6 0x5613872181c4 <unknown>
#7 0x5613871f8b03 <unknown>
#8 0x5613871c9699 <unknown>
#9 0x5613871ca201 <unknown>
#10 0x5613876f383a <unknown>
#11 0x5613876f6c11 <unknown>
#12 0x5613876f66a8 <unknown>
#13 0x5613876f70b5 <unknown>
#14 0x5613876dd41c <unknown>
#15 0x5613876f7431 <unknown>
#16 0x5613876c658a <unknown>
#17 0x561387715f75 <unknown>
#18 0x56138771616e <unknown>
#19 0x5613877279c5 <unknown>
#20 0x7fa9df8f8134 <unknown>

[2025-10-09T16:20:50.006+0000] {scraping_weather.py:108} ERROR - ❌ เกิดข้อผิดพลาดในวันที่ 2025-09-26: Message: 
Stacktrace:
#0 0x561387728efe <unknown>
#1 0x56138718a677 <unknown>
#2 0x5613871d534f <unknown>
#3 0x5613871d5521 <unknown>
#4 0x56138721a414 <unknown>
#5 0x5613871f8d5d <unknown>
#6 0x5613872181c4 <unknown>
#7 0x5613871f8b03 <unknown>
#8 0x5613871c9699 <unknown>
#9 0x5613871ca201 <unknown>
#10 0x5613876f383a <unknown>
#11 0x5613876f6c11 <unknown>
#12 0x5613876f66a8 <unknown>
#13 0x5613876f70b5 <unknown>
#14 0x5613876dd41c <unknown>
#15 0x5613876f7431 <unknown>
#16 0x5613876c658a <unknown>
#17 0x561387715f75 <unknown>
#18 0x56138771616e <unknown>
#19 0x5613877279c5 <unknown>
#20 0x7fa9df8f8134 <unknown>

[2025-10-09T16:21:04.875+0000] {scraping_weather.py:108} ERROR - ❌ เกิดข้อผิดพลาดในวันที่ 2025-09-27: Message: 
Stacktrace:
#0 0x561387728efe <unknown>
#1 0x56138718a677 <unknown>
#2 0x5613871d534f <unknown>
#3 0x5613871d5521 <unknown>
#4 0x56138721a414 <unknown>
#5 0x5613871f8d5d <unknown>
#6 0x5613872181c4 <unknown>
#7 0x5613871f8b03 <unknown>
#8 0x5613871c9699 <unknown>
#9 0x5613871ca201 <unknown>
#10 0x5613876f383a <unknown>
#11 0x5613876f6c11 <unknown>
#12 0x5613876f66a8 <unknown>
#13 0x5613876f70b5 <unknown>
#14 0x5613876dd41c <unknown>
#15 0x5613876f7431 <unknown>
#16 0x5613876c658a <unknown>
#17 0x561387715f75 <unknown>
#18 0x56138771616e <unknown>
#19 0x5613877279c5 <unknown>
#20 0x7fa9df8f8134 <unknown>

[2025-10-09T16:21:17.843+0000] {scraping_weather.py:108} ERROR - ❌ เกิดข้อผิดพลาดในวันที่ 2025-09-28: Message: 
Stacktrace:
#0 0x561387728efe <unknown>
#1 0x56138718a677 <unknown>
#2 0x5613871d534f <unknown>
#3 0x5613871d5521 <unknown>
#4 0x56138721a414 <unknown>
#5 0x5613871f8d5d <unknown>
#6 0x5613872181c4 <unknown>
#7 0x5613871f8b03 <unknown>
#8 0x5613871c9699 <unknown>
#9 0x5613871ca201 <unknown>
#10 0x5613876f383a <unknown>
#11 0x5613876f6c11 <unknown>
#12 0x5613876f66a8 <unknown>
#13 0x5613876f70b5 <unknown>
#14 0x5613876dd41c <unknown>
#15 0x5613876f7431 <unknown>
#16 0x5613876c658a <unknown>
#17 0x561387715f75 <unknown>
#18 0x56138771616e <unknown>
#19 0x5613877279c5 <unknown>
#20 0x7fa9df8f8134 <unknown>

[2025-10-09T16:21:31.894+0000] {scraping_weather.py:108} ERROR - ❌ เกิดข้อผิดพลาดในวันที่ 2025-09-29: Message: 
Stacktrace:
#0 0x561387728efe <unknown>
#1 0x56138718a677 <unknown>
#2 0x5613871d534f <unknown>
#3 0x5613871d5521 <unknown>
#4 0x56138721a414 <unknown>
#5 0x5613871f8d5d <unknown>
#6 0x5613872181c4 <unknown>
#7 0x5613871f8b03 <unknown>
#8 0x5613871c9699 <unknown>
#9 0x5613871ca201 <unknown>
#10 0x5613876f383a <unknown>
#11 0x5613876f6c11 <unknown>
#12 0x5613876f66a8 <unknown>
#13 0x5613876f70b5 <unknown>
#14 0x5613876dd41c <unknown>
#15 0x5613876f7431 <unknown>
#16 0x5613876c658a <unknown>
#17 0x561387715f75 <unknown>
#18 0x56138771616e <unknown>
#19 0x5613877279c5 <unknown>
#20 0x7fa9df8f8134 <unknown>

[2025-10-09T16:21:45.873+0000] {scraping_weather.py:108} ERROR - ❌ เกิดข้อผิดพลาดในวันที่ 2025-09-30: Message: 
Stacktrace:
#0 0x561387728efe <unknown>
#1 0x56138718a677 <unknown>
#2 0x5613871d534f <unknown>
#3 0x5613871d5521 <unknown>
#4 0x56138721a414 <unknown>
#5 0x5613871f8d5d <unknown>
#6 0x5613872181c4 <unknown>
#7 0x5613871f8b03 <unknown>
#8 0x5613871c9699 <unknown>
#9 0x5613871ca201 <unknown>
#10 0x5613876f383a <unknown>
#11 0x5613876f6c11 <unknown>
#12 0x5613876f66a8 <unknown>
#13 0x5613876f70b5 <unknown>
#14 0x5613876dd41c <unknown>
#15 0x5613876f7431 <unknown>
#16 0x5613876c658a <unknown>
#17 0x561387715f75 <unknown>
#18 0x56138771616e <unknown>
#19 0x5613877279c5 <unknown>
#20 0x7fa9df8f8134 <unknown>

[2025-10-09T16:21:46.087+0000] {scraping_weather.py:114} WARNING - ⚠️ ไม่มีข้อมูลทั้งเดือนก่อนหน้า
[2025-10-09T16:21:46.088+0000] {python.py:237} INFO - Done. Returned value was: None
[2025-10-09T16:21:46.089+0000] {taskinstance.py:441} INFO - ::group::Post task execution logs
[2025-10-09T16:21:46.099+0000] {taskinstance.py:1206} INFO - Marking task as SUCCESS. dag_id=songkhla_weather_monthly_automation, task_id=scrape_monthly_average_and_upload, run_id=scheduled__2025-09-01T06:00:00+00:00, execution_date=20250901T060000, start_date=20251009T161418, end_date=20251009T162146
[2025-10-09T16:21:46.137+0000] {local_task_job_runner.py:240} INFO - Task exited with return code 0
[2025-10-09T16:21:46.151+0000] {taskinstance.py:3503} INFO - 0 downstream tasks scheduled from follow-on schedule check
[2025-10-09T16:21:46.157+0000] {local_task_job_runner.py:222} INFO - ::endgroup::
[2025-10-09T16:39:02.071+0000] {local_task_job_runner.py:120} INFO - ::group::Pre task execution logs
[2025-10-09T16:39:02.203+0000] {taskinstance.py:2076} INFO - Dependencies all met for dep_context=non-requeueable deps ti=<TaskInstance: songkhla_weather_monthly_automation.scrape_monthly_average_and_upload scheduled__2025-09-01T06:00:00+00:00 [queued]>
[2025-10-09T16:39:02.217+0000] {taskinstance.py:2076} INFO - Dependencies all met for dep_context=requeueable deps ti=<TaskInstance: songkhla_weather_monthly_automation.scrape_monthly_average_and_upload scheduled__2025-09-01T06:00:00+00:00 [queued]>
[2025-10-09T16:39:02.218+0000] {taskinstance.py:2306} INFO - Starting attempt 1 of 2
[2025-10-09T16:39:02.240+0000] {taskinstance.py:2330} INFO - Executing <Task(PythonOperator): scrape_monthly_average_and_upload> on 2025-09-01 06:00:00+00:00
[2025-10-09T16:39:02.248+0000] {logging_mixin.py:188} WARNING - /home/***/.local/lib/python3.12/site-packages/***/task/task_runner/standard_task_runner.py:61 DeprecationWarning: This process (pid=684) is multi-threaded, use of fork() may lead to deadlocks in the child.
[2025-10-09T16:39:02.248+0000] {standard_task_runner.py:90} INFO - Running: ['***', 'tasks', 'run', 'songkhla_weather_monthly_automation', 'scrape_monthly_average_and_upload', 'scheduled__2025-09-01T06:00:00+00:00', '--job-id', '2', '--raw', '--subdir', 'DAGS_FOLDER/scraping_weather.py', '--cfg-path', '/tmp/tmppczom86e']
[2025-10-09T16:39:02.250+0000] {standard_task_runner.py:63} INFO - Started process 686 to run task
[2025-10-09T16:39:02.250+0000] {standard_task_runner.py:91} INFO - Job 2: Subtask scrape_monthly_average_and_upload
[2025-10-09T16:39:02.295+0000] {task_command.py:426} INFO - Running <TaskInstance: songkhla_weather_monthly_automation.scrape_monthly_average_and_upload scheduled__2025-09-01T06:00:00+00:00 [running]> on host 1b0f4dcb54df
[2025-10-09T16:39:02.381+0000] {taskinstance.py:2648} INFO - Exporting env vars: AIRFLOW_CTX_DAG_OWNER='***' AIRFLOW_CTX_DAG_ID='songkhla_weather_monthly_automation' AIRFLOW_CTX_TASK_ID='scrape_monthly_average_and_upload' AIRFLOW_CTX_EXECUTION_DATE='2025-09-01T06:00:00+00:00' AIRFLOW_CTX_TRY_NUMBER='1' AIRFLOW_CTX_DAG_RUN_ID='scheduled__2025-09-01T06:00:00+00:00'
[2025-10-09T16:39:02.382+0000] {taskinstance.py:430} INFO - ::endgroup::
[2025-10-09T16:39:20.759+0000] {scraping_weather.py:101} INFO - 📅 2025-09-01: {'temperatureF': 82.71, 'humidity_pct': 76.88, 'wind_speed_kmh': 6.88, 'pressure_in': 29.65}
[2025-10-09T16:39:29.769+0000] {scraping_weather.py:101} INFO - 📅 2025-09-02: {'temperatureF': 82.96, 'humidity_pct': 74.19, 'wind_speed_kmh': 4.08, 'pressure_in': 29.67}
[2025-10-09T16:39:39.116+0000] {scraping_weather.py:101} INFO - 📅 2025-09-03: {'temperatureF': 78.33, 'humidity_pct': 86.27, 'wind_speed_kmh': 4.38, 'pressure_in': 29.69}
[2025-10-09T16:39:47.420+0000] {scraping_weather.py:101} INFO - 📅 2025-09-04: {'temperatureF': 79.46, 'humidity_pct': 83.08, 'wind_speed_kmh': 4.6, 'pressure_in': 29.68}
[2025-10-09T16:39:55.806+0000] {scraping_weather.py:101} INFO - 📅 2025-09-05: {'temperatureF': 82.12, 'humidity_pct': 75.88, 'wind_speed_kmh': 6.65, 'pressure_in': 29.68}
[2025-10-09T16:40:05.961+0000] {scraping_weather.py:101} INFO - 📅 2025-09-06: {'temperatureF': 81.42, 'humidity_pct': 82.6, 'wind_speed_kmh': 5.44, 'pressure_in': 29.68}
[2025-10-09T16:40:14.667+0000] {scraping_weather.py:101} INFO - 📅 2025-09-07: {'temperatureF': 80.92, 'humidity_pct': 84.08, 'wind_speed_kmh': 4.1, 'pressure_in': 29.69}
[2025-10-09T16:40:22.352+0000] {scraping_weather.py:101} INFO - 📅 2025-09-08: {'temperatureF': 80.44, 'humidity_pct': 85.79, 'wind_speed_kmh': 3.08, 'pressure_in': 29.68}
[2025-10-09T16:40:31.863+0000] {scraping_weather.py:101} INFO - 📅 2025-09-09: {'temperatureF': 80.1, 'humidity_pct': 80.88, 'wind_speed_kmh': 4.02, 'pressure_in': 29.73}
[2025-10-09T16:40:40.859+0000] {scraping_weather.py:101} INFO - 📅 2025-09-10: {'temperatureF': 81.62, 'humidity_pct': 76.96, 'wind_speed_kmh': 3.17, 'pressure_in': 29.72}
[2025-10-09T16:40:49.819+0000] {scraping_weather.py:101} INFO - 📅 2025-09-11: {'temperatureF': 79.98, 'humidity_pct': 83.31, 'wind_speed_kmh': 3.12, 'pressure_in': 29.71}
[2025-10-09T16:40:57.651+0000] {scraping_weather.py:101} INFO - 📅 2025-09-12: {'temperatureF': 80.1, 'humidity_pct': 83.23, 'wind_speed_kmh': 4.4, 'pressure_in': 29.71}
[2025-10-09T16:41:06.834+0000] {scraping_weather.py:101} INFO - 📅 2025-09-13: {'temperatureF': 77.75, 'humidity_pct': 89.44, 'wind_speed_kmh': 4.67, 'pressure_in': 29.73}
[2025-10-09T16:41:15.653+0000] {scraping_weather.py:101} INFO - 📅 2025-09-14: {'temperatureF': 80.3, 'humidity_pct': 84.04, 'wind_speed_kmh': 3.57, 'pressure_in': 29.72}
[2025-10-09T16:41:25.972+0000] {scraping_weather.py:101} INFO - 📅 2025-09-15: {'temperatureF': 79.88, 'humidity_pct': 83.27, 'wind_speed_kmh': 4.29, 'pressure_in': 29.73}
[2025-10-09T16:41:35.916+0000] {scraping_weather.py:101} INFO - 📅 2025-09-16: {'temperatureF': 82.23, 'humidity_pct': 80.23, 'wind_speed_kmh': 2.94, 'pressure_in': 29.71}
[2025-10-09T16:41:45.627+0000] {scraping_weather.py:101} INFO - 📅 2025-09-17: {'temperatureF': 82.58, 'humidity_pct': 81.29, 'wind_speed_kmh': 4.77, 'pressure_in': 29.7}
[2025-10-09T16:41:53.571+0000] {scraping_weather.py:101} INFO - 📅 2025-09-18: {'temperatureF': 81.27, 'humidity_pct': 84.44, 'wind_speed_kmh': 4.21, 'pressure_in': 29.7}
[2025-10-09T16:42:03.397+0000] {scraping_weather.py:101} INFO - 📅 2025-09-19: {'temperatureF': 83.54, 'humidity_pct': 73.88, 'wind_speed_kmh': 5.42, 'pressure_in': 29.71}
[2025-10-09T16:42:12.688+0000] {scraping_weather.py:101} INFO - 📅 2025-09-20: {'temperatureF': 82.69, 'humidity_pct': 71.92, 'wind_speed_kmh': 5.44, 'pressure_in': 29.71}
[2025-10-09T16:42:22.275+0000] {scraping_weather.py:101} INFO - 📅 2025-09-21: {'temperatureF': 83.02, 'humidity_pct': 70.75, 'wind_speed_kmh': 4.88, 'pressure_in': 29.69}
[2025-10-09T16:41:43.906+0000] {scraping_weather.py:101} INFO - 📅 2025-09-22: {'temperatureF': 82.69, 'humidity_pct': 72.54, 'wind_speed_kmh': 3.25, 'pressure_in': 29.71}
[2025-10-09T16:42:40.969+0000] {scraping_weather.py:101} INFO - 📅 2025-09-23: {'temperatureF': 83.06, 'humidity_pct': 73.25, 'wind_speed_kmh': 6.27, 'pressure_in': 29.71}
[2025-10-09T16:42:49.937+0000] {scraping_weather.py:101} INFO - 📅 2025-09-24: {'temperatureF': 84.31, 'humidity_pct': 70.11, 'wind_speed_kmh': 8.47, 'pressure_in': 29.67}
[2025-10-09T16:42:58.484+0000] {scraping_weather.py:101} INFO - 📅 2025-09-25: {'temperatureF': 84.67, 'humidity_pct': 68.69, 'wind_speed_kmh': 7.25, 'pressure_in': 29.67}
[2025-10-09T16:43:07.659+0000] {scraping_weather.py:101} INFO - 📅 2025-09-26: {'temperatureF': 81.58, 'humidity_pct': 80.48, 'wind_speed_kmh': 2.69, 'pressure_in': 29.7}
[2025-10-09T16:43:16.590+0000] {scraping_weather.py:101} INFO - 📅 2025-09-27: {'temperatureF': 82.85, 'humidity_pct': 78.04, 'wind_speed_kmh': 2.96, 'pressure_in': 29.71}
[2025-10-09T16:43:25.001+0000] {scraping_weather.py:101} INFO - 📅 2025-09-28: {'temperatureF': 79.83, 'humidity_pct': 83.73, 'wind_speed_kmh': 5.9, 'pressure_in': 29.68}
[2025-10-09T16:43:36.144+0000] {scraping_weather.py:101} INFO - 📅 2025-09-29: {'temperatureF': 76.5, 'humidity_pct': 90.15, 'wind_speed_kmh': 5.69, 'pressure_in': 29.69}
[2025-10-09T16:43:46.887+0000] {scraping_weather.py:101} INFO - 📅 2025-09-30: {'temperatureF': 81.68, 'humidity_pct': 79.68, 'wind_speed_kmh': 2.62, 'pressure_in': 29.69}
[2025-10-09T16:43:48.071+0000] {scraping_weather.py:119} INFO - 📊 ค่าเฉลี่ยรายเดือน 2025-09: {'temperatureF': 81.35, 'humidity_pct': 79.64, 'wind_speed_kmh': 4.64, 'pressure_in': 29.7}
[2025-10-09T16:43:48.078+0000] {taskinstance.py:441} INFO - ::group::Post task execution logs
[2025-10-09T16:43:48.084+0000] {taskinstance.py:2905} ERROR - Task failed with exception
Traceback (most recent call last):
  File "/home/airflow/.local/lib/python3.12/site-packages/airflow/models/taskinstance.py", line 465, in _execute_task
    result = _execute_callable(context=context, **execute_callable_kwargs)
             ^^^^^^^^^^^^^^^^^^^^^^^^^^^^^^^^^^^^^^^^^^^^^^^^^^^^^^^^^^^^^
  File "/home/airflow/.local/lib/python3.12/site-packages/airflow/models/taskinstance.py", line 432, in _execute_callable
    return execute_callable(context=context, **execute_callable_kwargs)
           ^^^^^^^^^^^^^^^^^^^^^^^^^^^^^^^^^^^^^^^^^^^^^^^^^^^^^^^^^^^^
  File "/home/airflow/.local/lib/python3.12/site-packages/airflow/models/baseoperator.py", line 401, in wrapper
    return func(self, *args, **kwargs)
           ^^^^^^^^^^^^^^^^^^^^^^^^^^^
  File "/home/airflow/.local/lib/python3.12/site-packages/airflow/operators/python.py", line 235, in execute
    return_value = self.execute_callable()
                   ^^^^^^^^^^^^^^^^^^^^^^^
  File "/home/airflow/.local/lib/python3.12/site-packages/airflow/operators/python.py", line 252, in execute_callable
    return self.python_callable(*self.op_args, **self.op_kwargs)
           ^^^^^^^^^^^^^^^^^^^^^^^^^^^^^^^^^^^^^^^^^^^^^^^^^^^^^
  File "/opt/airflow/dags/scraping_weather.py", line 121, in scrape_monthly_average_and_upload
    create_monthly_table_if_not_exists()
  File "/opt/airflow/dags/scraping_weather.py", line 24, in create_monthly_table_if_not_exists
    conn = pg_hook.get_conn()
           ^^^^^^^^^^^^^^^^^^
  File "/home/airflow/.local/lib/python3.12/site-packages/airflow/providers/postgres/hooks/postgres.py", line 145, in get_conn
    conn = deepcopy(self.connection or self.get_connection(conn_id))
                                       ^^^^^^^^^^^^^^^^^^^^^^^^^^^^
  File "/home/airflow/.local/lib/python3.12/site-packages/airflow/hooks/base.py", line 83, in get_connection
    conn = Connection.get_connection_from_secrets(conn_id)
           ^^^^^^^^^^^^^^^^^^^^^^^^^^^^^^^^^^^^^^^^^^^^^^^
  File "/home/airflow/.local/lib/python3.12/site-packages/airflow/models/connection.py", line 519, in get_connection_from_secrets
    raise AirflowNotFoundException(f"The conn_id `{conn_id}` isn't defined")
airflow.exceptions.AirflowNotFoundException: The conn_id `my_postgres_db` isn't defined
[2025-10-09T16:43:48.091+0000] {taskinstance.py:1206} INFO - Marking task as UP_FOR_RETRY. dag_id=songkhla_weather_monthly_automation, task_id=scrape_monthly_average_and_upload, run_id=scheduled__2025-09-01T06:00:00+00:00, execution_date=20250901T060000, start_date=20251009T163902, end_date=20251009T164348
[2025-10-09T16:43:48.103+0000] {standard_task_runner.py:110} ERROR - Failed to execute job 2 for task scrape_monthly_average_and_upload (The conn_id `my_postgres_db` isn't defined; 686)
[2025-10-09T16:43:48.114+0000] {local_task_job_runner.py:240} INFO - Task exited with return code 1
[2025-10-09T16:43:48.125+0000] {taskinstance.py:3503} INFO - 0 downstream tasks scheduled from follow-on schedule check
[2025-10-09T16:43:48.127+0000] {local_task_job_runner.py:222} INFO - ::endgroup::
