[2025-09-19T12:48:58.803+0000] {local_task_job_runner.py:120} INFO - ::group::Pre task execution logs
[2025-09-19T12:48:58.847+0000] {taskinstance.py:2076} INFO - Dependencies all met for dep_context=non-requeueable deps ti=<TaskInstance: timeseries_pipeline.forecast_7days manual__2025-09-19T12:48:37.074377+00:00 [queued]>
[2025-09-19T12:48:58.860+0000] {taskinstance.py:2076} INFO - Dependencies all met for dep_context=requeueable deps ti=<TaskInstance: timeseries_pipeline.forecast_7days manual__2025-09-19T12:48:37.074377+00:00 [queued]>
[2025-09-19T12:48:58.862+0000] {taskinstance.py:2306} INFO - Starting attempt 1 of 1
[2025-09-19T12:48:58.886+0000] {taskinstance.py:2330} INFO - Executing <Task(PythonOperator): forecast_7days> on 2025-09-19 12:48:37.074377+00:00
[2025-09-19T12:48:58.901+0000] {logging_mixin.py:188} WARNING - /home/***/.local/lib/python3.12/site-packages/***/task/task_runner/standard_task_runner.py:61 DeprecationWarning: This process (pid=632) is multi-threaded, use of fork() may lead to deadlocks in the child.
[2025-09-19T12:48:58.903+0000] {standard_task_runner.py:63} INFO - Started process 635 to run task
[2025-09-19T12:48:58.901+0000] {standard_task_runner.py:90} INFO - Running: ['***', 'tasks', 'run', 'timeseries_pipeline', 'forecast_7days', 'manual__2025-09-19T12:48:37.074377+00:00', '--job-id', '33', '--raw', '--subdir', 'DAGS_FOLDER/timeseries_pipeline.py', '--cfg-path', '/tmp/tmppxffbk_1']
[2025-09-19T12:48:58.905+0000] {standard_task_runner.py:91} INFO - Job 33: Subtask forecast_7days
[2025-09-19T12:48:58.969+0000] {task_command.py:426} INFO - Running <TaskInstance: timeseries_pipeline.forecast_7days manual__2025-09-19T12:48:37.074377+00:00 [running]> on host 0035d074727e
[2025-09-19T12:48:59.079+0000] {taskinstance.py:2648} INFO - Exporting env vars: AIRFLOW_CTX_DAG_OWNER='***' AIRFLOW_CTX_DAG_ID='timeseries_pipeline' AIRFLOW_CTX_TASK_ID='forecast_7days' AIRFLOW_CTX_EXECUTION_DATE='2025-09-19T12:48:37.074377+00:00' AIRFLOW_CTX_TRY_NUMBER='1' AIRFLOW_CTX_DAG_RUN_ID='manual__2025-09-19T12:48:37.074377+00:00'
[2025-09-19T12:48:59.083+0000] {taskinstance.py:430} INFO - ::endgroup::
[2025-09-19T12:48:59.102+0000] {logging_mixin.py:188} INFO - 📈 Starting Prophet forecast ...
[2025-09-19T12:49:00.804+0000] {logging_mixin.py:188} INFO - 📊 Data received for forecast:
[2025-09-19T12:49:00.814+0000] {logging_mixin.py:188} INFO -           ds         y
0 2014-01-02   25.3600
1 2014-01-02   79.0185
2 2014-01-02  109.7400
3 2014-01-02   51.9800
4 2014-01-02   69.8900
[2025-09-19T12:49:03.172+0000] {filesystem.py:118} DEBUG - input tempfile: /tmp/tmpam2wn30l/v40t011y.json
[2025-09-19T12:49:57.079+0000] {filesystem.py:118} DEBUG - input tempfile: /tmp/tmpam2wn30l/h57tkez9.json
[2025-09-19T12:49:57.083+0000] {model.py:2042} DEBUG - idx 0
[2025-09-19T12:49:57.087+0000] {model.py:2043} DEBUG - running CmdStan, num_threads: None
[2025-09-19T12:49:57.087+0000] {model.py:2055} DEBUG - CmdStan args: ['/home/***/.local/lib/python3.12/site-packages/prophet/stan_model/prophet_model.bin', 'random', 'seed=3957', 'data', 'file=/tmp/tmpam2wn30l/v40t011y.json', 'init=/tmp/tmpam2wn30l/h57tkez9.json', 'output', 'file=/tmp/tmpam2wn30l/prophet_modelceagq5xr/prophet_model-20250919124957.csv', 'method=optimize', 'algorithm=lbfgs', 'iter=10000']
[2025-09-19T12:49:57.089+0000] {logging_mixin.py:188} WARNING - 12:49:57 - cmdstanpy - INFO - Chain [1] start processing
[2025-09-19T12:49:57.088+0000] {model.py:2058} INFO - Chain [1] start processing
[2025-09-19T12:50:40.069+0000] {logging_mixin.py:188} WARNING - 12:50:40 - cmdstanpy - INFO - Chain [1] done processing
[2025-09-19T12:50:40.069+0000] {model.py:2115} INFO - Chain [1] done processing
[2025-09-19T12:50:42.322+0000] {logging_mixin.py:188} INFO - ✅ Forecasted values (last 10 rows):
[2025-09-19T12:50:42.334+0000] {logging_mixin.py:188} INFO -              ds        yhat  yhat_lower  yhat_upper
1004 2017-12-27  105.837650  -23.426638  231.861920
1005 2017-12-28  105.787943  -22.525506  227.151057
1006 2017-12-29  105.747403  -23.014369  244.047518
1007 2017-12-30   99.224511  -31.692997  231.235501
1008 2017-12-31   99.172429  -32.432701  226.368008
1009 2018-01-01  105.533668  -19.169952  227.750655
1010 2018-01-02  105.480931  -21.523950  231.701033
1011 2018-01-03  105.475858  -30.674743  230.519298
1012 2018-01-04  105.393658  -17.706455  234.034641
1013 2018-01-05  105.322416  -24.683427  241.515627
[2025-09-19T12:50:42.449+0000] {python.py:237} INFO - Done. Returned value was: [{'ds': '2017-12-30', 'yhat': 99.22451075877606}, {'ds': '2017-12-31', 'yhat': 99.17242945093585}, {'ds': '2018-01-01', 'yhat': 105.53366823227806}, {'ds': '2018-01-02', 'yhat': 105.48093116465765}, {'ds': '2018-01-03', 'yhat': 105.47585760195322}, {'ds': '2018-01-04', 'yhat': 105.39365792957804}, {'ds': '2018-01-05', 'yhat': 105.32241639667228}]
[2025-09-19T12:50:42.451+0000] {taskinstance.py:441} INFO - ::group::Post task execution logs
[2025-09-19T12:50:42.510+0000] {taskinstance.py:1206} INFO - Marking task as SUCCESS. dag_id=timeseries_pipeline, task_id=forecast_7days, run_id=manual__2025-09-19T12:48:37.074377+00:00, execution_date=20250919T124837, start_date=20250919T124858, end_date=20250919T125042
[2025-09-19T12:50:42.593+0000] {local_task_job_runner.py:240} INFO - Task exited with return code 0
[2025-09-19T12:50:42.619+0000] {taskinstance.py:3503} INFO - 1 downstream tasks scheduled from follow-on schedule check
[2025-09-19T12:50:42.623+0000] {local_task_job_runner.py:222} INFO - ::endgroup::
