[2025-09-19T13:57:03.377+0000] {local_task_job_runner.py:120} INFO - ::group::Pre task execution logs
[2025-09-19T13:57:03.408+0000] {taskinstance.py:2076} INFO - Dependencies all met for dep_context=non-requeueable deps ti=<TaskInstance: timeseries_pipeline.check_file_exists manual__2025-09-19T13:57:01.683273+00:00 [queued]>
[2025-09-19T13:57:03.416+0000] {taskinstance.py:2076} INFO - Dependencies all met for dep_context=requeueable deps ti=<TaskInstance: timeseries_pipeline.check_file_exists manual__2025-09-19T13:57:01.683273+00:00 [queued]>
[2025-09-19T13:57:03.417+0000] {taskinstance.py:2306} INFO - Starting attempt 1 of 1
[2025-09-19T13:57:03.438+0000] {taskinstance.py:2330} INFO - Executing <Task(PythonOperator): check_file_exists> on 2025-09-19 13:57:01.683273+00:00
[2025-09-19T13:57:03.451+0000] {standard_task_runner.py:90} INFO - Running: ['***', 'tasks', 'run', 'timeseries_pipeline', 'check_file_exists', 'manual__2025-09-19T13:57:01.683273+00:00', '--job-id', '53', '--raw', '--subdir', 'DAGS_FOLDER/timeseries_pipeline.py', '--cfg-path', '/tmp/tmp04w4wdgx']
[2025-09-19T13:57:03.453+0000] {logging_mixin.py:188} WARNING - /home/***/.local/lib/python3.12/site-packages/***/task/task_runner/standard_task_runner.py:61 DeprecationWarning: This process (pid=548) is multi-threaded, use of fork() may lead to deadlocks in the child.
[2025-09-19T13:57:03.455+0000] {standard_task_runner.py:91} INFO - Job 53: Subtask check_file_exists
[2025-09-19T13:57:03.455+0000] {standard_task_runner.py:63} INFO - Started process 551 to run task
[2025-09-19T13:57:03.516+0000] {task_command.py:426} INFO - Running <TaskInstance: timeseries_pipeline.check_file_exists manual__2025-09-19T13:57:01.683273+00:00 [running]> on host 0e2ba368a558
[2025-09-19T13:57:03.617+0000] {taskinstance.py:2648} INFO - Exporting env vars: AIRFLOW_CTX_DAG_OWNER='***' AIRFLOW_CTX_DAG_ID='timeseries_pipeline' AIRFLOW_CTX_TASK_ID='check_file_exists' AIRFLOW_CTX_EXECUTION_DATE='2025-09-19T13:57:01.683273+00:00' AIRFLOW_CTX_TRY_NUMBER='1' AIRFLOW_CTX_DAG_RUN_ID='manual__2025-09-19T13:57:01.683273+00:00'
[2025-09-19T13:57:03.619+0000] {taskinstance.py:430} INFO - ::endgroup::
[2025-09-19T13:57:03.694+0000] {logging_mixin.py:188} INFO - 📊 Columns in CSV: ['datesold', 'postcode', 'price', 'propertyType', 'bedrooms']
[2025-09-19T13:57:03.695+0000] {logging_mixin.py:188} INFO - 🔍 First rows:
[2025-09-19T13:57:03.701+0000] {logging_mixin.py:188} INFO -                datesold  postcode   price propertyType  bedrooms
0  2007-02-07 00:00:00      2607  525000        house         4
1  2007-02-27 00:00:00      2906  290000        house         3
2  2007-03-07 00:00:00      2905  328000        house         3
3  2007-03-09 00:00:00      2905  380000        house         4
4  2007-03-21 00:00:00      2906  310000        house         3
[2025-09-19T13:57:03.705+0000] {python.py:237} INFO - Done. Returned value was: None
[2025-09-19T13:57:03.707+0000] {taskinstance.py:441} INFO - ::group::Post task execution logs
[2025-09-19T13:57:03.715+0000] {taskinstance.py:1206} INFO - Marking task as SUCCESS. dag_id=timeseries_pipeline, task_id=check_file_exists, run_id=manual__2025-09-19T13:57:01.683273+00:00, execution_date=20250919T135701, start_date=20250919T135703, end_date=20250919T135703
[2025-09-19T13:57:03.750+0000] {local_task_job_runner.py:240} INFO - Task exited with return code 0
[2025-09-19T13:57:03.783+0000] {taskinstance.py:3503} INFO - 1 downstream tasks scheduled from follow-on schedule check
[2025-09-19T13:57:03.786+0000] {local_task_job_runner.py:222} INFO - ::endgroup::
