[2025-10-09T16:14:20.768+0000] {local_task_job_runner.py:120} INFO - ::group::Pre task execution logs
[2025-10-09T16:14:20.896+0000] {taskinstance.py:2076} INFO - Dependencies all met for dep_context=non-requeueable deps ti=<TaskInstance: songkhla_weather_monthly_automation.scrape_monthly_average_and_upload manual__2025-10-09T16:14:20.093584+00:00 [queued]>
[2025-10-09T16:14:20.906+0000] {taskinstance.py:2076} INFO - Dependencies all met for dep_context=requeueable deps ti=<TaskInstance: songkhla_weather_monthly_automation.scrape_monthly_average_and_upload manual__2025-10-09T16:14:20.093584+00:00 [queued]>
[2025-10-09T16:14:20.908+0000] {taskinstance.py:2306} INFO - Starting attempt 1 of 2
[2025-10-09T16:14:20.920+0000] {taskinstance.py:2330} INFO - Executing <Task(PythonOperator): scrape_monthly_average_and_upload> on 2025-10-09 16:14:20.093584+00:00
[2025-10-09T16:14:20.927+0000] {logging_mixin.py:188} WARNING - /home/***/.local/lib/python3.12/site-packages/***/task/task_runner/standard_task_runner.py:61 DeprecationWarning: This process (pid=403) is multi-threaded, use of fork() may lead to deadlocks in the child.
[2025-10-09T16:14:20.928+0000] {standard_task_runner.py:63} INFO - Started process 405 to run task
[2025-10-09T16:14:20.927+0000] {standard_task_runner.py:90} INFO - Running: ['***', 'tasks', 'run', 'songkhla_weather_monthly_automation', 'scrape_monthly_average_and_upload', 'manual__2025-10-09T16:14:20.093584+00:00', '--job-id', '4', '--raw', '--subdir', 'DAGS_FOLDER/scraping_weather.py', '--cfg-path', '/tmp/tmpe7mt5onw']
[2025-10-09T16:14:20.929+0000] {standard_task_runner.py:91} INFO - Job 4: Subtask scrape_monthly_average_and_upload
[2025-10-09T16:14:20.968+0000] {task_command.py:426} INFO - Running <TaskInstance: songkhla_weather_monthly_automation.scrape_monthly_average_and_upload manual__2025-10-09T16:14:20.093584+00:00 [running]> on host ad4d0fe7e1fd
[2025-10-09T16:14:21.043+0000] {taskinstance.py:2648} INFO - Exporting env vars: AIRFLOW_CTX_DAG_OWNER='***' AIRFLOW_CTX_DAG_ID='songkhla_weather_monthly_automation' AIRFLOW_CTX_TASK_ID='scrape_monthly_average_and_upload' AIRFLOW_CTX_EXECUTION_DATE='2025-10-09T16:14:20.093584+00:00' AIRFLOW_CTX_TRY_NUMBER='1' AIRFLOW_CTX_DAG_RUN_ID='manual__2025-10-09T16:14:20.093584+00:00'
[2025-10-09T16:14:21.044+0000] {taskinstance.py:430} INFO - ::endgroup::
[2025-10-09T16:14:46.757+0000] {scraping_weather.py:108} ERROR - ❌ เกิดข้อผิดพลาดในวันที่ 2025-09-01: Message: 
Stacktrace:
#0 0x55fe1f052efe <unknown>
#1 0x55fe1eab4677 <unknown>
#2 0x55fe1eaff34f <unknown>
#3 0x55fe1eaff521 <unknown>
#4 0x55fe1eb44414 <unknown>
#5 0x55fe1eb22d5d <unknown>
#6 0x55fe1eb421c4 <unknown>
#7 0x55fe1eb22b03 <unknown>
#8 0x55fe1eaf3699 <unknown>
#9 0x55fe1eaf4201 <unknown>
#10 0x55fe1f01d83a <unknown>
#11 0x55fe1f020c11 <unknown>
#12 0x55fe1f0206a8 <unknown>
#13 0x55fe1f0210b5 <unknown>
#14 0x55fe1f00741c <unknown>
#15 0x55fe1f021431 <unknown>
#16 0x55fe1eff058a <unknown>
#17 0x55fe1f03ff75 <unknown>
#18 0x55fe1f04016e <unknown>
#19 0x55fe1f0519c5 <unknown>
#20 0x7f3e719b2134 <unknown>

[2025-10-09T16:15:05.101+0000] {scraping_weather.py:108} ERROR - ❌ เกิดข้อผิดพลาดในวันที่ 2025-09-02: Message: 
Stacktrace:
#0 0x55fe1f052efe <unknown>
#1 0x55fe1eab4677 <unknown>
#2 0x55fe1eaff34f <unknown>
#3 0x55fe1eaff521 <unknown>
#4 0x55fe1eb44414 <unknown>
#5 0x55fe1eb22d5d <unknown>
#6 0x55fe1eb421c4 <unknown>
#7 0x55fe1eb22b03 <unknown>
#8 0x55fe1eaf3699 <unknown>
#9 0x55fe1eaf4201 <unknown>
#10 0x55fe1f01d83a <unknown>
#11 0x55fe1f020c11 <unknown>
#12 0x55fe1f0206a8 <unknown>
#13 0x55fe1f0210b5 <unknown>
#14 0x55fe1f00741c <unknown>
#15 0x55fe1f021431 <unknown>
#16 0x55fe1eff058a <unknown>
#17 0x55fe1f03ff75 <unknown>
#18 0x55fe1f04016e <unknown>
#19 0x55fe1f0519c5 <unknown>
#20 0x7f3e719b2134 <unknown>

[2025-10-09T16:15:19.931+0000] {scraping_weather.py:108} ERROR - ❌ เกิดข้อผิดพลาดในวันที่ 2025-09-03: Message: 
Stacktrace:
#0 0x55fe1f052efe <unknown>
#1 0x55fe1eab4677 <unknown>
#2 0x55fe1eaff34f <unknown>
#3 0x55fe1eaff521 <unknown>
#4 0x55fe1eb44414 <unknown>
#5 0x55fe1eb22d5d <unknown>
#6 0x55fe1eb421c4 <unknown>
#7 0x55fe1eb22b03 <unknown>
#8 0x55fe1eaf3699 <unknown>
#9 0x55fe1eaf4201 <unknown>
#10 0x55fe1f01d83a <unknown>
#11 0x55fe1f020c11 <unknown>
#12 0x55fe1f0206a8 <unknown>
#13 0x55fe1f0210b5 <unknown>
#14 0x55fe1f00741c <unknown>
#15 0x55fe1f021431 <unknown>
#16 0x55fe1eff058a <unknown>
#17 0x55fe1f03ff75 <unknown>
#18 0x55fe1f04016e <unknown>
#19 0x55fe1f0519c5 <unknown>
#20 0x7f3e719b2134 <unknown>

[2025-10-09T16:15:35.802+0000] {scraping_weather.py:108} ERROR - ❌ เกิดข้อผิดพลาดในวันที่ 2025-09-04: Message: 
Stacktrace:
#0 0x55fe1f052efe <unknown>
#1 0x55fe1eab4677 <unknown>
#2 0x55fe1eaff34f <unknown>
#3 0x55fe1eaff521 <unknown>
#4 0x55fe1eb44414 <unknown>
#5 0x55fe1eb22d5d <unknown>
#6 0x55fe1eb421c4 <unknown>
#7 0x55fe1eb22b03 <unknown>
#8 0x55fe1eaf3699 <unknown>
#9 0x55fe1eaf4201 <unknown>
#10 0x55fe1f01d83a <unknown>
#11 0x55fe1f020c11 <unknown>
#12 0x55fe1f0206a8 <unknown>
#13 0x55fe1f0210b5 <unknown>
#14 0x55fe1f00741c <unknown>
#15 0x55fe1f021431 <unknown>
#16 0x55fe1eff058a <unknown>
#17 0x55fe1f03ff75 <unknown>
#18 0x55fe1f04016e <unknown>
#19 0x55fe1f0519c5 <unknown>
#20 0x7f3e719b2134 <unknown>

[2025-10-09T16:15:49.246+0000] {scraping_weather.py:108} ERROR - ❌ เกิดข้อผิดพลาดในวันที่ 2025-09-05: Message: 
Stacktrace:
#0 0x55fe1f052efe <unknown>
#1 0x55fe1eab4677 <unknown>
#2 0x55fe1eaff34f <unknown>
#3 0x55fe1eaff521 <unknown>
#4 0x55fe1eb44414 <unknown>
#5 0x55fe1eb22d5d <unknown>
#6 0x55fe1eb421c4 <unknown>
#7 0x55fe1eb22b03 <unknown>
#8 0x55fe1eaf3699 <unknown>
#9 0x55fe1eaf4201 <unknown>
#10 0x55fe1f01d83a <unknown>
#11 0x55fe1f020c11 <unknown>
#12 0x55fe1f0206a8 <unknown>
#13 0x55fe1f0210b5 <unknown>
#14 0x55fe1f00741c <unknown>
#15 0x55fe1f021431 <unknown>
#16 0x55fe1eff058a <unknown>
#17 0x55fe1f03ff75 <unknown>
#18 0x55fe1f04016e <unknown>
#19 0x55fe1f0519c5 <unknown>
#20 0x7f3e719b2134 <unknown>

[2025-10-09T16:16:03.174+0000] {scraping_weather.py:108} ERROR - ❌ เกิดข้อผิดพลาดในวันที่ 2025-09-06: Message: 
Stacktrace:
#0 0x55fe1f052efe <unknown>
#1 0x55fe1eab4677 <unknown>
#2 0x55fe1eaff34f <unknown>
#3 0x55fe1eaff521 <unknown>
#4 0x55fe1eb44414 <unknown>
#5 0x55fe1eb22d5d <unknown>
#6 0x55fe1eb421c4 <unknown>
#7 0x55fe1eb22b03 <unknown>
#8 0x55fe1eaf3699 <unknown>
#9 0x55fe1eaf4201 <unknown>
#10 0x55fe1f01d83a <unknown>
#11 0x55fe1f020c11 <unknown>
#12 0x55fe1f0206a8 <unknown>
#13 0x55fe1f0210b5 <unknown>
#14 0x55fe1f00741c <unknown>
#15 0x55fe1f021431 <unknown>
#16 0x55fe1eff058a <unknown>
#17 0x55fe1f03ff75 <unknown>
#18 0x55fe1f04016e <unknown>
#19 0x55fe1f0519c5 <unknown>
#20 0x7f3e719b2134 <unknown>

[2025-10-09T16:16:18.119+0000] {scraping_weather.py:108} ERROR - ❌ เกิดข้อผิดพลาดในวันที่ 2025-09-07: Message: 
Stacktrace:
#0 0x55fe1f052efe <unknown>
#1 0x55fe1eab4677 <unknown>
#2 0x55fe1eaff34f <unknown>
#3 0x55fe1eaff521 <unknown>
#4 0x55fe1eb44414 <unknown>
#5 0x55fe1eb22d5d <unknown>
#6 0x55fe1eb421c4 <unknown>
#7 0x55fe1eb22b03 <unknown>
#8 0x55fe1eaf3699 <unknown>
#9 0x55fe1eaf4201 <unknown>
#10 0x55fe1f01d83a <unknown>
#11 0x55fe1f020c11 <unknown>
#12 0x55fe1f0206a8 <unknown>
#13 0x55fe1f0210b5 <unknown>
#14 0x55fe1f00741c <unknown>
#15 0x55fe1f021431 <unknown>
#16 0x55fe1eff058a <unknown>
#17 0x55fe1f03ff75 <unknown>
#18 0x55fe1f04016e <unknown>
#19 0x55fe1f0519c5 <unknown>
#20 0x7f3e719b2134 <unknown>

[2025-10-09T16:16:32.665+0000] {scraping_weather.py:108} ERROR - ❌ เกิดข้อผิดพลาดในวันที่ 2025-09-08: Message: 
Stacktrace:
#0 0x55fe1f052efe <unknown>
#1 0x55fe1eab4677 <unknown>
#2 0x55fe1eaff34f <unknown>
#3 0x55fe1eaff521 <unknown>
#4 0x55fe1eb44414 <unknown>
#5 0x55fe1eb22d5d <unknown>
#6 0x55fe1eb421c4 <unknown>
#7 0x55fe1eb22b03 <unknown>
#8 0x55fe1eaf3699 <unknown>
#9 0x55fe1eaf4201 <unknown>
#10 0x55fe1f01d83a <unknown>
#11 0x55fe1f020c11 <unknown>
#12 0x55fe1f0206a8 <unknown>
#13 0x55fe1f0210b5 <unknown>
#14 0x55fe1f00741c <unknown>
#15 0x55fe1f021431 <unknown>
#16 0x55fe1eff058a <unknown>
#17 0x55fe1f03ff75 <unknown>
#18 0x55fe1f04016e <unknown>
#19 0x55fe1f0519c5 <unknown>
#20 0x7f3e719b2134 <unknown>

[2025-10-09T16:16:47.668+0000] {scraping_weather.py:108} ERROR - ❌ เกิดข้อผิดพลาดในวันที่ 2025-09-09: Message: 
Stacktrace:
#0 0x55fe1f052efe <unknown>
#1 0x55fe1eab4677 <unknown>
#2 0x55fe1eaff34f <unknown>
#3 0x55fe1eaff521 <unknown>
#4 0x55fe1eb44414 <unknown>
#5 0x55fe1eb22d5d <unknown>
#6 0x55fe1eb421c4 <unknown>
#7 0x55fe1eb22b03 <unknown>
#8 0x55fe1eaf3699 <unknown>
#9 0x55fe1eaf4201 <unknown>
#10 0x55fe1f01d83a <unknown>
#11 0x55fe1f020c11 <unknown>
#12 0x55fe1f0206a8 <unknown>
#13 0x55fe1f0210b5 <unknown>
#14 0x55fe1f00741c <unknown>
#15 0x55fe1f021431 <unknown>
#16 0x55fe1eff058a <unknown>
#17 0x55fe1f03ff75 <unknown>
#18 0x55fe1f04016e <unknown>
#19 0x55fe1f0519c5 <unknown>
#20 0x7f3e719b2134 <unknown>

[2025-10-09T16:17:01.791+0000] {scraping_weather.py:108} ERROR - ❌ เกิดข้อผิดพลาดในวันที่ 2025-09-10: Message: 
Stacktrace:
#0 0x55fe1f052efe <unknown>
#1 0x55fe1eab4677 <unknown>
#2 0x55fe1eaff34f <unknown>
#3 0x55fe1eaff521 <unknown>
#4 0x55fe1eb44414 <unknown>
#5 0x55fe1eb22d5d <unknown>
#6 0x55fe1eb421c4 <unknown>
#7 0x55fe1eb22b03 <unknown>
#8 0x55fe1eaf3699 <unknown>
#9 0x55fe1eaf4201 <unknown>
#10 0x55fe1f01d83a <unknown>
#11 0x55fe1f020c11 <unknown>
#12 0x55fe1f0206a8 <unknown>
#13 0x55fe1f0210b5 <unknown>
#14 0x55fe1f00741c <unknown>
#15 0x55fe1f021431 <unknown>
#16 0x55fe1eff058a <unknown>
#17 0x55fe1f03ff75 <unknown>
#18 0x55fe1f04016e <unknown>
#19 0x55fe1f0519c5 <unknown>
#20 0x7f3e719b2134 <unknown>

[2025-10-09T16:17:16.064+0000] {scraping_weather.py:108} ERROR - ❌ เกิดข้อผิดพลาดในวันที่ 2025-09-11: Message: 
Stacktrace:
#0 0x55fe1f052efe <unknown>
#1 0x55fe1eab4677 <unknown>
#2 0x55fe1eaff34f <unknown>
#3 0x55fe1eaff521 <unknown>
#4 0x55fe1eb44414 <unknown>
#5 0x55fe1eb22d5d <unknown>
#6 0x55fe1eb421c4 <unknown>
#7 0x55fe1eb22b03 <unknown>
#8 0x55fe1eaf3699 <unknown>
#9 0x55fe1eaf4201 <unknown>
#10 0x55fe1f01d83a <unknown>
#11 0x55fe1f020c11 <unknown>
#12 0x55fe1f0206a8 <unknown>
#13 0x55fe1f0210b5 <unknown>
#14 0x55fe1f00741c <unknown>
#15 0x55fe1f021431 <unknown>
#16 0x55fe1eff058a <unknown>
#17 0x55fe1f03ff75 <unknown>
#18 0x55fe1f04016e <unknown>
#19 0x55fe1f0519c5 <unknown>
#20 0x7f3e719b2134 <unknown>

[2025-10-09T16:17:30.771+0000] {scraping_weather.py:108} ERROR - ❌ เกิดข้อผิดพลาดในวันที่ 2025-09-12: Message: 
Stacktrace:
#0 0x55fe1f052efe <unknown>
#1 0x55fe1eab4677 <unknown>
#2 0x55fe1eaff34f <unknown>
#3 0x55fe1eaff521 <unknown>
#4 0x55fe1eb44414 <unknown>
#5 0x55fe1eb22d5d <unknown>
#6 0x55fe1eb421c4 <unknown>
#7 0x55fe1eb22b03 <unknown>
#8 0x55fe1eaf3699 <unknown>
#9 0x55fe1eaf4201 <unknown>
#10 0x55fe1f01d83a <unknown>
#11 0x55fe1f020c11 <unknown>
#12 0x55fe1f0206a8 <unknown>
#13 0x55fe1f0210b5 <unknown>
#14 0x55fe1f00741c <unknown>
#15 0x55fe1f021431 <unknown>
#16 0x55fe1eff058a <unknown>
#17 0x55fe1f03ff75 <unknown>
#18 0x55fe1f04016e <unknown>
#19 0x55fe1f0519c5 <unknown>
#20 0x7f3e719b2134 <unknown>

[2025-10-09T16:17:44.341+0000] {scraping_weather.py:108} ERROR - ❌ เกิดข้อผิดพลาดในวันที่ 2025-09-13: Message: 
Stacktrace:
#0 0x55fe1f052efe <unknown>
#1 0x55fe1eab4677 <unknown>
#2 0x55fe1eaff34f <unknown>
#3 0x55fe1eaff521 <unknown>
#4 0x55fe1eb44414 <unknown>
#5 0x55fe1eb22d5d <unknown>
#6 0x55fe1eb421c4 <unknown>
#7 0x55fe1eb22b03 <unknown>
#8 0x55fe1eaf3699 <unknown>
#9 0x55fe1eaf4201 <unknown>
#10 0x55fe1f01d83a <unknown>
#11 0x55fe1f020c11 <unknown>
#12 0x55fe1f0206a8 <unknown>
#13 0x55fe1f0210b5 <unknown>
#14 0x55fe1f00741c <unknown>
#15 0x55fe1f021431 <unknown>
#16 0x55fe1eff058a <unknown>
#17 0x55fe1f03ff75 <unknown>
#18 0x55fe1f04016e <unknown>
#19 0x55fe1f0519c5 <unknown>
#20 0x7f3e719b2134 <unknown>

[2025-10-09T16:18:00.068+0000] {scraping_weather.py:108} ERROR - ❌ เกิดข้อผิดพลาดในวันที่ 2025-09-14: Message: 
Stacktrace:
#0 0x55fe1f052efe <unknown>
#1 0x55fe1eab4677 <unknown>
#2 0x55fe1eaff34f <unknown>
#3 0x55fe1eaff521 <unknown>
#4 0x55fe1eb44414 <unknown>
#5 0x55fe1eb22d5d <unknown>
#6 0x55fe1eb421c4 <unknown>
#7 0x55fe1eb22b03 <unknown>
#8 0x55fe1eaf3699 <unknown>
#9 0x55fe1eaf4201 <unknown>
#10 0x55fe1f01d83a <unknown>
#11 0x55fe1f020c11 <unknown>
#12 0x55fe1f0206a8 <unknown>
#13 0x55fe1f0210b5 <unknown>
#14 0x55fe1f00741c <unknown>
#15 0x55fe1f021431 <unknown>
#16 0x55fe1eff058a <unknown>
#17 0x55fe1f03ff75 <unknown>
#18 0x55fe1f04016e <unknown>
#19 0x55fe1f0519c5 <unknown>
#20 0x7f3e719b2134 <unknown>

[2025-10-09T16:18:14.320+0000] {scraping_weather.py:108} ERROR - ❌ เกิดข้อผิดพลาดในวันที่ 2025-09-15: Message: 
Stacktrace:
#0 0x55fe1f052efe <unknown>
#1 0x55fe1eab4677 <unknown>
#2 0x55fe1eaff34f <unknown>
#3 0x55fe1eaff521 <unknown>
#4 0x55fe1eb44414 <unknown>
#5 0x55fe1eb22d5d <unknown>
#6 0x55fe1eb421c4 <unknown>
#7 0x55fe1eb22b03 <unknown>
#8 0x55fe1eaf3699 <unknown>
#9 0x55fe1eaf4201 <unknown>
#10 0x55fe1f01d83a <unknown>
#11 0x55fe1f020c11 <unknown>
#12 0x55fe1f0206a8 <unknown>
#13 0x55fe1f0210b5 <unknown>
#14 0x55fe1f00741c <unknown>
#15 0x55fe1f021431 <unknown>
#16 0x55fe1eff058a <unknown>
#17 0x55fe1f03ff75 <unknown>
#18 0x55fe1f04016e <unknown>
#19 0x55fe1f0519c5 <unknown>
#20 0x7f3e719b2134 <unknown>

[2025-10-09T16:18:29.205+0000] {scraping_weather.py:108} ERROR - ❌ เกิดข้อผิดพลาดในวันที่ 2025-09-16: Message: 
Stacktrace:
#0 0x55fe1f052efe <unknown>
#1 0x55fe1eab4677 <unknown>
#2 0x55fe1eaff34f <unknown>
#3 0x55fe1eaff521 <unknown>
#4 0x55fe1eb44414 <unknown>
#5 0x55fe1eb22d5d <unknown>
#6 0x55fe1eb421c4 <unknown>
#7 0x55fe1eb22b03 <unknown>
#8 0x55fe1eaf3699 <unknown>
#9 0x55fe1eaf4201 <unknown>
#10 0x55fe1f01d83a <unknown>
#11 0x55fe1f020c11 <unknown>
#12 0x55fe1f0206a8 <unknown>
#13 0x55fe1f0210b5 <unknown>
#14 0x55fe1f00741c <unknown>
#15 0x55fe1f021431 <unknown>
#16 0x55fe1eff058a <unknown>
#17 0x55fe1f03ff75 <unknown>
#18 0x55fe1f04016e <unknown>
#19 0x55fe1f0519c5 <unknown>
#20 0x7f3e719b2134 <unknown>

[2025-10-09T16:18:44.235+0000] {scraping_weather.py:108} ERROR - ❌ เกิดข้อผิดพลาดในวันที่ 2025-09-17: Message: 
Stacktrace:
#0 0x55fe1f052efe <unknown>
#1 0x55fe1eab4677 <unknown>
#2 0x55fe1eaff34f <unknown>
#3 0x55fe1eaff521 <unknown>
#4 0x55fe1eb44414 <unknown>
#5 0x55fe1eb22d5d <unknown>
#6 0x55fe1eb421c4 <unknown>
#7 0x55fe1eb22b03 <unknown>
#8 0x55fe1eaf3699 <unknown>
#9 0x55fe1eaf4201 <unknown>
#10 0x55fe1f01d83a <unknown>
#11 0x55fe1f020c11 <unknown>
#12 0x55fe1f0206a8 <unknown>
#13 0x55fe1f0210b5 <unknown>
#14 0x55fe1f00741c <unknown>
#15 0x55fe1f021431 <unknown>
#16 0x55fe1eff058a <unknown>
#17 0x55fe1f03ff75 <unknown>
#18 0x55fe1f04016e <unknown>
#19 0x55fe1f0519c5 <unknown>
#20 0x7f3e719b2134 <unknown>

[2025-10-09T16:18:58.666+0000] {scraping_weather.py:108} ERROR - ❌ เกิดข้อผิดพลาดในวันที่ 2025-09-18: Message: 
Stacktrace:
#0 0x55fe1f052efe <unknown>
#1 0x55fe1eab4677 <unknown>
#2 0x55fe1eaff34f <unknown>
#3 0x55fe1eaff521 <unknown>
#4 0x55fe1eb44414 <unknown>
#5 0x55fe1eb22d5d <unknown>
#6 0x55fe1eb421c4 <unknown>
#7 0x55fe1eb22b03 <unknown>
#8 0x55fe1eaf3699 <unknown>
#9 0x55fe1eaf4201 <unknown>
#10 0x55fe1f01d83a <unknown>
#11 0x55fe1f020c11 <unknown>
#12 0x55fe1f0206a8 <unknown>
#13 0x55fe1f0210b5 <unknown>
#14 0x55fe1f00741c <unknown>
#15 0x55fe1f021431 <unknown>
#16 0x55fe1eff058a <unknown>
#17 0x55fe1f03ff75 <unknown>
#18 0x55fe1f04016e <unknown>
#19 0x55fe1f0519c5 <unknown>
#20 0x7f3e719b2134 <unknown>

[2025-10-09T16:19:11.099+0000] {scraping_weather.py:108} ERROR - ❌ เกิดข้อผิดพลาดในวันที่ 2025-09-19: Message: 
Stacktrace:
#0 0x55fe1f052efe <unknown>
#1 0x55fe1eab4677 <unknown>
#2 0x55fe1eaff34f <unknown>
#3 0x55fe1eaff521 <unknown>
#4 0x55fe1eb44414 <unknown>
#5 0x55fe1eb22d5d <unknown>
#6 0x55fe1eb421c4 <unknown>
#7 0x55fe1eb22b03 <unknown>
#8 0x55fe1eaf3699 <unknown>
#9 0x55fe1eaf4201 <unknown>
#10 0x55fe1f01d83a <unknown>
#11 0x55fe1f020c11 <unknown>
#12 0x55fe1f0206a8 <unknown>
#13 0x55fe1f0210b5 <unknown>
#14 0x55fe1f00741c <unknown>
#15 0x55fe1f021431 <unknown>
#16 0x55fe1eff058a <unknown>
#17 0x55fe1f03ff75 <unknown>
#18 0x55fe1f04016e <unknown>
#19 0x55fe1f0519c5 <unknown>
#20 0x7f3e719b2134 <unknown>

[2025-10-09T16:19:26.744+0000] {scraping_weather.py:108} ERROR - ❌ เกิดข้อผิดพลาดในวันที่ 2025-09-20: Message: 
Stacktrace:
#0 0x55fe1f052efe <unknown>
#1 0x55fe1eab4677 <unknown>
#2 0x55fe1eaff34f <unknown>
#3 0x55fe1eaff521 <unknown>
#4 0x55fe1eb44414 <unknown>
#5 0x55fe1eb22d5d <unknown>
#6 0x55fe1eb421c4 <unknown>
#7 0x55fe1eb22b03 <unknown>
#8 0x55fe1eaf3699 <unknown>
#9 0x55fe1eaf4201 <unknown>
#10 0x55fe1f01d83a <unknown>
#11 0x55fe1f020c11 <unknown>
#12 0x55fe1f0206a8 <unknown>
#13 0x55fe1f0210b5 <unknown>
#14 0x55fe1f00741c <unknown>
#15 0x55fe1f021431 <unknown>
#16 0x55fe1eff058a <unknown>
#17 0x55fe1f03ff75 <unknown>
#18 0x55fe1f04016e <unknown>
#19 0x55fe1f0519c5 <unknown>
#20 0x7f3e719b2134 <unknown>

[2025-10-09T16:19:39.809+0000] {scraping_weather.py:108} ERROR - ❌ เกิดข้อผิดพลาดในวันที่ 2025-09-21: Message: 
Stacktrace:
#0 0x55fe1f052efe <unknown>
#1 0x55fe1eab4677 <unknown>
#2 0x55fe1eaff34f <unknown>
#3 0x55fe1eaff521 <unknown>
#4 0x55fe1eb44414 <unknown>
#5 0x55fe1eb22d5d <unknown>
#6 0x55fe1eb421c4 <unknown>
#7 0x55fe1eb22b03 <unknown>
#8 0x55fe1eaf3699 <unknown>
#9 0x55fe1eaf4201 <unknown>
#10 0x55fe1f01d83a <unknown>
#11 0x55fe1f020c11 <unknown>
#12 0x55fe1f0206a8 <unknown>
#13 0x55fe1f0210b5 <unknown>
#14 0x55fe1f00741c <unknown>
#15 0x55fe1f021431 <unknown>
#16 0x55fe1eff058a <unknown>
#17 0x55fe1f03ff75 <unknown>
#18 0x55fe1f04016e <unknown>
#19 0x55fe1f0519c5 <unknown>
#20 0x7f3e719b2134 <unknown>

[2025-10-09T16:19:55.172+0000] {scraping_weather.py:108} ERROR - ❌ เกิดข้อผิดพลาดในวันที่ 2025-09-22: Message: 
Stacktrace:
#0 0x55fe1f052efe <unknown>
#1 0x55fe1eab4677 <unknown>
#2 0x55fe1eaff34f <unknown>
#3 0x55fe1eaff521 <unknown>
#4 0x55fe1eb44414 <unknown>
#5 0x55fe1eb22d5d <unknown>
#6 0x55fe1eb421c4 <unknown>
#7 0x55fe1eb22b03 <unknown>
#8 0x55fe1eaf3699 <unknown>
#9 0x55fe1eaf4201 <unknown>
#10 0x55fe1f01d83a <unknown>
#11 0x55fe1f020c11 <unknown>
#12 0x55fe1f0206a8 <unknown>
#13 0x55fe1f0210b5 <unknown>
#14 0x55fe1f00741c <unknown>
#15 0x55fe1f021431 <unknown>
#16 0x55fe1eff058a <unknown>
#17 0x55fe1f03ff75 <unknown>
#18 0x55fe1f04016e <unknown>
#19 0x55fe1f0519c5 <unknown>
#20 0x7f3e719b2134 <unknown>

[2025-10-09T16:20:07.166+0000] {scraping_weather.py:108} ERROR - ❌ เกิดข้อผิดพลาดในวันที่ 2025-09-23: Message: 
Stacktrace:
#0 0x55fe1f052efe <unknown>
#1 0x55fe1eab4677 <unknown>
#2 0x55fe1eaff34f <unknown>
#3 0x55fe1eaff521 <unknown>
#4 0x55fe1eb44414 <unknown>
#5 0x55fe1eb22d5d <unknown>
#6 0x55fe1eb421c4 <unknown>
#7 0x55fe1eb22b03 <unknown>
#8 0x55fe1eaf3699 <unknown>
#9 0x55fe1eaf4201 <unknown>
#10 0x55fe1f01d83a <unknown>
#11 0x55fe1f020c11 <unknown>
#12 0x55fe1f0206a8 <unknown>
#13 0x55fe1f0210b5 <unknown>
#14 0x55fe1f00741c <unknown>
#15 0x55fe1f021431 <unknown>
#16 0x55fe1eff058a <unknown>
#17 0x55fe1f03ff75 <unknown>
#18 0x55fe1f04016e <unknown>
#19 0x55fe1f0519c5 <unknown>
#20 0x7f3e719b2134 <unknown>

[2025-10-09T16:20:23.322+0000] {scraping_weather.py:108} ERROR - ❌ เกิดข้อผิดพลาดในวันที่ 2025-09-24: Message: 
Stacktrace:
#0 0x55fe1f052efe <unknown>
#1 0x55fe1eab4677 <unknown>
#2 0x55fe1eaff34f <unknown>
#3 0x55fe1eaff521 <unknown>
#4 0x55fe1eb44414 <unknown>
#5 0x55fe1eb22d5d <unknown>
#6 0x55fe1eb421c4 <unknown>
#7 0x55fe1eb22b03 <unknown>
#8 0x55fe1eaf3699 <unknown>
#9 0x55fe1eaf4201 <unknown>
#10 0x55fe1f01d83a <unknown>
#11 0x55fe1f020c11 <unknown>
#12 0x55fe1f0206a8 <unknown>
#13 0x55fe1f0210b5 <unknown>
#14 0x55fe1f00741c <unknown>
#15 0x55fe1f021431 <unknown>
#16 0x55fe1eff058a <unknown>
#17 0x55fe1f03ff75 <unknown>
#18 0x55fe1f04016e <unknown>
#19 0x55fe1f0519c5 <unknown>
#20 0x7f3e719b2134 <unknown>

[2025-10-09T16:20:36.032+0000] {scraping_weather.py:108} ERROR - ❌ เกิดข้อผิดพลาดในวันที่ 2025-09-25: Message: 
Stacktrace:
#0 0x55fe1f052efe <unknown>
#1 0x55fe1eab4677 <unknown>
#2 0x55fe1eaff34f <unknown>
#3 0x55fe1eaff521 <unknown>
#4 0x55fe1eb44414 <unknown>
#5 0x55fe1eb22d5d <unknown>
#6 0x55fe1eb421c4 <unknown>
#7 0x55fe1eb22b03 <unknown>
#8 0x55fe1eaf3699 <unknown>
#9 0x55fe1eaf4201 <unknown>
#10 0x55fe1f01d83a <unknown>
#11 0x55fe1f020c11 <unknown>
#12 0x55fe1f0206a8 <unknown>
#13 0x55fe1f0210b5 <unknown>
#14 0x55fe1f00741c <unknown>
#15 0x55fe1f021431 <unknown>
#16 0x55fe1eff058a <unknown>
#17 0x55fe1f03ff75 <unknown>
#18 0x55fe1f04016e <unknown>
#19 0x55fe1f0519c5 <unknown>
#20 0x7f3e719b2134 <unknown>

[2025-10-09T16:20:49.412+0000] {scraping_weather.py:108} ERROR - ❌ เกิดข้อผิดพลาดในวันที่ 2025-09-26: Message: 
Stacktrace:
#0 0x55fe1f052efe <unknown>
#1 0x55fe1eab4677 <unknown>
#2 0x55fe1eaff34f <unknown>
#3 0x55fe1eaff521 <unknown>
#4 0x55fe1eb44414 <unknown>
#5 0x55fe1eb22d5d <unknown>
#6 0x55fe1eb421c4 <unknown>
#7 0x55fe1eb22b03 <unknown>
#8 0x55fe1eaf3699 <unknown>
#9 0x55fe1eaf4201 <unknown>
#10 0x55fe1f01d83a <unknown>
#11 0x55fe1f020c11 <unknown>
#12 0x55fe1f0206a8 <unknown>
#13 0x55fe1f0210b5 <unknown>
#14 0x55fe1f00741c <unknown>
#15 0x55fe1f021431 <unknown>
#16 0x55fe1eff058a <unknown>
#17 0x55fe1f03ff75 <unknown>
#18 0x55fe1f04016e <unknown>
#19 0x55fe1f0519c5 <unknown>
#20 0x7f3e719b2134 <unknown>

[2025-10-09T16:21:03.712+0000] {scraping_weather.py:108} ERROR - ❌ เกิดข้อผิดพลาดในวันที่ 2025-09-27: Message: 
Stacktrace:
#0 0x55fe1f052efe <unknown>
#1 0x55fe1eab4677 <unknown>
#2 0x55fe1eaff34f <unknown>
#3 0x55fe1eaff521 <unknown>
#4 0x55fe1eb44414 <unknown>
#5 0x55fe1eb22d5d <unknown>
#6 0x55fe1eb421c4 <unknown>
#7 0x55fe1eb22b03 <unknown>
#8 0x55fe1eaf3699 <unknown>
#9 0x55fe1eaf4201 <unknown>
#10 0x55fe1f01d83a <unknown>
#11 0x55fe1f020c11 <unknown>
#12 0x55fe1f0206a8 <unknown>
#13 0x55fe1f0210b5 <unknown>
#14 0x55fe1f00741c <unknown>
#15 0x55fe1f021431 <unknown>
#16 0x55fe1eff058a <unknown>
#17 0x55fe1f03ff75 <unknown>
#18 0x55fe1f04016e <unknown>
#19 0x55fe1f0519c5 <unknown>
#20 0x7f3e719b2134 <unknown>

[2025-10-09T16:21:17.738+0000] {scraping_weather.py:108} ERROR - ❌ เกิดข้อผิดพลาดในวันที่ 2025-09-28: Message: 
Stacktrace:
#0 0x55fe1f052efe <unknown>
#1 0x55fe1eab4677 <unknown>
#2 0x55fe1eaff34f <unknown>
#3 0x55fe1eaff521 <unknown>
#4 0x55fe1eb44414 <unknown>
#5 0x55fe1eb22d5d <unknown>
#6 0x55fe1eb421c4 <unknown>
#7 0x55fe1eb22b03 <unknown>
#8 0x55fe1eaf3699 <unknown>
#9 0x55fe1eaf4201 <unknown>
#10 0x55fe1f01d83a <unknown>
#11 0x55fe1f020c11 <unknown>
#12 0x55fe1f0206a8 <unknown>
#13 0x55fe1f0210b5 <unknown>
#14 0x55fe1f00741c <unknown>
#15 0x55fe1f021431 <unknown>
#16 0x55fe1eff058a <unknown>
#17 0x55fe1f03ff75 <unknown>
#18 0x55fe1f04016e <unknown>
#19 0x55fe1f0519c5 <unknown>
#20 0x7f3e719b2134 <unknown>

[2025-10-09T16:21:32.724+0000] {scraping_weather.py:108} ERROR - ❌ เกิดข้อผิดพลาดในวันที่ 2025-09-29: Message: 
Stacktrace:
#0 0x55fe1f052efe <unknown>
#1 0x55fe1eab4677 <unknown>
#2 0x55fe1eaff34f <unknown>
#3 0x55fe1eaff521 <unknown>
#4 0x55fe1eb44414 <unknown>
#5 0x55fe1eb22d5d <unknown>
#6 0x55fe1eb421c4 <unknown>
#7 0x55fe1eb22b03 <unknown>
#8 0x55fe1eaf3699 <unknown>
#9 0x55fe1eaf4201 <unknown>
#10 0x55fe1f01d83a <unknown>
#11 0x55fe1f020c11 <unknown>
#12 0x55fe1f0206a8 <unknown>
#13 0x55fe1f0210b5 <unknown>
#14 0x55fe1f00741c <unknown>
#15 0x55fe1f021431 <unknown>
#16 0x55fe1eff058a <unknown>
#17 0x55fe1f03ff75 <unknown>
#18 0x55fe1f04016e <unknown>
#19 0x55fe1f0519c5 <unknown>
#20 0x7f3e719b2134 <unknown>

[2025-10-09T16:21:45.981+0000] {scraping_weather.py:108} ERROR - ❌ เกิดข้อผิดพลาดในวันที่ 2025-09-30: Message: 
Stacktrace:
#0 0x55fe1f052efe <unknown>
#1 0x55fe1eab4677 <unknown>
#2 0x55fe1eaff34f <unknown>
#3 0x55fe1eaff521 <unknown>
#4 0x55fe1eb44414 <unknown>
#5 0x55fe1eb22d5d <unknown>
#6 0x55fe1eb421c4 <unknown>
#7 0x55fe1eb22b03 <unknown>
#8 0x55fe1eaf3699 <unknown>
#9 0x55fe1eaf4201 <unknown>
#10 0x55fe1f01d83a <unknown>
#11 0x55fe1f020c11 <unknown>
#12 0x55fe1f0206a8 <unknown>
#13 0x55fe1f0210b5 <unknown>
#14 0x55fe1f00741c <unknown>
#15 0x55fe1f021431 <unknown>
#16 0x55fe1eff058a <unknown>
#17 0x55fe1f03ff75 <unknown>
#18 0x55fe1f04016e <unknown>
#19 0x55fe1f0519c5 <unknown>
#20 0x7f3e719b2134 <unknown>

[2025-10-09T16:21:46.175+0000] {scraping_weather.py:114} WARNING - ⚠️ ไม่มีข้อมูลทั้งเดือนก่อนหน้า
[2025-10-09T16:21:46.176+0000] {python.py:237} INFO - Done. Returned value was: None
[2025-10-09T16:21:46.177+0000] {taskinstance.py:441} INFO - ::group::Post task execution logs
[2025-10-09T16:21:46.185+0000] {taskinstance.py:1206} INFO - Marking task as SUCCESS. dag_id=songkhla_weather_monthly_automation, task_id=scrape_monthly_average_and_upload, run_id=manual__2025-10-09T16:14:20.093584+00:00, execution_date=20251009T161420, start_date=20251009T161420, end_date=20251009T162146
[2025-10-09T16:21:46.225+0000] {local_task_job_runner.py:240} INFO - Task exited with return code 0
[2025-10-09T16:21:46.237+0000] {taskinstance.py:3503} INFO - 0 downstream tasks scheduled from follow-on schedule check
[2025-10-09T16:21:46.239+0000] {local_task_job_runner.py:222} INFO - ::endgroup::
