[2025-09-19T13:53:31.180+0000] {local_task_job_runner.py:120} INFO - ::group::Pre task execution logs
[2025-09-19T13:53:31.208+0000] {taskinstance.py:2076} INFO - Dependencies all met for dep_context=non-requeueable deps ti=<TaskInstance: timeseries_pipeline.check_file_exists manual__2025-09-19T13:53:29.618829+00:00 [queued]>
[2025-09-19T13:53:31.218+0000] {taskinstance.py:2076} INFO - Dependencies all met for dep_context=requeueable deps ti=<TaskInstance: timeseries_pipeline.check_file_exists manual__2025-09-19T13:53:29.618829+00:00 [queued]>
[2025-09-19T13:53:31.219+0000] {taskinstance.py:2306} INFO - Starting attempt 1 of 1
[2025-09-19T13:53:31.234+0000] {taskinstance.py:2330} INFO - Executing <Task(PythonOperator): check_file_exists> on 2025-09-19 13:53:29.618829+00:00
[2025-09-19T13:53:31.244+0000] {standard_task_runner.py:90} INFO - Running: ['***', 'tasks', 'run', 'timeseries_pipeline', 'check_file_exists', 'manual__2025-09-19T13:53:29.618829+00:00', '--job-id', '52', '--raw', '--subdir', 'DAGS_FOLDER/timeseries_pipeline.py', '--cfg-path', '/tmp/tmp4bspvgi_']
[2025-09-19T13:53:31.245+0000] {logging_mixin.py:188} WARNING - /home/***/.local/lib/python3.12/site-packages/***/task/task_runner/standard_task_runner.py:61 DeprecationWarning: This process (pid=467) is multi-threaded, use of fork() may lead to deadlocks in the child.
[2025-09-19T13:53:31.247+0000] {standard_task_runner.py:91} INFO - Job 52: Subtask check_file_exists
[2025-09-19T13:53:31.247+0000] {standard_task_runner.py:63} INFO - Started process 470 to run task
[2025-09-19T13:53:31.301+0000] {task_command.py:426} INFO - Running <TaskInstance: timeseries_pipeline.check_file_exists manual__2025-09-19T13:53:29.618829+00:00 [running]> on host 0e2ba368a558
[2025-09-19T13:53:31.387+0000] {taskinstance.py:2648} INFO - Exporting env vars: AIRFLOW_CTX_DAG_OWNER='***' AIRFLOW_CTX_DAG_ID='timeseries_pipeline' AIRFLOW_CTX_TASK_ID='check_file_exists' AIRFLOW_CTX_EXECUTION_DATE='2025-09-19T13:53:29.618829+00:00' AIRFLOW_CTX_TRY_NUMBER='1' AIRFLOW_CTX_DAG_RUN_ID='manual__2025-09-19T13:53:29.618829+00:00'
[2025-09-19T13:53:31.388+0000] {taskinstance.py:430} INFO - ::endgroup::
[2025-09-19T13:53:31.448+0000] {logging_mixin.py:188} INFO - 📊 Columns in CSV: ['datesold', 'postcode', 'price', 'propertyType', 'bedrooms']
[2025-09-19T13:53:31.449+0000] {logging_mixin.py:188} INFO - 🔍 First rows:
[2025-09-19T13:53:31.456+0000] {logging_mixin.py:188} INFO -                datesold  postcode   price propertyType  bedrooms
0  2007-02-07 00:00:00      2607  525000        house         4
1  2007-02-27 00:00:00      2906  290000        house         3
2  2007-03-07 00:00:00      2905  328000        house         3
3  2007-03-09 00:00:00      2905  380000        house         4
4  2007-03-21 00:00:00      2906  310000        house         3
[2025-09-19T13:53:31.457+0000] {taskinstance.py:441} INFO - ::group::Post task execution logs
[2025-09-19T13:53:31.458+0000] {taskinstance.py:2905} ERROR - Task failed with exception
Traceback (most recent call last):
  File "/home/airflow/.local/lib/python3.12/site-packages/airflow/models/taskinstance.py", line 465, in _execute_task
    result = _execute_callable(context=context, **execute_callable_kwargs)
             ^^^^^^^^^^^^^^^^^^^^^^^^^^^^^^^^^^^^^^^^^^^^^^^^^^^^^^^^^^^^^
  File "/home/airflow/.local/lib/python3.12/site-packages/airflow/models/taskinstance.py", line 432, in _execute_callable
    return execute_callable(context=context, **execute_callable_kwargs)
           ^^^^^^^^^^^^^^^^^^^^^^^^^^^^^^^^^^^^^^^^^^^^^^^^^^^^^^^^^^^^
  File "/home/airflow/.local/lib/python3.12/site-packages/airflow/models/baseoperator.py", line 401, in wrapper
    return func(self, *args, **kwargs)
           ^^^^^^^^^^^^^^^^^^^^^^^^^^^
  File "/home/airflow/.local/lib/python3.12/site-packages/airflow/operators/python.py", line 235, in execute
    return_value = self.execute_callable()
                   ^^^^^^^^^^^^^^^^^^^^^^^
  File "/home/airflow/.local/lib/python3.12/site-packages/airflow/operators/python.py", line 252, in execute_callable
    return self.python_callable(*self.op_args, **self.op_kwargs)
           ^^^^^^^^^^^^^^^^^^^^^^^^^^^^^^^^^^^^^^^^^^^^^^^^^^^^^
  File "/opt/airflow/dags/tasks/check_file_task.py", line 19, in check_file_exists
    raise ValueError(f"❌ Missing required column: {col}")
ValueError: ❌ Missing required column: date
[2025-09-19T13:53:31.475+0000] {taskinstance.py:1206} INFO - Marking task as FAILED. dag_id=timeseries_pipeline, task_id=check_file_exists, run_id=manual__2025-09-19T13:53:29.618829+00:00, execution_date=20250919T135329, start_date=20250919T135331, end_date=20250919T135331
[2025-09-19T13:53:31.487+0000] {standard_task_runner.py:110} ERROR - Failed to execute job 52 for task check_file_exists (❌ Missing required column: date; 470)
[2025-09-19T13:53:31.501+0000] {local_task_job_runner.py:240} INFO - Task exited with return code 1
[2025-09-19T13:53:31.522+0000] {taskinstance.py:3503} INFO - 0 downstream tasks scheduled from follow-on schedule check
[2025-09-19T13:53:31.527+0000] {local_task_job_runner.py:222} INFO - ::endgroup::
