[2025-09-19T13:44:21.648+0000] {local_task_job_runner.py:120} INFO - ::group::Pre task execution logs
[2025-09-19T13:44:21.690+0000] {taskinstance.py:2076} INFO - Dependencies all met for dep_context=non-requeueable deps ti=<TaskInstance: timeseries_pipeline.forecast_7days manual__2025-09-19T13:44:02.884801+00:00 [queued]>
[2025-09-19T13:44:21.705+0000] {taskinstance.py:2076} INFO - Dependencies all met for dep_context=requeueable deps ti=<TaskInstance: timeseries_pipeline.forecast_7days manual__2025-09-19T13:44:02.884801+00:00 [queued]>
[2025-09-19T13:44:21.706+0000] {taskinstance.py:2306} INFO - Starting attempt 1 of 1
[2025-09-19T13:44:21.723+0000] {taskinstance.py:2330} INFO - Executing <Task(PythonOperator): forecast_7days> on 2025-09-19 13:44:02.884801+00:00
[2025-09-19T13:44:21.736+0000] {logging_mixin.py:188} WARNING - /home/***/.local/lib/python3.12/site-packages/***/task/task_runner/standard_task_runner.py:61 DeprecationWarning: This process (pid=219) is multi-threaded, use of fork() may lead to deadlocks in the child.
[2025-09-19T13:44:21.735+0000] {standard_task_runner.py:90} INFO - Running: ['***', 'tasks', 'run', 'timeseries_pipeline', 'forecast_7days', 'manual__2025-09-19T13:44:02.884801+00:00', '--job-id', '50', '--raw', '--subdir', 'DAGS_FOLDER/timeseries_pipeline.py', '--cfg-path', '/tmp/tmpbdpovmh1']
[2025-09-19T13:44:21.738+0000] {standard_task_runner.py:91} INFO - Job 50: Subtask forecast_7days
[2025-09-19T13:44:21.738+0000] {standard_task_runner.py:63} INFO - Started process 224 to run task
[2025-09-19T13:44:21.786+0000] {task_command.py:426} INFO - Running <TaskInstance: timeseries_pipeline.forecast_7days manual__2025-09-19T13:44:02.884801+00:00 [running]> on host 0e2ba368a558
[2025-09-19T13:44:21.871+0000] {taskinstance.py:2648} INFO - Exporting env vars: AIRFLOW_CTX_DAG_OWNER='***' AIRFLOW_CTX_DAG_ID='timeseries_pipeline' AIRFLOW_CTX_TASK_ID='forecast_7days' AIRFLOW_CTX_EXECUTION_DATE='2025-09-19T13:44:02.884801+00:00' AIRFLOW_CTX_TRY_NUMBER='1' AIRFLOW_CTX_DAG_RUN_ID='manual__2025-09-19T13:44:02.884801+00:00'
[2025-09-19T13:44:21.873+0000] {taskinstance.py:430} INFO - ::endgroup::
[2025-09-19T13:44:21.894+0000] {logging_mixin.py:188} INFO - 📈 Starting Prophet forecast ...
[2025-09-19T13:44:23.677+0000] {logging_mixin.py:188} INFO - 📊 Data received for forecast:
[2025-09-19T13:44:23.688+0000] {logging_mixin.py:188} INFO -           ds         y
0 2014-01-02   25.3600
1 2014-01-02   79.0185
2 2014-01-02  109.7400
3 2014-01-02   51.9800
4 2014-01-02   69.8900
[2025-09-19T13:44:25.980+0000] {filesystem.py:118} DEBUG - input tempfile: /tmp/tmpmc5kuygz/azm0d_4b.json
[2025-09-19T13:45:09.513+0000] {filesystem.py:118} DEBUG - input tempfile: /tmp/tmpmc5kuygz/eog5rp5y.json
[2025-09-19T13:45:09.517+0000] {model.py:2042} DEBUG - idx 0
[2025-09-19T13:45:09.518+0000] {model.py:2043} DEBUG - running CmdStan, num_threads: None
[2025-09-19T13:45:09.519+0000] {model.py:2055} DEBUG - CmdStan args: ['/home/***/.local/lib/python3.12/site-packages/prophet/stan_model/prophet_model.bin', 'random', 'seed=2230', 'data', 'file=/tmp/tmpmc5kuygz/azm0d_4b.json', 'init=/tmp/tmpmc5kuygz/eog5rp5y.json', 'output', 'file=/tmp/tmpmc5kuygz/prophet_modelqvthc467/prophet_model-20250919134509.csv', 'method=optimize', 'algorithm=lbfgs', 'iter=10000']
[2025-09-19T13:45:09.522+0000] {logging_mixin.py:188} WARNING - 13:45:09 - cmdstanpy - INFO - Chain [1] start processing
[2025-09-19T13:45:09.521+0000] {model.py:2058} INFO - Chain [1] start processing
[2025-09-19T13:45:45.551+0000] {logging_mixin.py:188} WARNING - 13:45:45 - cmdstanpy - INFO - Chain [1] done processing
[2025-09-19T13:45:45.551+0000] {model.py:2115} INFO - Chain [1] done processing
[2025-09-19T13:45:47.501+0000] {logging_mixin.py:188} INFO - ✅ Forecasted values (last 10 rows):
[2025-09-19T13:45:47.506+0000] {logging_mixin.py:188} INFO -              ds        yhat  yhat_lower  yhat_upper
1004 2017-12-27  105.837650  -17.331462  238.171511
1005 2017-12-28  105.787943  -16.320226  238.768231
1006 2017-12-29  105.747403  -22.898032  239.435194
1007 2017-12-30   99.224511  -35.674925  209.115030
1008 2017-12-31   99.172429  -31.511336  226.284841
1009 2018-01-01  105.533668  -19.263937  226.353903
1010 2018-01-02  105.480931  -18.107949  236.486813
1011 2018-01-03  105.475858  -17.430491  234.282609
1012 2018-01-04  105.393658  -20.846015  242.748453
1013 2018-01-05  105.322416  -29.437783  240.942011
[2025-09-19T13:45:47.571+0000] {python.py:237} INFO - Done. Returned value was: [{'ds': '2017-12-30', 'yhat': 99.22451075877606}, {'ds': '2017-12-31', 'yhat': 99.17242945093585}, {'ds': '2018-01-01', 'yhat': 105.53366823227806}, {'ds': '2018-01-02', 'yhat': 105.48093116465765}, {'ds': '2018-01-03', 'yhat': 105.47585760195322}, {'ds': '2018-01-04', 'yhat': 105.39365792957804}, {'ds': '2018-01-05', 'yhat': 105.32241639667228}]
[2025-09-19T13:45:47.572+0000] {taskinstance.py:441} INFO - ::group::Post task execution logs
[2025-09-19T13:45:47.600+0000] {taskinstance.py:1206} INFO - Marking task as SUCCESS. dag_id=timeseries_pipeline, task_id=forecast_7days, run_id=manual__2025-09-19T13:44:02.884801+00:00, execution_date=20250919T134402, start_date=20250919T134421, end_date=20250919T134547
[2025-09-19T13:45:47.674+0000] {local_task_job_runner.py:240} INFO - Task exited with return code 0
[2025-09-19T13:45:47.699+0000] {taskinstance.py:3503} INFO - 1 downstream tasks scheduled from follow-on schedule check
[2025-09-19T13:45:47.702+0000] {local_task_job_runner.py:222} INFO - ::endgroup::
