[2025-10-10T09:12:07.268+0000] {local_task_job_runner.py:120} INFO - ::group::Pre task execution logs
[2025-10-10T09:12:07.394+0000] {taskinstance.py:2076} INFO - Dependencies all met for dep_context=non-requeueable deps ti=<TaskInstance: songkhla_weather_half_hourly_automation.scrape_last_2_days_and_upload manual__2025-10-10T09:12:06.255622+00:00 [queued]>
[2025-10-10T09:12:07.402+0000] {taskinstance.py:2076} INFO - Dependencies all met for dep_context=requeueable deps ti=<TaskInstance: songkhla_weather_half_hourly_automation.scrape_last_2_days_and_upload manual__2025-10-10T09:12:06.255622+00:00 [queued]>
[2025-10-10T09:12:07.404+0000] {taskinstance.py:2306} INFO - Starting attempt 1 of 2
[2025-10-10T09:12:07.415+0000] {taskinstance.py:2330} INFO - Executing <Task(PythonOperator): scrape_last_2_days_and_upload> on 2025-10-10 09:12:06.255622+00:00
[2025-10-10T09:12:07.421+0000] {logging_mixin.py:188} WARNING - /home/***/.local/lib/python3.12/site-packages/***/task/task_runner/standard_task_runner.py:61 DeprecationWarning: This process (pid=3039) is multi-threaded, use of fork() may lead to deadlocks in the child.
[2025-10-10T09:12:07.422+0000] {standard_task_runner.py:63} INFO - Started process 3041 to run task
[2025-10-10T09:12:07.421+0000] {standard_task_runner.py:90} INFO - Running: ['***', 'tasks', 'run', 'songkhla_weather_half_hourly_automation', 'scrape_last_2_days_and_upload', 'manual__2025-10-10T09:12:06.255622+00:00', '--job-id', '7', '--raw', '--subdir', 'DAGS_FOLDER/scraping_weather.py', '--cfg-path', '/tmp/tmpquknh5pf']
[2025-10-10T09:12:07.423+0000] {standard_task_runner.py:91} INFO - Job 7: Subtask scrape_last_2_days_and_upload
[2025-10-10T09:12:07.436+0000] {logging_mixin.py:188} WARNING - /home/***/.local/lib/python3.12/site-packages/***/settings.py:195 DeprecationWarning: The sql_alchemy_conn option in [core] has been moved to the sql_alchemy_conn option in [database] - the old setting has been used, but please update your config.
[2025-10-10T09:12:07.465+0000] {task_command.py:426} INFO - Running <TaskInstance: songkhla_weather_half_hourly_automation.scrape_last_2_days_and_upload manual__2025-10-10T09:12:06.255622+00:00 [running]> on host 104b2f41d292
[2025-10-10T09:12:07.534+0000] {taskinstance.py:2648} INFO - Exporting env vars: AIRFLOW_CTX_DAG_OWNER='***' AIRFLOW_CTX_DAG_ID='songkhla_weather_half_hourly_automation' AIRFLOW_CTX_TASK_ID='scrape_last_2_days_and_upload' AIRFLOW_CTX_EXECUTION_DATE='2025-10-10T09:12:06.255622+00:00' AIRFLOW_CTX_TRY_NUMBER='1' AIRFLOW_CTX_DAG_RUN_ID='manual__2025-10-10T09:12:06.255622+00:00'
[2025-10-10T09:12:07.536+0000] {taskinstance.py:430} INFO - ::endgroup::
[2025-10-10T09:12:14.103+0000] {scraping_weather.py:81} INFO - 🔄 เริ่ม scrap วันที่ 2025-10-09
[2025-10-10T09:12:17.626+0000] {scraping_weather.py:105} INFO - 📊 พบ 48 แถวในวันที่ 2025-10-09
[2025-10-10T09:12:23.540+0000] {scraping_weather.py:81} INFO - 🔄 เริ่ม scrap วันที่ 2025-10-10
[2025-10-10T09:12:27.300+0000] {scraping_weather.py:105} INFO - 📊 พบ 32 แถวในวันที่ 2025-10-10
[2025-10-10T09:12:31.738+0000] {base.py:84} INFO - Using connection ID 'postgres_default' for task execution.
[2025-10-10T09:12:31.742+0000] {scraping_weather.py:43} INFO - ✅ ตรวจสอบ/สร้างตาราง songkhla_weather_half_hourly เรียบร้อย
[2025-10-10T09:12:31.744+0000] {base.py:84} INFO - Using connection ID 'postgres_default' for task execution.
[2025-10-10T09:12:31.762+0000] {scraping_weather.py:179} INFO - ✅ บันทึกข้อมูลเรียบร้อย: 80 แถว (ทั้งหมด 80 แถว)
[2025-10-10T09:12:31.762+0000] {python.py:237} INFO - Done. Returned value was: None
[2025-10-10T09:12:31.763+0000] {taskinstance.py:441} INFO - ::group::Post task execution logs
[2025-10-10T09:12:31.770+0000] {taskinstance.py:1206} INFO - Marking task as SUCCESS. dag_id=songkhla_weather_half_hourly_automation, task_id=scrape_last_2_days_and_upload, run_id=manual__2025-10-10T09:12:06.255622+00:00, execution_date=20251010T091206, start_date=20251010T091207, end_date=20251010T091231
[2025-10-10T09:12:31.809+0000] {local_task_job_runner.py:240} INFO - Task exited with return code 0
[2025-10-10T09:12:31.819+0000] {taskinstance.py:3503} INFO - 0 downstream tasks scheduled from follow-on schedule check
[2025-10-10T09:12:31.821+0000] {local_task_job_runner.py:222} INFO - ::endgroup::
