[2025-09-19T12:06:04.236+0000] {local_task_job_runner.py:120} INFO - ::group::Pre task execution logs
[2025-09-19T12:06:04.267+0000] {taskinstance.py:2076} INFO - Dependencies all met for dep_context=non-requeueable deps ti=<TaskInstance: timeseries_pipeline.check_file_exists scheduled__2025-09-18T00:00:00+00:00 [queued]>
[2025-09-19T12:06:04.277+0000] {taskinstance.py:2076} INFO - Dependencies all met for dep_context=requeueable deps ti=<TaskInstance: timeseries_pipeline.check_file_exists scheduled__2025-09-18T00:00:00+00:00 [queued]>
[2025-09-19T12:06:04.278+0000] {taskinstance.py:2306} INFO - Starting attempt 1 of 1
[2025-09-19T12:06:04.293+0000] {taskinstance.py:2330} INFO - Executing <Task(PythonOperator): check_file_exists> on 2025-09-18 00:00:00+00:00
[2025-09-19T12:06:04.308+0000] {standard_task_runner.py:90} INFO - Running: ['***', 'tasks', 'run', 'timeseries_pipeline', 'check_file_exists', 'scheduled__2025-09-18T00:00:00+00:00', '--job-id', '3', '--raw', '--subdir', 'DAGS_FOLDER/timeseries_pipeline.py', '--cfg-path', '/tmp/tmpn28htxqj']
[2025-09-19T12:06:04.311+0000] {logging_mixin.py:188} WARNING - /home/***/.local/lib/python3.12/site-packages/***/task/task_runner/standard_task_runner.py:61 DeprecationWarning: This process (pid=216) is multi-threaded, use of fork() may lead to deadlocks in the child.
[2025-09-19T12:06:04.315+0000] {standard_task_runner.py:91} INFO - Job 3: Subtask check_file_exists
[2025-09-19T12:06:04.315+0000] {standard_task_runner.py:63} INFO - Started process 219 to run task
[2025-09-19T12:06:04.411+0000] {task_command.py:426} INFO - Running <TaskInstance: timeseries_pipeline.check_file_exists scheduled__2025-09-18T00:00:00+00:00 [running]> on host b412afdc886c
[2025-09-19T12:06:04.536+0000] {taskinstance.py:2648} INFO - Exporting env vars: AIRFLOW_CTX_DAG_OWNER='***' AIRFLOW_CTX_DAG_ID='timeseries_pipeline' AIRFLOW_CTX_TASK_ID='check_file_exists' AIRFLOW_CTX_EXECUTION_DATE='2025-09-18T00:00:00+00:00' AIRFLOW_CTX_TRY_NUMBER='1' AIRFLOW_CTX_DAG_RUN_ID='scheduled__2025-09-18T00:00:00+00:00'
[2025-09-19T12:06:04.538+0000] {taskinstance.py:430} INFO - ::endgroup::
[2025-09-19T12:06:04.580+0000] {taskinstance.py:441} INFO - ::group::Post task execution logs
[2025-09-19T12:06:04.582+0000] {taskinstance.py:2905} ERROR - Task failed with exception
Traceback (most recent call last):
  File "/home/airflow/.local/lib/python3.12/site-packages/airflow/models/taskinstance.py", line 465, in _execute_task
    result = _execute_callable(context=context, **execute_callable_kwargs)
             ^^^^^^^^^^^^^^^^^^^^^^^^^^^^^^^^^^^^^^^^^^^^^^^^^^^^^^^^^^^^^
  File "/home/airflow/.local/lib/python3.12/site-packages/airflow/models/taskinstance.py", line 432, in _execute_callable
    return execute_callable(context=context, **execute_callable_kwargs)
           ^^^^^^^^^^^^^^^^^^^^^^^^^^^^^^^^^^^^^^^^^^^^^^^^^^^^^^^^^^^^
  File "/home/airflow/.local/lib/python3.12/site-packages/airflow/models/baseoperator.py", line 401, in wrapper
    return func(self, *args, **kwargs)
           ^^^^^^^^^^^^^^^^^^^^^^^^^^^
  File "/home/airflow/.local/lib/python3.12/site-packages/airflow/operators/python.py", line 235, in execute
    return_value = self.execute_callable()
                   ^^^^^^^^^^^^^^^^^^^^^^^
  File "/home/airflow/.local/lib/python3.12/site-packages/airflow/operators/python.py", line 252, in execute_callable
    return self.python_callable(*self.op_args, **self.op_kwargs)
           ^^^^^^^^^^^^^^^^^^^^^^^^^^^^^^^^^^^^^^^^^^^^^^^^^^^^^
  File "/opt/airflow/dags/tasks/check_file_task.py", line 7, in check_file_exists
    raise FileNotFoundError(f"File not found: {file_path}")
FileNotFoundError: File not found: data/raw/timeseries.csv
[2025-09-19T12:06:04.601+0000] {taskinstance.py:1206} INFO - Marking task as FAILED. dag_id=timeseries_pipeline, task_id=check_file_exists, run_id=scheduled__2025-09-18T00:00:00+00:00, execution_date=20250918T000000, start_date=20250919T120604, end_date=20250919T120604
[2025-09-19T12:06:04.619+0000] {standard_task_runner.py:110} ERROR - Failed to execute job 3 for task check_file_exists (File not found: data/raw/timeseries.csv; 219)
[2025-09-19T12:06:04.651+0000] {local_task_job_runner.py:240} INFO - Task exited with return code 1
[2025-09-19T12:06:04.690+0000] {taskinstance.py:3503} INFO - 0 downstream tasks scheduled from follow-on schedule check
[2025-09-19T12:06:04.699+0000] {local_task_job_runner.py:222} INFO - ::endgroup::
