[2025-10-10T09:12:16.223+0000] {local_task_job_runner.py:120} INFO - ::group::Pre task execution logs
[2025-10-10T09:12:16.399+0000] {taskinstance.py:2076} INFO - Dependencies all met for dep_context=non-requeueable deps ti=<TaskInstance: songkhla_weather_half_hourly_automation.scrape_last_2_days_and_upload manual__2025-10-10T09:06:50.285165+00:00 [queued]>
[2025-10-10T09:12:16.406+0000] {taskinstance.py:2076} INFO - Dependencies all met for dep_context=requeueable deps ti=<TaskInstance: songkhla_weather_half_hourly_automation.scrape_last_2_days_and_upload manual__2025-10-10T09:06:50.285165+00:00 [queued]>
[2025-10-10T09:12:16.407+0000] {taskinstance.py:2306} INFO - Starting attempt 2 of 2
[2025-10-10T09:12:16.418+0000] {taskinstance.py:2330} INFO - Executing <Task(PythonOperator): scrape_last_2_days_and_upload> on 2025-10-10 09:06:50.285165+00:00
[2025-10-10T09:12:16.425+0000] {logging_mixin.py:188} WARNING - /home/***/.local/lib/python3.12/site-packages/***/task/task_runner/standard_task_runner.py:61 DeprecationWarning: This process (pid=3375) is multi-threaded, use of fork() may lead to deadlocks in the child.
[2025-10-10T09:12:16.426+0000] {standard_task_runner.py:63} INFO - Started process 3377 to run task
[2025-10-10T09:12:16.425+0000] {standard_task_runner.py:90} INFO - Running: ['***', 'tasks', 'run', 'songkhla_weather_half_hourly_automation', 'scrape_last_2_days_and_upload', 'manual__2025-10-10T09:06:50.285165+00:00', '--job-id', '8', '--raw', '--subdir', 'DAGS_FOLDER/scraping_weather.py', '--cfg-path', '/tmp/tmpsm4x0ihx']
[2025-10-10T09:12:16.427+0000] {standard_task_runner.py:91} INFO - Job 8: Subtask scrape_last_2_days_and_upload
[2025-10-10T09:12:16.438+0000] {logging_mixin.py:188} WARNING - /home/***/.local/lib/python3.12/site-packages/***/settings.py:195 DeprecationWarning: The sql_alchemy_conn option in [core] has been moved to the sql_alchemy_conn option in [database] - the old setting has been used, but please update your config.
[2025-10-10T09:12:16.466+0000] {task_command.py:426} INFO - Running <TaskInstance: songkhla_weather_half_hourly_automation.scrape_last_2_days_and_upload manual__2025-10-10T09:06:50.285165+00:00 [running]> on host 104b2f41d292
[2025-10-10T09:12:16.535+0000] {taskinstance.py:2648} INFO - Exporting env vars: AIRFLOW_CTX_DAG_OWNER='***' AIRFLOW_CTX_DAG_ID='songkhla_weather_half_hourly_automation' AIRFLOW_CTX_TASK_ID='scrape_last_2_days_and_upload' AIRFLOW_CTX_EXECUTION_DATE='2025-10-10T09:06:50.285165+00:00' AIRFLOW_CTX_TRY_NUMBER='2' AIRFLOW_CTX_DAG_RUN_ID='manual__2025-10-10T09:06:50.285165+00:00'
[2025-10-10T09:12:16.536+0000] {taskinstance.py:430} INFO - ::endgroup::
[2025-10-10T09:12:22.623+0000] {scraping_weather.py:81} INFO - 🔄 เริ่ม scrap วันที่ 2025-10-09
[2025-10-10T09:12:25.146+0000] {scraping_weather.py:105} INFO - 📊 พบ 48 แถวในวันที่ 2025-10-09
[2025-10-10T09:12:30.585+0000] {scraping_weather.py:81} INFO - 🔄 เริ่ม scrap วันที่ 2025-10-10
[2025-10-10T09:12:32.981+0000] {scraping_weather.py:105} INFO - 📊 พบ 32 แถวในวันที่ 2025-10-10
[2025-10-10T09:12:40.058+0000] {base.py:84} INFO - Using connection ID 'postgres_default' for task execution.
[2025-10-10T09:12:40.061+0000] {scraping_weather.py:43} INFO - ✅ ตรวจสอบ/สร้างตาราง songkhla_weather_half_hourly เรียบร้อย
[2025-10-10T09:12:40.063+0000] {base.py:84} INFO - Using connection ID 'postgres_default' for task execution.
[2025-10-10T09:12:40.080+0000] {scraping_weather.py:179} INFO - ✅ บันทึกข้อมูลเรียบร้อย: 80 แถว (ทั้งหมด 80 แถว)
[2025-10-10T09:12:40.080+0000] {python.py:237} INFO - Done. Returned value was: None
[2025-10-10T09:12:40.081+0000] {taskinstance.py:441} INFO - ::group::Post task execution logs
[2025-10-10T09:12:40.088+0000] {taskinstance.py:1206} INFO - Marking task as SUCCESS. dag_id=songkhla_weather_half_hourly_automation, task_id=scrape_last_2_days_and_upload, run_id=manual__2025-10-10T09:06:50.285165+00:00, execution_date=20251010T090650, start_date=20251010T091216, end_date=20251010T091240
[2025-10-10T09:12:40.139+0000] {local_task_job_runner.py:240} INFO - Task exited with return code 0
[2025-10-10T09:12:40.153+0000] {taskinstance.py:3503} INFO - 0 downstream tasks scheduled from follow-on schedule check
[2025-10-10T09:12:40.157+0000] {local_task_job_runner.py:222} INFO - ::endgroup::
