[2025-10-09T18:00:00.741+0000] {local_task_job_runner.py:120} INFO - ::group::Pre task execution logs
[2025-10-09T18:00:00.878+0000] {taskinstance.py:2076} INFO - Dependencies all met for dep_context=non-requeueable deps ti=<TaskInstance: songkhla_weather_half_hourly_automation.scrape_last_2_days_and_upload scheduled__2025-10-09T12:00:00+00:00 [queued]>
[2025-10-09T18:00:00.886+0000] {taskinstance.py:2076} INFO - Dependencies all met for dep_context=requeueable deps ti=<TaskInstance: songkhla_weather_half_hourly_automation.scrape_last_2_days_and_upload scheduled__2025-10-09T12:00:00+00:00 [queued]>
[2025-10-09T18:00:00.887+0000] {taskinstance.py:2306} INFO - Starting attempt 1 of 2
[2025-10-09T18:00:00.905+0000] {taskinstance.py:2330} INFO - Executing <Task(PythonOperator): scrape_last_2_days_and_upload> on 2025-10-09 12:00:00+00:00
[2025-10-09T18:00:00.912+0000] {logging_mixin.py:188} WARNING - /home/***/.local/lib/python3.12/site-packages/***/task/task_runner/standard_task_runner.py:61 DeprecationWarning: This process (pid=7802) is multi-threaded, use of fork() may lead to deadlocks in the child.
[2025-10-09T18:00:00.913+0000] {standard_task_runner.py:63} INFO - Started process 7808 to run task
[2025-10-09T18:00:00.912+0000] {standard_task_runner.py:90} INFO - Running: ['***', 'tasks', 'run', 'songkhla_weather_half_hourly_automation', 'scrape_last_2_days_and_upload', 'scheduled__2025-10-09T12:00:00+00:00', '--job-id', '7', '--raw', '--subdir', 'DAGS_FOLDER/scraping_weather.py', '--cfg-path', '/tmp/tmpqjc8471o']
[2025-10-09T18:00:00.914+0000] {standard_task_runner.py:91} INFO - Job 7: Subtask scrape_last_2_days_and_upload
[2025-10-09T18:00:00.950+0000] {task_command.py:426} INFO - Running <TaskInstance: songkhla_weather_half_hourly_automation.scrape_last_2_days_and_upload scheduled__2025-10-09T12:00:00+00:00 [running]> on host 1b0f4dcb54df
[2025-10-09T18:00:01.016+0000] {taskinstance.py:2648} INFO - Exporting env vars: AIRFLOW_CTX_DAG_OWNER='***' AIRFLOW_CTX_DAG_ID='songkhla_weather_half_hourly_automation' AIRFLOW_CTX_TASK_ID='scrape_last_2_days_and_upload' AIRFLOW_CTX_EXECUTION_DATE='2025-10-09T12:00:00+00:00' AIRFLOW_CTX_TRY_NUMBER='1' AIRFLOW_CTX_DAG_RUN_ID='scheduled__2025-10-09T12:00:00+00:00'
[2025-10-09T18:00:01.018+0000] {taskinstance.py:430} INFO - ::endgroup::
[2025-10-09T18:00:12.346+0000] {scraping_weather.py:81} INFO - 🔄 เริ่ม scrap วันที่ 2025-10-08
[2025-10-09T18:00:22.709+0000] {scraping_weather.py:105} INFO - 📊 พบ 48 แถวในวันที่ 2025-10-08
[2025-10-09T18:00:27.977+0000] {scraping_weather.py:81} INFO - 🔄 เริ่ม scrap วันที่ 2025-10-09
[2025-10-09T18:00:41.411+0000] {scraping_weather.py:105} INFO - 📊 พบ 48 แถวในวันที่ 2025-10-09
[2025-10-09T18:00:47.631+0000] {base.py:84} INFO - Using connection ID 'postgres_default' for task execution.
[2025-10-09T18:00:47.634+0000] {scraping_weather.py:182} ERROR - 💥 เกิดข้อผิดพลาดร้ายแรง: connection to server at "postgres" (172.19.0.2), port 5432 failed: FATAL:  password authentication failed for user "postgres"

[2025-10-09T18:00:47.635+0000] {connectionpool.py:874} WARNING - Retrying (Retry(total=2, connect=None, read=None, redirect=None, status=None)) after connection broken by 'NewConnectionError('<urllib3.connection.HTTPConnection object at 0x7fdda4814980>: Failed to establish a new connection: [Errno 111] Connection refused')': /session/d6afe08d12f2bb83c9c02eb51d094e25
[2025-10-09T18:00:47.636+0000] {connectionpool.py:874} WARNING - Retrying (Retry(total=1, connect=None, read=None, redirect=None, status=None)) after connection broken by 'NewConnectionError('<urllib3.connection.HTTPConnection object at 0x7fdda4814860>: Failed to establish a new connection: [Errno 111] Connection refused')': /session/d6afe08d12f2bb83c9c02eb51d094e25
[2025-10-09T18:00:47.636+0000] {connectionpool.py:874} WARNING - Retrying (Retry(total=0, connect=None, read=None, redirect=None, status=None)) after connection broken by 'NewConnectionError('<urllib3.connection.HTTPConnection object at 0x7fdda4815250>: Failed to establish a new connection: [Errno 111] Connection refused')': /session/d6afe08d12f2bb83c9c02eb51d094e25
[2025-10-09T18:00:47.637+0000] {taskinstance.py:441} INFO - ::group::Post task execution logs
[2025-10-09T18:00:47.637+0000] {taskinstance.py:2905} ERROR - Task failed with exception
Traceback (most recent call last):
  File "/home/airflow/.local/lib/python3.12/site-packages/airflow/models/taskinstance.py", line 465, in _execute_task
    result = _execute_callable(context=context, **execute_callable_kwargs)
             ^^^^^^^^^^^^^^^^^^^^^^^^^^^^^^^^^^^^^^^^^^^^^^^^^^^^^^^^^^^^^
  File "/home/airflow/.local/lib/python3.12/site-packages/airflow/models/taskinstance.py", line 432, in _execute_callable
    return execute_callable(context=context, **execute_callable_kwargs)
           ^^^^^^^^^^^^^^^^^^^^^^^^^^^^^^^^^^^^^^^^^^^^^^^^^^^^^^^^^^^^
  File "/home/airflow/.local/lib/python3.12/site-packages/airflow/models/baseoperator.py", line 401, in wrapper
    return func(self, *args, **kwargs)
           ^^^^^^^^^^^^^^^^^^^^^^^^^^^
  File "/home/airflow/.local/lib/python3.12/site-packages/airflow/operators/python.py", line 235, in execute
    return_value = self.execute_callable()
                   ^^^^^^^^^^^^^^^^^^^^^^^
  File "/home/airflow/.local/lib/python3.12/site-packages/airflow/operators/python.py", line 252, in execute_callable
    return self.python_callable(*self.op_args, **self.op_kwargs)
           ^^^^^^^^^^^^^^^^^^^^^^^^^^^^^^^^^^^^^^^^^^^^^^^^^^^^^
  File "/opt/airflow/dags/scraping_weather.py", line 147, in scrape_last_2_days_and_upload
    create_hourly_table_if_not_exists()
  File "/opt/airflow/dags/scraping_weather.py", line 26, in create_hourly_table_if_not_exists
    conn = pg_hook.get_conn()
           ^^^^^^^^^^^^^^^^^^
  File "/home/airflow/.local/lib/python3.12/site-packages/airflow/providers/postgres/hooks/postgres.py", line 175, in get_conn
    self.conn = psycopg2.connect(**conn_args)
                ^^^^^^^^^^^^^^^^^^^^^^^^^^^^^
  File "/home/airflow/.local/lib/python3.12/site-packages/psycopg2/__init__.py", line 122, in connect
    conn = _connect(dsn, connection_factory=connection_factory, **kwasync)
           ^^^^^^^^^^^^^^^^^^^^^^^^^^^^^^^^^^^^^^^^^^^^^^^^^^^^^^^^^^^^^^^
psycopg2.OperationalError: connection to server at "postgres" (172.19.0.2), port 5432 failed: FATAL:  password authentication failed for user "postgres"

[2025-10-09T18:00:47.648+0000] {taskinstance.py:1206} INFO - Marking task as UP_FOR_RETRY. dag_id=songkhla_weather_half_hourly_automation, task_id=scrape_last_2_days_and_upload, run_id=scheduled__2025-10-09T12:00:00+00:00, execution_date=20251009T120000, start_date=20251009T180000, end_date=20251009T180047
[2025-10-09T18:00:47.657+0000] {standard_task_runner.py:110} ERROR - Failed to execute job 7 for task scrape_last_2_days_and_upload (connection to server at "postgres" (172.19.0.2), port 5432 failed: FATAL:  password authentication failed for user "postgres"
; 7808)
[2025-10-09T18:00:47.685+0000] {local_task_job_runner.py:240} INFO - Task exited with return code 1
[2025-10-09T18:00:47.696+0000] {taskinstance.py:3503} INFO - 0 downstream tasks scheduled from follow-on schedule check
[2025-10-09T18:00:47.698+0000] {local_task_job_runner.py:222} INFO - ::endgroup::
