[2025-09-19T12:34:02.461+0000] {local_task_job_runner.py:120} INFO - ::group::Pre task execution logs
[2025-09-19T12:34:02.511+0000] {taskinstance.py:2076} INFO - Dependencies all met for dep_context=non-requeueable deps ti=<TaskInstance: timeseries_pipeline.check_file_exists manual__2025-09-19T12:34:00.179202+00:00 [queued]>
[2025-09-19T12:34:02.524+0000] {taskinstance.py:2076} INFO - Dependencies all met for dep_context=requeueable deps ti=<TaskInstance: timeseries_pipeline.check_file_exists manual__2025-09-19T12:34:00.179202+00:00 [queued]>
[2025-09-19T12:34:02.525+0000] {taskinstance.py:2306} INFO - Starting attempt 1 of 1
[2025-09-19T12:34:02.550+0000] {taskinstance.py:2330} INFO - Executing <Task(PythonOperator): check_file_exists> on 2025-09-19 12:34:00.179202+00:00
[2025-09-19T12:34:02.567+0000] {logging_mixin.py:188} WARNING - /home/***/.local/lib/python3.12/site-packages/***/task/task_runner/standard_task_runner.py:61 DeprecationWarning: This process (pid=197) is multi-threaded, use of fork() may lead to deadlocks in the child.
[2025-09-19T12:34:02.566+0000] {standard_task_runner.py:90} INFO - Running: ['***', 'tasks', 'run', 'timeseries_pipeline', 'check_file_exists', 'manual__2025-09-19T12:34:00.179202+00:00', '--job-id', '15', '--raw', '--subdir', 'DAGS_FOLDER/timeseries_pipeline.py', '--cfg-path', '/tmp/tmp19rorwya']
[2025-09-19T12:34:02.570+0000] {standard_task_runner.py:63} INFO - Started process 203 to run task
[2025-09-19T12:34:02.571+0000] {standard_task_runner.py:91} INFO - Job 15: Subtask check_file_exists
[2025-09-19T12:34:02.655+0000] {task_command.py:426} INFO - Running <TaskInstance: timeseries_pipeline.check_file_exists manual__2025-09-19T12:34:00.179202+00:00 [running]> on host 0035d074727e
[2025-09-19T12:34:02.759+0000] {taskinstance.py:2648} INFO - Exporting env vars: AIRFLOW_CTX_DAG_OWNER='***' AIRFLOW_CTX_DAG_ID='timeseries_pipeline' AIRFLOW_CTX_TASK_ID='check_file_exists' AIRFLOW_CTX_EXECUTION_DATE='2025-09-19T12:34:00.179202+00:00' AIRFLOW_CTX_TRY_NUMBER='1' AIRFLOW_CTX_DAG_RUN_ID='manual__2025-09-19T12:34:00.179202+00:00'
[2025-09-19T12:34:02.761+0000] {taskinstance.py:430} INFO - ::endgroup::
[2025-09-19T12:34:03.918+0000] {logging_mixin.py:188} INFO - 📊 Columns in CSV: ['symbol', 'date', 'open', 'high', 'low', 'close', 'volume']
[2025-09-19T12:34:03.921+0000] {logging_mixin.py:188} INFO - 🔍 First rows:
[2025-09-19T12:34:03.943+0000] {logging_mixin.py:188} INFO -    symbol        date      open      high       low     close    volume
0    AAL  2014-01-02   25.0700   25.8200   25.0600   25.3600   8998943
1   AAPL  2014-01-02   79.3828   79.5756   78.8601   79.0185  58791957
2    AAP  2014-01-02  110.3600  111.8800  109.2900  109.7400    542711
3   ABBV  2014-01-02   52.1200   52.3300   51.5200   51.9800   4569061
4    ABC  2014-01-02   70.1100   70.2300   69.4800   69.8900   1148391
[2025-09-19T12:34:03.966+0000] {logging_mixin.py:188} INFO - ✅ File validation passed!
[2025-09-19T12:34:03.977+0000] {python.py:237} INFO - Done. Returned value was: None
[2025-09-19T12:34:03.985+0000] {taskinstance.py:441} INFO - ::group::Post task execution logs
[2025-09-19T12:34:04.001+0000] {taskinstance.py:1206} INFO - Marking task as SUCCESS. dag_id=timeseries_pipeline, task_id=check_file_exists, run_id=manual__2025-09-19T12:34:00.179202+00:00, execution_date=20250919T123400, start_date=20250919T123402, end_date=20250919T123404
[2025-09-19T12:34:04.071+0000] {local_task_job_runner.py:240} INFO - Task exited with return code 0
[2025-09-19T12:34:04.105+0000] {taskinstance.py:3503} INFO - 0 downstream tasks scheduled from follow-on schedule check
[2025-09-19T12:34:04.108+0000] {local_task_job_runner.py:222} INFO - ::endgroup::
