[2025-09-19T12:44:45.213+0000] {local_task_job_runner.py:120} INFO - ::group::Pre task execution logs
[2025-09-19T12:44:45.256+0000] {taskinstance.py:2076} INFO - Dependencies all met for dep_context=non-requeueable deps ti=<TaskInstance: timeseries_pipeline.forecast_7days manual__2025-09-19T12:44:23.975899+00:00 [queued]>
[2025-09-19T12:44:45.271+0000] {taskinstance.py:2076} INFO - Dependencies all met for dep_context=requeueable deps ti=<TaskInstance: timeseries_pipeline.forecast_7days manual__2025-09-19T12:44:23.975899+00:00 [queued]>
[2025-09-19T12:44:45.272+0000] {taskinstance.py:2306} INFO - Starting attempt 1 of 1
[2025-09-19T12:44:45.299+0000] {taskinstance.py:2330} INFO - Executing <Task(PythonOperator): forecast_7days> on 2025-09-19 12:44:23.975899+00:00
[2025-09-19T12:44:45.314+0000] {standard_task_runner.py:90} INFO - Running: ['***', 'tasks', 'run', 'timeseries_pipeline', 'forecast_7days', 'manual__2025-09-19T12:44:23.975899+00:00', '--job-id', '29', '--raw', '--subdir', 'DAGS_FOLDER/timeseries_pipeline.py', '--cfg-path', '/tmp/tmpgikzek6b']
[2025-09-19T12:44:45.317+0000] {standard_task_runner.py:91} INFO - Job 29: Subtask forecast_7days
[2025-09-19T12:44:45.317+0000] {logging_mixin.py:188} WARNING - /home/***/.local/lib/python3.12/site-packages/***/task/task_runner/standard_task_runner.py:61 DeprecationWarning: This process (pid=493) is multi-threaded, use of fork() may lead to deadlocks in the child.
[2025-09-19T12:44:45.318+0000] {standard_task_runner.py:63} INFO - Started process 501 to run task
[2025-09-19T12:44:45.398+0000] {task_command.py:426} INFO - Running <TaskInstance: timeseries_pipeline.forecast_7days manual__2025-09-19T12:44:23.975899+00:00 [running]> on host 0035d074727e
[2025-09-19T12:44:45.506+0000] {taskinstance.py:2648} INFO - Exporting env vars: AIRFLOW_CTX_DAG_OWNER='***' AIRFLOW_CTX_DAG_ID='timeseries_pipeline' AIRFLOW_CTX_TASK_ID='forecast_7days' AIRFLOW_CTX_EXECUTION_DATE='2025-09-19T12:44:23.975899+00:00' AIRFLOW_CTX_TRY_NUMBER='1' AIRFLOW_CTX_DAG_RUN_ID='manual__2025-09-19T12:44:23.975899+00:00'
[2025-09-19T12:44:45.509+0000] {taskinstance.py:430} INFO - ::endgroup::
[2025-09-19T12:44:45.530+0000] {logging_mixin.py:188} INFO - 📈 Starting Prophet forecast ...
[2025-09-19T12:44:47.340+0000] {logging_mixin.py:188} INFO - 📊 Data received for forecast:
[2025-09-19T12:44:47.357+0000] {logging_mixin.py:188} INFO -            ds         y
0  2014-01-02   25.3600
1  2014-01-02   79.0185
2  2014-01-02  109.7400
3  2014-01-02   51.9800
4  2014-01-02   69.8900
[2025-09-19T12:45:00.394+0000] {filesystem.py:118} DEBUG - input tempfile: /tmp/tmp9tbhcnmt/xfluzcuq.json
[2025-09-19T12:45:48.490+0000] {filesystem.py:118} DEBUG - input tempfile: /tmp/tmp9tbhcnmt/p0fea8pv.json
[2025-09-19T12:45:48.503+0000] {model.py:2042} DEBUG - idx 0
[2025-09-19T12:45:48.504+0000] {model.py:2043} DEBUG - running CmdStan, num_threads: None
[2025-09-19T12:45:48.505+0000] {model.py:2055} DEBUG - CmdStan args: ['/home/***/.local/lib/python3.12/site-packages/prophet/stan_model/prophet_model.bin', 'random', 'seed=8818', 'data', 'file=/tmp/tmp9tbhcnmt/xfluzcuq.json', 'init=/tmp/tmp9tbhcnmt/p0fea8pv.json', 'output', 'file=/tmp/tmp9tbhcnmt/prophet_model0pjyjfq_/prophet_model-20250919124548.csv', 'method=optimize', 'algorithm=lbfgs', 'iter=10000']
[2025-09-19T12:45:48.506+0000] {logging_mixin.py:188} WARNING - 12:45:48 - cmdstanpy - INFO - Chain [1] start processing
[2025-09-19T12:45:48.506+0000] {model.py:2058} INFO - Chain [1] start processing
[2025-09-19T12:46:28.314+0000] {logging_mixin.py:188} WARNING - 12:46:28 - cmdstanpy - INFO - Chain [1] done processing
[2025-09-19T12:46:28.314+0000] {model.py:2115} INFO - Chain [1] done processing
[2025-09-19T12:46:30.282+0000] {logging_mixin.py:188} INFO - ✅ Forecasted values (last 10 rows):
[2025-09-19T12:46:30.290+0000] {logging_mixin.py:188} INFO -              ds        yhat  yhat_lower  yhat_upper
1004 2017-12-27  105.837650  -23.426638  231.861920
1005 2017-12-28  105.787943  -22.525506  227.151057
1006 2017-12-29  105.747403  -23.014369  244.047518
1007 2017-12-30   99.224511  -31.692997  231.235501
1008 2017-12-31   99.172429  -32.432701  226.368008
1009 2018-01-01  105.533668  -19.169952  227.750655
1010 2018-01-02  105.480931  -21.523950  231.701033
1011 2018-01-03  105.475858  -30.674743  230.519298
1012 2018-01-04  105.393658  -17.706455  234.034641
1013 2018-01-05  105.322416  -24.683427  241.515627
[2025-09-19T12:46:30.368+0000] {python.py:237} INFO - Done. Returned value was: [{'ds': Timestamp('2017-12-30 00:00:00'), 'yhat': 99.22451075877606}, {'ds': Timestamp('2017-12-31 00:00:00'), 'yhat': 99.17242945093585}, {'ds': Timestamp('2018-01-01 00:00:00'), 'yhat': 105.53366823227806}, {'ds': Timestamp('2018-01-02 00:00:00'), 'yhat': 105.48093116465765}, {'ds': Timestamp('2018-01-03 00:00:00'), 'yhat': 105.47585760195322}, {'ds': Timestamp('2018-01-04 00:00:00'), 'yhat': 105.39365792957804}, {'ds': Timestamp('2018-01-05 00:00:00'), 'yhat': 105.32241639667228}]
[2025-09-19T12:46:30.369+0000] {taskinstance.py:441} INFO - ::group::Post task execution logs
[2025-09-19T12:46:30.379+0000] {xcom.py:675} ERROR - Object of type Timestamp is not JSON serializable. If you are using pickle instead of JSON for XCom, then you need to enable pickle support for XCom in your *** config or make sure to decorate your object with attr.
[2025-09-19T12:46:30.382+0000] {taskinstance.py:2905} ERROR - Task failed with exception
Traceback (most recent call last):
  File "/home/airflow/.local/lib/python3.12/site-packages/airflow/utils/json.py", line 91, in default
    return serialize(o)
           ^^^^^^^^^^^^
  File "/home/airflow/.local/lib/python3.12/site-packages/airflow/serialization/serde.py", line 189, in serialize
    raise TypeError(f"cannot serialize object of type {cls}")
TypeError: cannot serialize object of type <class 'pandas._libs.tslibs.timestamps.Timestamp'>

During handling of the above exception, another exception occurred:

Traceback (most recent call last):
  File "/home/airflow/.local/lib/python3.12/site-packages/airflow/models/taskinstance.py", line 486, in _execute_task
    task_instance.xcom_push(key=XCOM_RETURN_KEY, value=xcom_value, session=session)
  File "/home/airflow/.local/lib/python3.12/site-packages/airflow/utils/session.py", line 76, in wrapper
    return func(*args, **kwargs)
           ^^^^^^^^^^^^^^^^^^^^^
  File "/home/airflow/.local/lib/python3.12/site-packages/airflow/models/taskinstance.py", line 3197, in xcom_push
    XCom.set(
  File "/home/airflow/.local/lib/python3.12/site-packages/airflow/utils/session.py", line 76, in wrapper
    return func(*args, **kwargs)
           ^^^^^^^^^^^^^^^^^^^^^
  File "/home/airflow/.local/lib/python3.12/site-packages/airflow/models/xcom.py", line 246, in set
    value = cls.serialize_value(
            ^^^^^^^^^^^^^^^^^^^^
  File "/home/airflow/.local/lib/python3.12/site-packages/airflow/models/xcom.py", line 673, in serialize_value
    return json.dumps(value, cls=XComEncoder).encode("UTF-8")
           ^^^^^^^^^^^^^^^^^^^^^^^^^^^^^^^^^^
  File "/usr/local/lib/python3.12/json/__init__.py", line 238, in dumps
    **kw).encode(obj)
          ^^^^^^^^^^^
  File "/home/airflow/.local/lib/python3.12/site-packages/airflow/utils/json.py", line 104, in encode
    return super().encode(o)
           ^^^^^^^^^^^^^^^^^
  File "/usr/local/lib/python3.12/json/encoder.py", line 200, in encode
    chunks = self.iterencode(o, _one_shot=True)
             ^^^^^^^^^^^^^^^^^^^^^^^^^^^^^^^^^^
  File "/usr/local/lib/python3.12/json/encoder.py", line 258, in iterencode
    return _iterencode(o, 0)
           ^^^^^^^^^^^^^^^^^
  File "/home/airflow/.local/lib/python3.12/site-packages/airflow/utils/json.py", line 93, in default
    return super().default(o)
           ^^^^^^^^^^^^^^^^^^
  File "/usr/local/lib/python3.12/json/encoder.py", line 180, in default
    raise TypeError(f'Object of type {o.__class__.__name__} '
TypeError: Object of type Timestamp is not JSON serializable
[2025-09-19T12:46:30.391+0000] {taskinstance.py:1206} INFO - Marking task as FAILED. dag_id=timeseries_pipeline, task_id=forecast_7days, run_id=manual__2025-09-19T12:44:23.975899+00:00, execution_date=20250919T124423, start_date=20250919T124445, end_date=20250919T124630
[2025-09-19T12:46:30.408+0000] {standard_task_runner.py:110} ERROR - Failed to execute job 29 for task forecast_7days (Object of type Timestamp is not JSON serializable; 501)
[2025-09-19T12:46:30.442+0000] {local_task_job_runner.py:240} INFO - Task exited with return code 1
[2025-09-19T12:46:30.471+0000] {taskinstance.py:3503} INFO - 0 downstream tasks scheduled from follow-on schedule check
[2025-09-19T12:46:30.481+0000] {local_task_job_runner.py:222} INFO - ::endgroup::
