[2025-10-10T09:10:31.177+0000] {local_task_job_runner.py:120} INFO - ::group::Pre task execution logs
[2025-10-10T09:10:31.311+0000] {taskinstance.py:2076} INFO - Dependencies all met for dep_context=non-requeueable deps ti=<TaskInstance: songkhla_weather_half_hourly_automation.scrape_last_2_days_and_upload manual__2025-10-10T09:05:03.786458+00:00 [queued]>
[2025-10-10T09:10:31.318+0000] {taskinstance.py:2076} INFO - Dependencies all met for dep_context=requeueable deps ti=<TaskInstance: songkhla_weather_half_hourly_automation.scrape_last_2_days_and_upload manual__2025-10-10T09:05:03.786458+00:00 [queued]>
[2025-10-10T09:10:31.320+0000] {taskinstance.py:2306} INFO - Starting attempt 2 of 2
[2025-10-10T09:10:31.336+0000] {taskinstance.py:2330} INFO - Executing <Task(PythonOperator): scrape_last_2_days_and_upload> on 2025-10-10 09:05:03.786458+00:00
[2025-10-10T09:10:31.342+0000] {logging_mixin.py:188} WARNING - /home/***/.local/lib/python3.12/site-packages/***/task/task_runner/standard_task_runner.py:61 DeprecationWarning: This process (pid=2182) is multi-threaded, use of fork() may lead to deadlocks in the child.
[2025-10-10T09:10:31.342+0000] {standard_task_runner.py:90} INFO - Running: ['***', 'tasks', 'run', 'songkhla_weather_half_hourly_automation', 'scrape_last_2_days_and_upload', 'manual__2025-10-10T09:05:03.786458+00:00', '--job-id', '6', '--raw', '--subdir', 'DAGS_FOLDER/scraping_weather.py', '--cfg-path', '/tmp/tmpmz08nwb0']
[2025-10-10T09:10:31.344+0000] {standard_task_runner.py:63} INFO - Started process 2201 to run task
[2025-10-10T09:10:31.345+0000] {standard_task_runner.py:91} INFO - Job 6: Subtask scrape_last_2_days_and_upload
[2025-10-10T09:10:31.360+0000] {logging_mixin.py:188} WARNING - /home/***/.local/lib/python3.12/site-packages/***/settings.py:195 DeprecationWarning: The sql_alchemy_conn option in [core] has been moved to the sql_alchemy_conn option in [database] - the old setting has been used, but please update your config.
[2025-10-10T09:10:31.395+0000] {task_command.py:426} INFO - Running <TaskInstance: songkhla_weather_half_hourly_automation.scrape_last_2_days_and_upload manual__2025-10-10T09:05:03.786458+00:00 [running]> on host 104b2f41d292
[2025-10-10T09:10:31.466+0000] {taskinstance.py:2648} INFO - Exporting env vars: AIRFLOW_CTX_DAG_OWNER='***' AIRFLOW_CTX_DAG_ID='songkhla_weather_half_hourly_automation' AIRFLOW_CTX_TASK_ID='scrape_last_2_days_and_upload' AIRFLOW_CTX_EXECUTION_DATE='2025-10-10T09:05:03.786458+00:00' AIRFLOW_CTX_TRY_NUMBER='2' AIRFLOW_CTX_DAG_RUN_ID='manual__2025-10-10T09:05:03.786458+00:00'
[2025-10-10T09:10:31.467+0000] {taskinstance.py:430} INFO - ::endgroup::
[2025-10-10T09:10:40.094+0000] {scraping_weather.py:81} INFO - 🔄 เริ่ม scrap วันที่ 2025-10-09
[2025-10-10T09:10:43.488+0000] {scraping_weather.py:105} INFO - 📊 พบ 48 แถวในวันที่ 2025-10-09
[2025-10-10T09:10:49.033+0000] {scraping_weather.py:81} INFO - 🔄 เริ่ม scrap วันที่ 2025-10-10
[2025-10-10T09:10:51.336+0000] {scraping_weather.py:105} INFO - 📊 พบ 32 แถวในวันที่ 2025-10-10
[2025-10-10T09:10:55.862+0000] {base.py:84} INFO - Using connection ID 'postgres_default' for task execution.
[2025-10-10T09:10:55.865+0000] {scraping_weather.py:43} INFO - ✅ ตรวจสอบ/สร้างตาราง songkhla_weather_half_hourly เรียบร้อย
[2025-10-10T09:10:55.871+0000] {scraping_weather.py:182} ERROR - 💥 เกิดข้อผิดพลาดร้ายแรง: The conn_id `my_postgres_db` isn't defined
[2025-10-10T09:10:55.872+0000] {connectionpool.py:872} WARNING - Retrying (Retry(total=2, connect=None, read=None, redirect=None, status=None)) after connection broken by 'NewConnectionError('<urllib3.connection.HTTPConnection object at 0x7fb55bfe1f70>: Failed to establish a new connection: [Errno 111] Connection refused')': /session/d56dd67493890471f095c95e9a235cba
[2025-10-10T09:10:55.873+0000] {connectionpool.py:872} WARNING - Retrying (Retry(total=1, connect=None, read=None, redirect=None, status=None)) after connection broken by 'NewConnectionError('<urllib3.connection.HTTPConnection object at 0x7fb55bfe2450>: Failed to establish a new connection: [Errno 111] Connection refused')': /session/d56dd67493890471f095c95e9a235cba
[2025-10-10T09:10:55.873+0000] {connectionpool.py:872} WARNING - Retrying (Retry(total=0, connect=None, read=None, redirect=None, status=None)) after connection broken by 'NewConnectionError('<urllib3.connection.HTTPConnection object at 0x7fb55bfe2510>: Failed to establish a new connection: [Errno 111] Connection refused')': /session/d56dd67493890471f095c95e9a235cba
[2025-10-10T09:10:55.874+0000] {taskinstance.py:441} INFO - ::group::Post task execution logs
[2025-10-10T09:10:55.879+0000] {taskinstance.py:2905} ERROR - Task failed with exception
Traceback (most recent call last):
  File "/home/airflow/.local/lib/python3.12/site-packages/airflow/models/taskinstance.py", line 465, in _execute_task
    result = _execute_callable(context=context, **execute_callable_kwargs)
             ^^^^^^^^^^^^^^^^^^^^^^^^^^^^^^^^^^^^^^^^^^^^^^^^^^^^^^^^^^^^^
  File "/home/airflow/.local/lib/python3.12/site-packages/airflow/models/taskinstance.py", line 432, in _execute_callable
    return execute_callable(context=context, **execute_callable_kwargs)
           ^^^^^^^^^^^^^^^^^^^^^^^^^^^^^^^^^^^^^^^^^^^^^^^^^^^^^^^^^^^^
  File "/home/airflow/.local/lib/python3.12/site-packages/airflow/models/baseoperator.py", line 401, in wrapper
    return func(self, *args, **kwargs)
           ^^^^^^^^^^^^^^^^^^^^^^^^^^^
  File "/home/airflow/.local/lib/python3.12/site-packages/airflow/operators/python.py", line 235, in execute
    return_value = self.execute_callable()
                   ^^^^^^^^^^^^^^^^^^^^^^^
  File "/home/airflow/.local/lib/python3.12/site-packages/airflow/operators/python.py", line 252, in execute_callable
    return self.python_callable(*self.op_args, **self.op_kwargs)
           ^^^^^^^^^^^^^^^^^^^^^^^^^^^^^^^^^^^^^^^^^^^^^^^^^^^^^
  File "/opt/airflow/dags/scraping_weather.py", line 151, in scrape_last_2_days_and_upload
    conn = pg_hook.get_conn()
           ^^^^^^^^^^^^^^^^^^
  File "/home/airflow/.local/lib/python3.12/site-packages/airflow/providers/postgres/hooks/postgres.py", line 145, in get_conn
    conn = deepcopy(self.connection or self.get_connection(conn_id))
                                       ^^^^^^^^^^^^^^^^^^^^^^^^^^^^
  File "/home/airflow/.local/lib/python3.12/site-packages/airflow/hooks/base.py", line 83, in get_connection
    conn = Connection.get_connection_from_secrets(conn_id)
           ^^^^^^^^^^^^^^^^^^^^^^^^^^^^^^^^^^^^^^^^^^^^^^^
  File "/home/airflow/.local/lib/python3.12/site-packages/airflow/models/connection.py", line 519, in get_connection_from_secrets
    raise AirflowNotFoundException(f"The conn_id `{conn_id}` isn't defined")
airflow.exceptions.AirflowNotFoundException: The conn_id `my_postgres_db` isn't defined
[2025-10-10T09:10:55.884+0000] {taskinstance.py:1206} INFO - Marking task as FAILED. dag_id=songkhla_weather_half_hourly_automation, task_id=scrape_last_2_days_and_upload, run_id=manual__2025-10-10T09:05:03.786458+00:00, execution_date=20251010T090503, start_date=20251010T091031, end_date=20251010T091055
[2025-10-10T09:10:55.896+0000] {standard_task_runner.py:110} ERROR - Failed to execute job 6 for task scrape_last_2_days_and_upload (The conn_id `my_postgres_db` isn't defined; 2201)
[2025-10-10T09:10:55.926+0000] {local_task_job_runner.py:240} INFO - Task exited with return code 1
[2025-10-10T09:10:55.935+0000] {taskinstance.py:3503} INFO - 0 downstream tasks scheduled from follow-on schedule check
[2025-10-10T09:10:55.940+0000] {local_task_job_runner.py:222} INFO - ::endgroup::
