[2025-10-10T09:05:04.509+0000] {local_task_job_runner.py:120} INFO - ::group::Pre task execution logs
[2025-10-10T09:05:04.644+0000] {taskinstance.py:2076} INFO - Dependencies all met for dep_context=non-requeueable deps ti=<TaskInstance: songkhla_weather_half_hourly_automation.scrape_last_2_days_and_upload manual__2025-10-10T09:05:03.786458+00:00 [queued]>
[2025-10-10T09:05:04.652+0000] {taskinstance.py:2076} INFO - Dependencies all met for dep_context=requeueable deps ti=<TaskInstance: songkhla_weather_half_hourly_automation.scrape_last_2_days_and_upload manual__2025-10-10T09:05:03.786458+00:00 [queued]>
[2025-10-10T09:05:04.654+0000] {taskinstance.py:2306} INFO - Starting attempt 1 of 2
[2025-10-10T09:05:04.666+0000] {taskinstance.py:2330} INFO - Executing <Task(PythonOperator): scrape_last_2_days_and_upload> on 2025-10-10 09:05:03.786458+00:00
[2025-10-10T09:05:04.671+0000] {logging_mixin.py:188} WARNING - /home/***/.local/lib/python3.12/site-packages/***/task/task_runner/standard_task_runner.py:61 DeprecationWarning: This process (pid=338) is multi-threaded, use of fork() may lead to deadlocks in the child.
[2025-10-10T09:05:04.672+0000] {standard_task_runner.py:63} INFO - Started process 342 to run task
[2025-10-10T09:05:04.671+0000] {standard_task_runner.py:90} INFO - Running: ['***', 'tasks', 'run', 'songkhla_weather_half_hourly_automation', 'scrape_last_2_days_and_upload', 'manual__2025-10-10T09:05:03.786458+00:00', '--job-id', '3', '--raw', '--subdir', 'DAGS_FOLDER/scraping_weather.py', '--cfg-path', '/tmp/tmprahif8t3']
[2025-10-10T09:05:04.672+0000] {standard_task_runner.py:91} INFO - Job 3: Subtask scrape_last_2_days_and_upload
[2025-10-10T09:05:04.684+0000] {logging_mixin.py:188} WARNING - /home/***/.local/lib/python3.12/site-packages/***/settings.py:195 DeprecationWarning: The sql_alchemy_conn option in [core] has been moved to the sql_alchemy_conn option in [database] - the old setting has been used, but please update your config.
[2025-10-10T09:05:04.715+0000] {task_command.py:426} INFO - Running <TaskInstance: songkhla_weather_half_hourly_automation.scrape_last_2_days_and_upload manual__2025-10-10T09:05:03.786458+00:00 [running]> on host 104b2f41d292
[2025-10-10T09:05:04.788+0000] {taskinstance.py:2648} INFO - Exporting env vars: AIRFLOW_CTX_DAG_OWNER='***' AIRFLOW_CTX_DAG_ID='songkhla_weather_half_hourly_automation' AIRFLOW_CTX_TASK_ID='scrape_last_2_days_and_upload' AIRFLOW_CTX_EXECUTION_DATE='2025-10-10T09:05:03.786458+00:00' AIRFLOW_CTX_TRY_NUMBER='1' AIRFLOW_CTX_DAG_RUN_ID='manual__2025-10-10T09:05:03.786458+00:00'
[2025-10-10T09:05:04.789+0000] {taskinstance.py:430} INFO - ::endgroup::
[2025-10-10T09:05:13.215+0000] {scraping_weather.py:81} INFO - 🔄 เริ่ม scrap วันที่ 2025-10-09
[2025-10-10T09:05:16.944+0000] {scraping_weather.py:105} INFO - 📊 พบ 48 แถวในวันที่ 2025-10-09
[2025-10-10T09:05:22.590+0000] {scraping_weather.py:81} INFO - 🔄 เริ่ม scrap วันที่ 2025-10-10
[2025-10-10T09:05:24.138+0000] {scraping_weather.py:105} INFO - 📊 พบ 32 แถวในวันที่ 2025-10-10
[2025-10-10T09:05:29.660+0000] {base.py:84} INFO - Using connection ID 'postgres_default' for task execution.
[2025-10-10T09:05:29.664+0000] {scraping_weather.py:43} INFO - ✅ ตรวจสอบ/สร้างตาราง songkhla_weather_half_hourly เรียบร้อย
[2025-10-10T09:05:29.670+0000] {scraping_weather.py:182} ERROR - 💥 เกิดข้อผิดพลาดร้ายแรง: The conn_id `my_postgres_db` isn't defined
[2025-10-10T09:05:29.671+0000] {connectionpool.py:872} WARNING - Retrying (Retry(total=2, connect=None, read=None, redirect=None, status=None)) after connection broken by 'NewConnectionError('<urllib3.connection.HTTPConnection object at 0x7fb55bfc44a0>: Failed to establish a new connection: [Errno 111] Connection refused')': /session/ae462ac5c66c58f2ed7f294a108d1d8e
[2025-10-10T09:05:29.671+0000] {connectionpool.py:872} WARNING - Retrying (Retry(total=1, connect=None, read=None, redirect=None, status=None)) after connection broken by 'NewConnectionError('<urllib3.connection.HTTPConnection object at 0x7fb55bfc4920>: Failed to establish a new connection: [Errno 111] Connection refused')': /session/ae462ac5c66c58f2ed7f294a108d1d8e
[2025-10-10T09:05:29.672+0000] {connectionpool.py:872} WARNING - Retrying (Retry(total=0, connect=None, read=None, redirect=None, status=None)) after connection broken by 'NewConnectionError('<urllib3.connection.HTTPConnection object at 0x7fb55bfc46b0>: Failed to establish a new connection: [Errno 111] Connection refused')': /session/ae462ac5c66c58f2ed7f294a108d1d8e
[2025-10-10T09:05:29.673+0000] {taskinstance.py:441} INFO - ::group::Post task execution logs
[2025-10-10T09:05:29.678+0000] {taskinstance.py:2905} ERROR - Task failed with exception
Traceback (most recent call last):
  File "/home/airflow/.local/lib/python3.12/site-packages/airflow/models/taskinstance.py", line 465, in _execute_task
    result = _execute_callable(context=context, **execute_callable_kwargs)
             ^^^^^^^^^^^^^^^^^^^^^^^^^^^^^^^^^^^^^^^^^^^^^^^^^^^^^^^^^^^^^
  File "/home/airflow/.local/lib/python3.12/site-packages/airflow/models/taskinstance.py", line 432, in _execute_callable
    return execute_callable(context=context, **execute_callable_kwargs)
           ^^^^^^^^^^^^^^^^^^^^^^^^^^^^^^^^^^^^^^^^^^^^^^^^^^^^^^^^^^^^
  File "/home/airflow/.local/lib/python3.12/site-packages/airflow/models/baseoperator.py", line 401, in wrapper
    return func(self, *args, **kwargs)
           ^^^^^^^^^^^^^^^^^^^^^^^^^^^
  File "/home/airflow/.local/lib/python3.12/site-packages/airflow/operators/python.py", line 235, in execute
    return_value = self.execute_callable()
                   ^^^^^^^^^^^^^^^^^^^^^^^
  File "/home/airflow/.local/lib/python3.12/site-packages/airflow/operators/python.py", line 252, in execute_callable
    return self.python_callable(*self.op_args, **self.op_kwargs)
           ^^^^^^^^^^^^^^^^^^^^^^^^^^^^^^^^^^^^^^^^^^^^^^^^^^^^^
  File "/opt/airflow/dags/scraping_weather.py", line 151, in scrape_last_2_days_and_upload
    conn = pg_hook.get_conn()
           ^^^^^^^^^^^^^^^^^^
  File "/home/airflow/.local/lib/python3.12/site-packages/airflow/providers/postgres/hooks/postgres.py", line 145, in get_conn
    conn = deepcopy(self.connection or self.get_connection(conn_id))
                                       ^^^^^^^^^^^^^^^^^^^^^^^^^^^^
  File "/home/airflow/.local/lib/python3.12/site-packages/airflow/hooks/base.py", line 83, in get_connection
    conn = Connection.get_connection_from_secrets(conn_id)
           ^^^^^^^^^^^^^^^^^^^^^^^^^^^^^^^^^^^^^^^^^^^^^^^
  File "/home/airflow/.local/lib/python3.12/site-packages/airflow/models/connection.py", line 519, in get_connection_from_secrets
    raise AirflowNotFoundException(f"The conn_id `{conn_id}` isn't defined")
airflow.exceptions.AirflowNotFoundException: The conn_id `my_postgres_db` isn't defined
[2025-10-10T09:05:29.685+0000] {taskinstance.py:1206} INFO - Marking task as UP_FOR_RETRY. dag_id=songkhla_weather_half_hourly_automation, task_id=scrape_last_2_days_and_upload, run_id=manual__2025-10-10T09:05:03.786458+00:00, execution_date=20251010T090503, start_date=20251010T090504, end_date=20251010T090529
[2025-10-10T09:05:29.694+0000] {standard_task_runner.py:110} ERROR - Failed to execute job 3 for task scrape_last_2_days_and_upload (The conn_id `my_postgres_db` isn't defined; 342)
[2025-10-10T09:05:29.717+0000] {local_task_job_runner.py:240} INFO - Task exited with return code 1
[2025-10-10T09:05:29.726+0000] {taskinstance.py:3503} INFO - 0 downstream tasks scheduled from follow-on schedule check
[2025-10-10T09:05:29.728+0000] {local_task_job_runner.py:222} INFO - ::endgroup::
