[2025-09-19T13:45:50.069+0000] {local_task_job_runner.py:120} INFO - ::group::Pre task execution logs
[2025-09-19T13:45:50.119+0000] {taskinstance.py:2076} INFO - Dependencies all met for dep_context=non-requeueable deps ti=<TaskInstance: timeseries_pipeline.load manual__2025-09-19T13:44:02.884801+00:00 [queued]>
[2025-09-19T13:45:50.128+0000] {taskinstance.py:2076} INFO - Dependencies all met for dep_context=requeueable deps ti=<TaskInstance: timeseries_pipeline.load manual__2025-09-19T13:44:02.884801+00:00 [queued]>
[2025-09-19T13:45:50.129+0000] {taskinstance.py:2306} INFO - Starting attempt 1 of 1
[2025-09-19T13:45:50.147+0000] {taskinstance.py:2330} INFO - Executing <Task(PythonOperator): load> on 2025-09-19 13:44:02.884801+00:00
[2025-09-19T13:45:50.163+0000] {standard_task_runner.py:90} INFO - Running: ['***', 'tasks', 'run', 'timeseries_pipeline', 'load', 'manual__2025-09-19T13:44:02.884801+00:00', '--job-id', '51', '--raw', '--subdir', 'DAGS_FOLDER/timeseries_pipeline.py', '--cfg-path', '/tmp/tmpdobvwxq1']
[2025-09-19T13:45:50.165+0000] {logging_mixin.py:188} WARNING - /home/***/.local/lib/python3.12/site-packages/***/task/task_runner/standard_task_runner.py:61 DeprecationWarning: This process (pid=278) is multi-threaded, use of fork() may lead to deadlocks in the child.
[2025-09-19T13:45:50.166+0000] {standard_task_runner.py:91} INFO - Job 51: Subtask load
[2025-09-19T13:45:50.167+0000] {standard_task_runner.py:63} INFO - Started process 281 to run task
[2025-09-19T13:45:50.232+0000] {task_command.py:426} INFO - Running <TaskInstance: timeseries_pipeline.load manual__2025-09-19T13:44:02.884801+00:00 [running]> on host 0e2ba368a558
[2025-09-19T13:45:50.336+0000] {taskinstance.py:2648} INFO - Exporting env vars: AIRFLOW_CTX_DAG_OWNER='***' AIRFLOW_CTX_DAG_ID='timeseries_pipeline' AIRFLOW_CTX_TASK_ID='load' AIRFLOW_CTX_EXECUTION_DATE='2025-09-19T13:44:02.884801+00:00' AIRFLOW_CTX_TRY_NUMBER='1' AIRFLOW_CTX_DAG_RUN_ID='manual__2025-09-19T13:44:02.884801+00:00'
[2025-09-19T13:45:50.337+0000] {taskinstance.py:430} INFO - ::endgroup::
[2025-09-19T13:45:50.352+0000] {logging_mixin.py:188} INFO - 📥 Starting Load Task ...
[2025-09-19T13:45:50.384+0000] {logging_mixin.py:188} INFO - ✅ Forecast saved to /opt/***/data/processed/forecast.csv
[2025-09-19T13:45:50.389+0000] {logging_mixin.py:188} INFO -            ds        yhat
0  2017-12-30   99.224511
1  2017-12-31   99.172429
2  2018-01-01  105.533668
3  2018-01-02  105.480931
4  2018-01-03  105.475858
5  2018-01-04  105.393658
6  2018-01-05  105.322416
[2025-09-19T13:45:50.391+0000] {python.py:237} INFO - Done. Returned value was: None
[2025-09-19T13:45:50.391+0000] {taskinstance.py:441} INFO - ::group::Post task execution logs
[2025-09-19T13:45:50.401+0000] {taskinstance.py:1206} INFO - Marking task as SUCCESS. dag_id=timeseries_pipeline, task_id=load, run_id=manual__2025-09-19T13:44:02.884801+00:00, execution_date=20250919T134402, start_date=20250919T134550, end_date=20250919T134550
[2025-09-19T13:45:50.423+0000] {local_task_job_runner.py:240} INFO - Task exited with return code 0
[2025-09-19T13:45:50.441+0000] {taskinstance.py:3503} INFO - 0 downstream tasks scheduled from follow-on schedule check
[2025-09-19T13:45:50.443+0000] {local_task_job_runner.py:222} INFO - ::endgroup::
