[2025-09-19T12:29:01.116+0000] {local_task_job_runner.py:120} INFO - ::group::Pre task execution logs
[2025-09-19T12:29:01.181+0000] {taskinstance.py:2076} INFO - Dependencies all met for dep_context=non-requeueable deps ti=<TaskInstance: timeseries_pipeline.check_file_exists manual__2025-09-19T12:28:59.308992+00:00 [queued]>
[2025-09-19T12:29:01.202+0000] {taskinstance.py:2076} INFO - Dependencies all met for dep_context=requeueable deps ti=<TaskInstance: timeseries_pipeline.check_file_exists manual__2025-09-19T12:28:59.308992+00:00 [queued]>
[2025-09-19T12:29:01.204+0000] {taskinstance.py:2306} INFO - Starting attempt 1 of 1
[2025-09-19T12:29:01.223+0000] {taskinstance.py:2330} INFO - Executing <Task(PythonOperator): check_file_exists> on 2025-09-19 12:28:59.308992+00:00
[2025-09-19T12:29:01.238+0000] {logging_mixin.py:188} WARNING - /home/***/.local/lib/python3.12/site-packages/***/task/task_runner/standard_task_runner.py:61 DeprecationWarning: This process (pid=244) is multi-threaded, use of fork() may lead to deadlocks in the child.
[2025-09-19T12:29:01.240+0000] {standard_task_runner.py:63} INFO - Started process 247 to run task
[2025-09-19T12:29:01.238+0000] {standard_task_runner.py:90} INFO - Running: ['***', 'tasks', 'run', 'timeseries_pipeline', 'check_file_exists', 'manual__2025-09-19T12:28:59.308992+00:00', '--job-id', '12', '--raw', '--subdir', 'DAGS_FOLDER/timeseries_pipeline.py', '--cfg-path', '/tmp/tmpy8domphd']
[2025-09-19T12:29:01.241+0000] {standard_task_runner.py:91} INFO - Job 12: Subtask check_file_exists
[2025-09-19T12:29:01.318+0000] {task_command.py:426} INFO - Running <TaskInstance: timeseries_pipeline.check_file_exists manual__2025-09-19T12:28:59.308992+00:00 [running]> on host 6bf22311a867
[2025-09-19T12:29:01.438+0000] {taskinstance.py:2648} INFO - Exporting env vars: AIRFLOW_CTX_DAG_OWNER='***' AIRFLOW_CTX_DAG_ID='timeseries_pipeline' AIRFLOW_CTX_TASK_ID='check_file_exists' AIRFLOW_CTX_EXECUTION_DATE='2025-09-19T12:28:59.308992+00:00' AIRFLOW_CTX_TRY_NUMBER='1' AIRFLOW_CTX_DAG_RUN_ID='manual__2025-09-19T12:28:59.308992+00:00'
[2025-09-19T12:29:01.440+0000] {taskinstance.py:430} INFO - ::endgroup::
[2025-09-19T12:29:02.071+0000] {logging_mixin.py:188} INFO - 📊 Columns in CSV: ['symbol', 'date', 'open', 'high', 'low', 'close', 'volume']
[2025-09-19T12:29:02.072+0000] {logging_mixin.py:188} INFO - 🔍 First rows:
[2025-09-19T12:29:02.087+0000] {logging_mixin.py:188} INFO -    symbol        date      open      high       low     close    volume
0    AAL  2014-01-02   25.0700   25.8200   25.0600   25.3600   8998943
1   AAPL  2014-01-02   79.3828   79.5756   78.8601   79.0185  58791957
2    AAP  2014-01-02  110.3600  111.8800  109.2900  109.7400    542711
3   ABBV  2014-01-02   52.1200   52.3300   51.5200   51.9800   4569061
4    ABC  2014-01-02   70.1100   70.2300   69.4800   69.8900   1148391
[2025-09-19T12:29:02.088+0000] {taskinstance.py:441} INFO - ::group::Post task execution logs
[2025-09-19T12:29:02.089+0000] {taskinstance.py:2905} ERROR - Task failed with exception
Traceback (most recent call last):
  File "/home/airflow/.local/lib/python3.12/site-packages/airflow/models/taskinstance.py", line 465, in _execute_task
    result = _execute_callable(context=context, **execute_callable_kwargs)
             ^^^^^^^^^^^^^^^^^^^^^^^^^^^^^^^^^^^^^^^^^^^^^^^^^^^^^^^^^^^^^
  File "/home/airflow/.local/lib/python3.12/site-packages/airflow/models/taskinstance.py", line 432, in _execute_callable
    return execute_callable(context=context, **execute_callable_kwargs)
           ^^^^^^^^^^^^^^^^^^^^^^^^^^^^^^^^^^^^^^^^^^^^^^^^^^^^^^^^^^^^
  File "/home/airflow/.local/lib/python3.12/site-packages/airflow/models/baseoperator.py", line 401, in wrapper
    return func(self, *args, **kwargs)
           ^^^^^^^^^^^^^^^^^^^^^^^^^^^
  File "/home/airflow/.local/lib/python3.12/site-packages/airflow/operators/python.py", line 235, in execute
    return_value = self.execute_callable()
                   ^^^^^^^^^^^^^^^^^^^^^^^
  File "/home/airflow/.local/lib/python3.12/site-packages/airflow/operators/python.py", line 252, in execute_callable
    return self.python_callable(*self.op_args, **self.op_kwargs)
           ^^^^^^^^^^^^^^^^^^^^^^^^^^^^^^^^^^^^^^^^^^^^^^^^^^^^^
  File "/opt/airflow/dags/tasks/check_file_task.py", line 19, in check_file_exists
    raise ValueError(f"❌ Missing required column: {col}")
ValueError: ❌ Missing required column: Date
[2025-09-19T12:29:02.108+0000] {taskinstance.py:1206} INFO - Marking task as FAILED. dag_id=timeseries_pipeline, task_id=check_file_exists, run_id=manual__2025-09-19T12:28:59.308992+00:00, execution_date=20250919T122859, start_date=20250919T122901, end_date=20250919T122902
[2025-09-19T12:29:02.125+0000] {standard_task_runner.py:110} ERROR - Failed to execute job 12 for task check_file_exists (❌ Missing required column: Date; 247)
[2025-09-19T12:29:02.137+0000] {local_task_job_runner.py:240} INFO - Task exited with return code 1
[2025-09-19T12:29:02.163+0000] {taskinstance.py:3503} INFO - 0 downstream tasks scheduled from follow-on schedule check
[2025-09-19T12:29:02.169+0000] {local_task_job_runner.py:222} INFO - ::endgroup::
