[2025-10-09T15:53:55.702+0000] {local_task_job_runner.py:120} INFO - ::group::Pre task execution logs
[2025-10-09T15:53:55.855+0000] {taskinstance.py:2076} INFO - Dependencies all met for dep_context=non-requeueable deps ti=<TaskInstance: songkhla_weather_monthly_automation.scrape_monthly_average_and_upload manual__2025-10-09T15:48:52.324201+00:00 [queued]>
[2025-10-09T15:53:55.863+0000] {taskinstance.py:2076} INFO - Dependencies all met for dep_context=requeueable deps ti=<TaskInstance: songkhla_weather_monthly_automation.scrape_monthly_average_and_upload manual__2025-10-09T15:48:52.324201+00:00 [queued]>
[2025-10-09T15:53:55.864+0000] {taskinstance.py:2306} INFO - Starting attempt 2 of 2
[2025-10-09T15:53:55.877+0000] {taskinstance.py:2330} INFO - Executing <Task(PythonOperator): scrape_monthly_average_and_upload> on 2025-10-09 15:48:52.324201+00:00
[2025-10-09T15:53:55.886+0000] {logging_mixin.py:188} WARNING - /home/***/.local/lib/python3.12/site-packages/***/task/task_runner/standard_task_runner.py:61 DeprecationWarning: This process (pid=407) is multi-threaded, use of fork() may lead to deadlocks in the child.
[2025-10-09T15:53:55.887+0000] {standard_task_runner.py:63} INFO - Started process 409 to run task
[2025-10-09T15:53:55.886+0000] {standard_task_runner.py:90} INFO - Running: ['***', 'tasks', 'run', 'songkhla_weather_monthly_automation', 'scrape_monthly_average_and_upload', 'manual__2025-10-09T15:48:52.324201+00:00', '--job-id', '12', '--raw', '--subdir', 'DAGS_FOLDER/scraping_weather.py', '--cfg-path', '/tmp/tmptx_mjq03']
[2025-10-09T15:53:55.888+0000] {standard_task_runner.py:91} INFO - Job 12: Subtask scrape_monthly_average_and_upload
[2025-10-09T15:53:55.933+0000] {task_command.py:426} INFO - Running <TaskInstance: songkhla_weather_monthly_automation.scrape_monthly_average_and_upload manual__2025-10-09T15:48:52.324201+00:00 [running]> on host 3e4067837e83
[2025-10-09T15:53:56.001+0000] {taskinstance.py:2648} INFO - Exporting env vars: AIRFLOW_CTX_DAG_OWNER='***' AIRFLOW_CTX_DAG_ID='songkhla_weather_monthly_automation' AIRFLOW_CTX_TASK_ID='scrape_monthly_average_and_upload' AIRFLOW_CTX_EXECUTION_DATE='2025-10-09T15:48:52.324201+00:00' AIRFLOW_CTX_TRY_NUMBER='2' AIRFLOW_CTX_DAG_RUN_ID='manual__2025-10-09T15:48:52.324201+00:00'
[2025-10-09T15:53:56.003+0000] {taskinstance.py:430} INFO - ::endgroup::
[2025-10-09T15:53:56.014+0000] {logger.py:11} INFO - ====== WebDriver manager ======
[2025-10-09T15:53:56.028+0000] {logger.py:11} INFO - Get LATEST chromedriver version for google-chrome
[2025-10-09T15:53:56.376+0000] {logger.py:11} INFO - About to download new driver from https://chromedriver.storage.googleapis.com/114.0.5735.90/chromedriver_linux64.zip
[2025-10-09T15:53:56.571+0000] {logger.py:11} INFO - Driver downloading response is 200
[2025-10-09T15:53:57.050+0000] {logger.py:11} INFO - Get LATEST chromedriver version for google-chrome
[2025-10-09T15:53:57.327+0000] {logger.py:11} INFO - Get LATEST chromedriver version for google-chrome
[2025-10-09T15:53:57.561+0000] {logger.py:11} INFO - Driver has been saved in cache [/home/***/.wdm/drivers/chromedriver/linux64/114.0.5735.90]
[2025-10-09T15:53:57.575+0000] {taskinstance.py:441} INFO - ::group::Post task execution logs
[2025-10-09T15:53:57.576+0000] {taskinstance.py:2905} ERROR - Task failed with exception
Traceback (most recent call last):
  File "/home/airflow/.local/lib/python3.12/site-packages/airflow/models/taskinstance.py", line 465, in _execute_task
    result = _execute_callable(context=context, **execute_callable_kwargs)
             ^^^^^^^^^^^^^^^^^^^^^^^^^^^^^^^^^^^^^^^^^^^^^^^^^^^^^^^^^^^^^
  File "/home/airflow/.local/lib/python3.12/site-packages/airflow/models/taskinstance.py", line 432, in _execute_callable
    return execute_callable(context=context, **execute_callable_kwargs)
           ^^^^^^^^^^^^^^^^^^^^^^^^^^^^^^^^^^^^^^^^^^^^^^^^^^^^^^^^^^^^
  File "/home/airflow/.local/lib/python3.12/site-packages/airflow/models/baseoperator.py", line 401, in wrapper
    return func(self, *args, **kwargs)
           ^^^^^^^^^^^^^^^^^^^^^^^^^^^
  File "/home/airflow/.local/lib/python3.12/site-packages/airflow/operators/python.py", line 235, in execute
    return_value = self.execute_callable()
                   ^^^^^^^^^^^^^^^^^^^^^^^
  File "/home/airflow/.local/lib/python3.12/site-packages/airflow/operators/python.py", line 252, in execute_callable
    return self.python_callable(*self.op_args, **self.op_kwargs)
           ^^^^^^^^^^^^^^^^^^^^^^^^^^^^^^^^^^^^^^^^^^^^^^^^^^^^^
  File "/opt/airflow/dags/scraping_weather.py", line 66, in scrape_monthly_average_and_upload
    driver = webdriver.Chrome(service=Service(ChromeDriverManager().install()), options=options)
             ^^^^^^^^^^^^^^^^^^^^^^^^^^^^^^^^^^^^^^^^^^^^^^^^^^^^^^^^^^^^^^^^^^^^^^^^^^^^^^^^^^^
  File "/home/airflow/.local/lib/python3.12/site-packages/selenium/webdriver/chrome/webdriver.py", line 46, in __init__
    super().__init__(
  File "/home/airflow/.local/lib/python3.12/site-packages/selenium/webdriver/chromium/webdriver.py", line 60, in __init__
    self.service.start()
  File "/home/airflow/.local/lib/python3.12/site-packages/selenium/webdriver/common/service.py", line 109, in start
    self.assert_process_still_running()
  File "/home/airflow/.local/lib/python3.12/site-packages/selenium/webdriver/common/service.py", line 122, in assert_process_still_running
    raise WebDriverException(f"Service {self._path} unexpectedly exited. Status code was: {return_code}")
selenium.common.exceptions.WebDriverException: Message: Service /home/airflow/.wdm/drivers/chromedriver/linux64/114.0.5735.90/chromedriver unexpectedly exited. Status code was: 127

[2025-10-09T15:53:57.600+0000] {taskinstance.py:1206} INFO - Marking task as FAILED. dag_id=songkhla_weather_monthly_automation, task_id=scrape_monthly_average_and_upload, run_id=manual__2025-10-09T15:48:52.324201+00:00, execution_date=20251009T154852, start_date=20251009T155355, end_date=20251009T155357
[2025-10-09T15:53:57.663+0000] {standard_task_runner.py:110} ERROR - Failed to execute job 12 for task scrape_monthly_average_and_upload (Message: Service /home/airflow/.wdm/drivers/chromedriver/linux64/114.0.5735.90/chromedriver unexpectedly exited. Status code was: 127
; 409)
[2025-10-09T15:53:57.709+0000] {local_task_job_runner.py:240} INFO - Task exited with return code 1
[2025-10-09T15:53:57.722+0000] {taskinstance.py:3503} INFO - 0 downstream tasks scheduled from follow-on schedule check
[2025-10-09T15:53:57.736+0000] {local_task_job_runner.py:222} INFO - ::endgroup::
