[2025-09-19T12:48:42.808+0000] {local_task_job_runner.py:120} INFO - ::group::Pre task execution logs
[2025-09-19T12:48:42.845+0000] {taskinstance.py:2076} INFO - Dependencies all met for dep_context=non-requeueable deps ti=<TaskInstance: timeseries_pipeline.extract manual__2025-09-19T12:48:37.074377+00:00 [queued]>
[2025-09-19T12:48:42.854+0000] {taskinstance.py:2076} INFO - Dependencies all met for dep_context=requeueable deps ti=<TaskInstance: timeseries_pipeline.extract manual__2025-09-19T12:48:37.074377+00:00 [queued]>
[2025-09-19T12:48:42.855+0000] {taskinstance.py:2306} INFO - Starting attempt 1 of 1
[2025-09-19T12:48:42.882+0000] {taskinstance.py:2330} INFO - Executing <Task(PythonOperator): extract> on 2025-09-19 12:48:37.074377+00:00
[2025-09-19T12:48:42.893+0000] {logging_mixin.py:188} WARNING - /home/***/.local/lib/python3.12/site-packages/***/task/task_runner/standard_task_runner.py:61 DeprecationWarning: This process (pid=619) is multi-threaded, use of fork() may lead to deadlocks in the child.
[2025-09-19T12:48:42.896+0000] {standard_task_runner.py:63} INFO - Started process 622 to run task
[2025-09-19T12:48:42.895+0000] {standard_task_runner.py:90} INFO - Running: ['***', 'tasks', 'run', 'timeseries_pipeline', 'extract', 'manual__2025-09-19T12:48:37.074377+00:00', '--job-id', '31', '--raw', '--subdir', 'DAGS_FOLDER/timeseries_pipeline.py', '--cfg-path', '/tmp/tmp2u82oasl']
[2025-09-19T12:48:42.899+0000] {standard_task_runner.py:91} INFO - Job 31: Subtask extract
[2025-09-19T12:48:42.954+0000] {task_command.py:426} INFO - Running <TaskInstance: timeseries_pipeline.extract manual__2025-09-19T12:48:37.074377+00:00 [running]> on host 0035d074727e
[2025-09-19T12:48:43.055+0000] {taskinstance.py:2648} INFO - Exporting env vars: AIRFLOW_CTX_DAG_OWNER='***' AIRFLOW_CTX_DAG_ID='timeseries_pipeline' AIRFLOW_CTX_TASK_ID='extract' AIRFLOW_CTX_EXECUTION_DATE='2025-09-19T12:48:37.074377+00:00' AIRFLOW_CTX_TRY_NUMBER='1' AIRFLOW_CTX_DAG_RUN_ID='manual__2025-09-19T12:48:37.074377+00:00'
[2025-09-19T12:48:43.058+0000] {taskinstance.py:430} INFO - ::endgroup::
[2025-09-19T12:48:43.069+0000] {logging_mixin.py:188} INFO - Extracting data from /opt/***/data/raw/stock_prices.csv ...
[2025-09-19T12:48:43.756+0000] {logging_mixin.py:188} INFO - ✅ Extracted rows: 497472
[2025-09-19T12:48:43.764+0000] {logging_mixin.py:188} INFO -   symbol        date      open      high       low     close    volume
0    AAL  2014-01-02   25.0700   25.8200   25.0600   25.3600   8998943
1   AAPL  2014-01-02   79.3828   79.5756   78.8601   79.0185  58791957
2    AAP  2014-01-02  110.3600  111.8800  109.2900  109.7400    542711
3   ABBV  2014-01-02   52.1200   52.3300   51.5200   51.9800   4569061
4    ABC  2014-01-02   70.1100   70.2300   69.4800   69.8900   1148391
[2025-09-19T12:48:43.770+0000] {python.py:237} INFO - Done. Returned value was: /opt/***/data/raw/stock_prices.csv
[2025-09-19T12:48:43.771+0000] {taskinstance.py:441} INFO - ::group::Post task execution logs
[2025-09-19T12:48:43.808+0000] {taskinstance.py:1206} INFO - Marking task as SUCCESS. dag_id=timeseries_pipeline, task_id=extract, run_id=manual__2025-09-19T12:48:37.074377+00:00, execution_date=20250919T124837, start_date=20250919T124842, end_date=20250919T124843
[2025-09-19T12:48:43.872+0000] {local_task_job_runner.py:240} INFO - Task exited with return code 0
[2025-09-19T12:48:43.912+0000] {taskinstance.py:3503} INFO - 1 downstream tasks scheduled from follow-on schedule check
[2025-09-19T12:48:43.918+0000] {local_task_job_runner.py:222} INFO - ::endgroup::
