[2025-10-10T06:05:33.050+0000] {local_task_job_runner.py:120} INFO - ::group::Pre task execution logs
[2025-10-10T06:05:33.188+0000] {taskinstance.py:2076} INFO - Dependencies all met for dep_context=non-requeueable deps ti=<TaskInstance: songkhla_weather_half_hourly_automation.scrape_last_2_days_and_upload scheduled__2025-10-10T00:00:00+00:00 [queued]>
[2025-10-10T06:05:33.204+0000] {taskinstance.py:2076} INFO - Dependencies all met for dep_context=requeueable deps ti=<TaskInstance: songkhla_weather_half_hourly_automation.scrape_last_2_days_and_upload scheduled__2025-10-10T00:00:00+00:00 [queued]>
[2025-10-10T06:05:33.206+0000] {taskinstance.py:2306} INFO - Starting attempt 2 of 2
[2025-10-10T06:05:33.223+0000] {taskinstance.py:2330} INFO - Executing <Task(PythonOperator): scrape_last_2_days_and_upload> on 2025-10-10 00:00:00+00:00
[2025-10-10T06:05:33.233+0000] {logging_mixin.py:188} WARNING - /home/***/.local/lib/python3.12/site-packages/***/task/task_runner/standard_task_runner.py:61 DeprecationWarning: This process (pid=35441) is multi-threaded, use of fork() may lead to deadlocks in the child.
[2025-10-10T06:05:33.234+0000] {standard_task_runner.py:63} INFO - Started process 35443 to run task
[2025-10-10T06:05:33.232+0000] {standard_task_runner.py:90} INFO - Running: ['***', 'tasks', 'run', 'songkhla_weather_half_hourly_automation', 'scrape_last_2_days_and_upload', 'scheduled__2025-10-10T00:00:00+00:00', '--job-id', '12', '--raw', '--subdir', 'DAGS_FOLDER/scraping_weather.py', '--cfg-path', '/tmp/tmp59lyo8x1']
[2025-10-10T06:05:33.236+0000] {standard_task_runner.py:91} INFO - Job 12: Subtask scrape_last_2_days_and_upload
[2025-10-10T06:05:33.285+0000] {task_command.py:426} INFO - Running <TaskInstance: songkhla_weather_half_hourly_automation.scrape_last_2_days_and_upload scheduled__2025-10-10T00:00:00+00:00 [running]> on host 1b0f4dcb54df
[2025-10-10T06:05:33.360+0000] {taskinstance.py:2648} INFO - Exporting env vars: AIRFLOW_CTX_DAG_OWNER='***' AIRFLOW_CTX_DAG_ID='songkhla_weather_half_hourly_automation' AIRFLOW_CTX_TASK_ID='scrape_last_2_days_and_upload' AIRFLOW_CTX_EXECUTION_DATE='2025-10-10T00:00:00+00:00' AIRFLOW_CTX_TRY_NUMBER='2' AIRFLOW_CTX_DAG_RUN_ID='scheduled__2025-10-10T00:00:00+00:00'
[2025-10-10T06:05:33.361+0000] {taskinstance.py:430} INFO - ::endgroup::
[2025-10-10T06:05:39.368+0000] {scraping_weather.py:81} INFO - 🔄 เริ่ม scrap วันที่ 2025-10-09
[2025-10-10T06:05:43.393+0000] {scraping_weather.py:105} INFO - 📊 พบ 48 แถวในวันที่ 2025-10-09
[2025-10-10T06:05:49.122+0000] {scraping_weather.py:81} INFO - 🔄 เริ่ม scrap วันที่ 2025-10-10
[2025-10-10T06:05:52.511+0000] {scraping_weather.py:105} INFO - 📊 พบ 26 แถวในวันที่ 2025-10-10
[2025-10-10T06:05:56.253+0000] {base.py:84} INFO - Using connection ID 'postgres_default' for task execution.
[2025-10-10T06:05:56.255+0000] {scraping_weather.py:182} ERROR - 💥 เกิดข้อผิดพลาดร้ายแรง: connection to server at "postgres" (172.19.0.2), port 5432 failed: FATAL:  password authentication failed for user "postgres"

[2025-10-10T06:05:56.256+0000] {connectionpool.py:874} WARNING - Retrying (Retry(total=2, connect=None, read=None, redirect=None, status=None)) after connection broken by 'NewConnectionError('<urllib3.connection.HTTPConnection object at 0x7fdda4810740>: Failed to establish a new connection: [Errno 111] Connection refused')': /session/7fc32a758f4918de46671bc09bb9bb0d
[2025-10-10T06:05:56.257+0000] {connectionpool.py:874} WARNING - Retrying (Retry(total=1, connect=None, read=None, redirect=None, status=None)) after connection broken by 'NewConnectionError('<urllib3.connection.HTTPConnection object at 0x7fdda4810a40>: Failed to establish a new connection: [Errno 111] Connection refused')': /session/7fc32a758f4918de46671bc09bb9bb0d
[2025-10-10T06:05:56.257+0000] {connectionpool.py:874} WARNING - Retrying (Retry(total=0, connect=None, read=None, redirect=None, status=None)) after connection broken by 'NewConnectionError('<urllib3.connection.HTTPConnection object at 0x7fdda4810fe0>: Failed to establish a new connection: [Errno 111] Connection refused')': /session/7fc32a758f4918de46671bc09bb9bb0d
[2025-10-10T06:05:56.258+0000] {taskinstance.py:441} INFO - ::group::Post task execution logs
[2025-10-10T06:05:56.258+0000] {taskinstance.py:2905} ERROR - Task failed with exception
Traceback (most recent call last):
  File "/home/airflow/.local/lib/python3.12/site-packages/airflow/models/taskinstance.py", line 465, in _execute_task
    result = _execute_callable(context=context, **execute_callable_kwargs)
             ^^^^^^^^^^^^^^^^^^^^^^^^^^^^^^^^^^^^^^^^^^^^^^^^^^^^^^^^^^^^^
  File "/home/airflow/.local/lib/python3.12/site-packages/airflow/models/taskinstance.py", line 432, in _execute_callable
    return execute_callable(context=context, **execute_callable_kwargs)
           ^^^^^^^^^^^^^^^^^^^^^^^^^^^^^^^^^^^^^^^^^^^^^^^^^^^^^^^^^^^^
  File "/home/airflow/.local/lib/python3.12/site-packages/airflow/models/baseoperator.py", line 401, in wrapper
    return func(self, *args, **kwargs)
           ^^^^^^^^^^^^^^^^^^^^^^^^^^^
  File "/home/airflow/.local/lib/python3.12/site-packages/airflow/operators/python.py", line 235, in execute
    return_value = self.execute_callable()
                   ^^^^^^^^^^^^^^^^^^^^^^^
  File "/home/airflow/.local/lib/python3.12/site-packages/airflow/operators/python.py", line 252, in execute_callable
    return self.python_callable(*self.op_args, **self.op_kwargs)
           ^^^^^^^^^^^^^^^^^^^^^^^^^^^^^^^^^^^^^^^^^^^^^^^^^^^^^
  File "/opt/airflow/dags/scraping_weather.py", line 147, in scrape_last_2_days_and_upload
    create_hourly_table_if_not_exists()
  File "/opt/airflow/dags/scraping_weather.py", line 26, in create_hourly_table_if_not_exists
    conn = pg_hook.get_conn()
           ^^^^^^^^^^^^^^^^^^
  File "/home/airflow/.local/lib/python3.12/site-packages/airflow/providers/postgres/hooks/postgres.py", line 175, in get_conn
    self.conn = psycopg2.connect(**conn_args)
                ^^^^^^^^^^^^^^^^^^^^^^^^^^^^^
  File "/home/airflow/.local/lib/python3.12/site-packages/psycopg2/__init__.py", line 122, in connect
    conn = _connect(dsn, connection_factory=connection_factory, **kwasync)
           ^^^^^^^^^^^^^^^^^^^^^^^^^^^^^^^^^^^^^^^^^^^^^^^^^^^^^^^^^^^^^^^
psycopg2.OperationalError: connection to server at "postgres" (172.19.0.2), port 5432 failed: FATAL:  password authentication failed for user "postgres"

[2025-10-10T06:05:56.266+0000] {taskinstance.py:1206} INFO - Marking task as FAILED. dag_id=songkhla_weather_half_hourly_automation, task_id=scrape_last_2_days_and_upload, run_id=scheduled__2025-10-10T00:00:00+00:00, execution_date=20251010T000000, start_date=20251010T060533, end_date=20251010T060556
[2025-10-10T06:05:56.274+0000] {standard_task_runner.py:110} ERROR - Failed to execute job 12 for task scrape_last_2_days_and_upload (connection to server at "postgres" (172.19.0.2), port 5432 failed: FATAL:  password authentication failed for user "postgres"
; 35443)
[2025-10-10T06:05:56.315+0000] {local_task_job_runner.py:240} INFO - Task exited with return code 1
[2025-10-10T06:05:56.326+0000] {taskinstance.py:3503} INFO - 0 downstream tasks scheduled from follow-on schedule check
[2025-10-10T06:05:56.329+0000] {local_task_job_runner.py:222} INFO - ::endgroup::
[2025-10-10T09:10:30.050+0000] {local_task_job_runner.py:120} INFO - ::group::Pre task execution logs
[2025-10-10T09:10:30.191+0000] {taskinstance.py:2076} INFO - Dependencies all met for dep_context=non-requeueable deps ti=<TaskInstance: songkhla_weather_half_hourly_automation.scrape_last_2_days_and_upload scheduled__2025-10-10T00:00:00+00:00 [queued]>
[2025-10-10T09:10:30.199+0000] {taskinstance.py:2076} INFO - Dependencies all met for dep_context=requeueable deps ti=<TaskInstance: songkhla_weather_half_hourly_automation.scrape_last_2_days_and_upload scheduled__2025-10-10T00:00:00+00:00 [queued]>
[2025-10-10T09:10:30.200+0000] {taskinstance.py:2306} INFO - Starting attempt 2 of 2
[2025-10-10T09:10:30.213+0000] {taskinstance.py:2330} INFO - Executing <Task(PythonOperator): scrape_last_2_days_and_upload> on 2025-10-10 00:00:00+00:00
[2025-10-10T09:10:30.220+0000] {logging_mixin.py:188} WARNING - /home/***/.local/lib/python3.12/site-packages/***/task/task_runner/standard_task_runner.py:61 DeprecationWarning: This process (pid=2038) is multi-threaded, use of fork() may lead to deadlocks in the child.
[2025-10-10T09:10:30.221+0000] {standard_task_runner.py:63} INFO - Started process 2042 to run task
[2025-10-10T09:10:30.221+0000] {standard_task_runner.py:90} INFO - Running: ['***', 'tasks', 'run', 'songkhla_weather_half_hourly_automation', 'scrape_last_2_days_and_upload', 'scheduled__2025-10-10T00:00:00+00:00', '--job-id', '5', '--raw', '--subdir', 'DAGS_FOLDER/scraping_weather.py', '--cfg-path', '/tmp/tmp8pb5cdf6']
[2025-10-10T09:10:30.222+0000] {standard_task_runner.py:91} INFO - Job 5: Subtask scrape_last_2_days_and_upload
[2025-10-10T09:10:30.236+0000] {logging_mixin.py:188} WARNING - /home/***/.local/lib/python3.12/site-packages/***/settings.py:195 DeprecationWarning: The sql_alchemy_conn option in [core] has been moved to the sql_alchemy_conn option in [database] - the old setting has been used, but please update your config.
[2025-10-10T09:10:30.268+0000] {task_command.py:426} INFO - Running <TaskInstance: songkhla_weather_half_hourly_automation.scrape_last_2_days_and_upload scheduled__2025-10-10T00:00:00+00:00 [running]> on host 104b2f41d292
[2025-10-10T09:10:30.342+0000] {taskinstance.py:2648} INFO - Exporting env vars: AIRFLOW_CTX_DAG_OWNER='***' AIRFLOW_CTX_DAG_ID='songkhla_weather_half_hourly_automation' AIRFLOW_CTX_TASK_ID='scrape_last_2_days_and_upload' AIRFLOW_CTX_EXECUTION_DATE='2025-10-10T00:00:00+00:00' AIRFLOW_CTX_TRY_NUMBER='2' AIRFLOW_CTX_DAG_RUN_ID='scheduled__2025-10-10T00:00:00+00:00'
[2025-10-10T09:10:30.343+0000] {taskinstance.py:430} INFO - ::endgroup::
[2025-10-10T09:10:38.381+0000] {scraping_weather.py:81} INFO - 🔄 เริ่ม scrap วันที่ 2025-10-09
[2025-10-10T09:10:43.166+0000] {scraping_weather.py:105} INFO - 📊 พบ 48 แถวในวันที่ 2025-10-09
[2025-10-10T09:10:49.054+0000] {scraping_weather.py:81} INFO - 🔄 เริ่ม scrap วันที่ 2025-10-10
[2025-10-10T09:10:52.511+0000] {scraping_weather.py:105} INFO - 📊 พบ 32 แถวในวันที่ 2025-10-10
[2025-10-10T09:10:57.038+0000] {base.py:84} INFO - Using connection ID 'postgres_default' for task execution.
[2025-10-10T09:10:57.042+0000] {scraping_weather.py:43} INFO - ✅ ตรวจสอบ/สร้างตาราง songkhla_weather_half_hourly เรียบร้อย
[2025-10-10T09:10:57.047+0000] {scraping_weather.py:182} ERROR - 💥 เกิดข้อผิดพลาดร้ายแรง: The conn_id `my_postgres_db` isn't defined
[2025-10-10T09:10:57.048+0000] {connectionpool.py:872} WARNING - Retrying (Retry(total=2, connect=None, read=None, redirect=None, status=None)) after connection broken by 'NewConnectionError('<urllib3.connection.HTTPConnection object at 0x7fb55bfe1df0>: Failed to establish a new connection: [Errno 111] Connection refused')': /session/2168ce509543149b5a2278f0b114446b
[2025-10-10T09:10:57.049+0000] {connectionpool.py:872} WARNING - Retrying (Retry(total=1, connect=None, read=None, redirect=None, status=None)) after connection broken by 'NewConnectionError('<urllib3.connection.HTTPConnection object at 0x7fb55bfe1e50>: Failed to establish a new connection: [Errno 111] Connection refused')': /session/2168ce509543149b5a2278f0b114446b
[2025-10-10T09:10:57.050+0000] {connectionpool.py:872} WARNING - Retrying (Retry(total=0, connect=None, read=None, redirect=None, status=None)) after connection broken by 'NewConnectionError('<urllib3.connection.HTTPConnection object at 0x7fb55bfe20c0>: Failed to establish a new connection: [Errno 111] Connection refused')': /session/2168ce509543149b5a2278f0b114446b
[2025-10-10T09:10:57.050+0000] {taskinstance.py:441} INFO - ::group::Post task execution logs
[2025-10-10T09:10:57.055+0000] {taskinstance.py:2905} ERROR - Task failed with exception
Traceback (most recent call last):
  File "/home/airflow/.local/lib/python3.12/site-packages/airflow/models/taskinstance.py", line 465, in _execute_task
    result = _execute_callable(context=context, **execute_callable_kwargs)
             ^^^^^^^^^^^^^^^^^^^^^^^^^^^^^^^^^^^^^^^^^^^^^^^^^^^^^^^^^^^^^
  File "/home/airflow/.local/lib/python3.12/site-packages/airflow/models/taskinstance.py", line 432, in _execute_callable
    return execute_callable(context=context, **execute_callable_kwargs)
           ^^^^^^^^^^^^^^^^^^^^^^^^^^^^^^^^^^^^^^^^^^^^^^^^^^^^^^^^^^^^
  File "/home/airflow/.local/lib/python3.12/site-packages/airflow/models/baseoperator.py", line 401, in wrapper
    return func(self, *args, **kwargs)
           ^^^^^^^^^^^^^^^^^^^^^^^^^^^
  File "/home/airflow/.local/lib/python3.12/site-packages/airflow/operators/python.py", line 235, in execute
    return_value = self.execute_callable()
                   ^^^^^^^^^^^^^^^^^^^^^^^
  File "/home/airflow/.local/lib/python3.12/site-packages/airflow/operators/python.py", line 252, in execute_callable
    return self.python_callable(*self.op_args, **self.op_kwargs)
           ^^^^^^^^^^^^^^^^^^^^^^^^^^^^^^^^^^^^^^^^^^^^^^^^^^^^^
  File "/opt/airflow/dags/scraping_weather.py", line 151, in scrape_last_2_days_and_upload
    conn = pg_hook.get_conn()
           ^^^^^^^^^^^^^^^^^^
  File "/home/airflow/.local/lib/python3.12/site-packages/airflow/providers/postgres/hooks/postgres.py", line 145, in get_conn
    conn = deepcopy(self.connection or self.get_connection(conn_id))
                                       ^^^^^^^^^^^^^^^^^^^^^^^^^^^^
  File "/home/airflow/.local/lib/python3.12/site-packages/airflow/hooks/base.py", line 83, in get_connection
    conn = Connection.get_connection_from_secrets(conn_id)
           ^^^^^^^^^^^^^^^^^^^^^^^^^^^^^^^^^^^^^^^^^^^^^^^
  File "/home/airflow/.local/lib/python3.12/site-packages/airflow/models/connection.py", line 519, in get_connection_from_secrets
    raise AirflowNotFoundException(f"The conn_id `{conn_id}` isn't defined")
airflow.exceptions.AirflowNotFoundException: The conn_id `my_postgres_db` isn't defined
[2025-10-10T09:10:57.061+0000] {taskinstance.py:1206} INFO - Marking task as FAILED. dag_id=songkhla_weather_half_hourly_automation, task_id=scrape_last_2_days_and_upload, run_id=scheduled__2025-10-10T00:00:00+00:00, execution_date=20251010T000000, start_date=20251010T091030, end_date=20251010T091057
[2025-10-10T09:10:57.075+0000] {standard_task_runner.py:110} ERROR - Failed to execute job 5 for task scrape_last_2_days_and_upload (The conn_id `my_postgres_db` isn't defined; 2042)
[2025-10-10T09:10:57.120+0000] {local_task_job_runner.py:240} INFO - Task exited with return code 1
[2025-10-10T09:10:57.131+0000] {taskinstance.py:3503} INFO - 0 downstream tasks scheduled from follow-on schedule check
[2025-10-10T09:10:57.133+0000] {local_task_job_runner.py:222} INFO - ::endgroup::
