[2025-10-10T06:00:01.500+0000] {local_task_job_runner.py:120} INFO - ::group::Pre task execution logs
[2025-10-10T06:00:01.656+0000] {taskinstance.py:2076} INFO - Dependencies all met for dep_context=non-requeueable deps ti=<TaskInstance: songkhla_weather_half_hourly_automation.scrape_last_2_days_and_upload scheduled__2025-10-10T00:00:00+00:00 [queued]>
[2025-10-10T06:00:01.664+0000] {taskinstance.py:2076} INFO - Dependencies all met for dep_context=requeueable deps ti=<TaskInstance: songkhla_weather_half_hourly_automation.scrape_last_2_days_and_upload scheduled__2025-10-10T00:00:00+00:00 [queued]>
[2025-10-10T06:00:01.666+0000] {taskinstance.py:2306} INFO - Starting attempt 1 of 2
[2025-10-10T06:00:01.687+0000] {taskinstance.py:2330} INFO - Executing <Task(PythonOperator): scrape_last_2_days_and_upload> on 2025-10-10 00:00:00+00:00
[2025-10-10T06:00:01.696+0000] {logging_mixin.py:188} WARNING - /home/***/.local/lib/python3.12/site-packages/***/task/task_runner/standard_task_runner.py:61 DeprecationWarning: This process (pid=34670) is multi-threaded, use of fork() may lead to deadlocks in the child.
[2025-10-10T06:00:01.695+0000] {standard_task_runner.py:90} INFO - Running: ['***', 'tasks', 'run', 'songkhla_weather_half_hourly_automation', 'scrape_last_2_days_and_upload', 'scheduled__2025-10-10T00:00:00+00:00', '--job-id', '11', '--raw', '--subdir', 'DAGS_FOLDER/scraping_weather.py', '--cfg-path', '/tmp/tmpt9pda3p4']
[2025-10-10T06:00:01.697+0000] {standard_task_runner.py:63} INFO - Started process 34672 to run task
[2025-10-10T06:00:01.698+0000] {standard_task_runner.py:91} INFO - Job 11: Subtask scrape_last_2_days_and_upload
[2025-10-10T06:00:01.744+0000] {task_command.py:426} INFO - Running <TaskInstance: songkhla_weather_half_hourly_automation.scrape_last_2_days_and_upload scheduled__2025-10-10T00:00:00+00:00 [running]> on host 1b0f4dcb54df
[2025-10-10T06:00:01.820+0000] {taskinstance.py:2648} INFO - Exporting env vars: AIRFLOW_CTX_DAG_OWNER='***' AIRFLOW_CTX_DAG_ID='songkhla_weather_half_hourly_automation' AIRFLOW_CTX_TASK_ID='scrape_last_2_days_and_upload' AIRFLOW_CTX_EXECUTION_DATE='2025-10-10T00:00:00+00:00' AIRFLOW_CTX_TRY_NUMBER='1' AIRFLOW_CTX_DAG_RUN_ID='scheduled__2025-10-10T00:00:00+00:00'
[2025-10-10T06:00:01.821+0000] {taskinstance.py:430} INFO - ::endgroup::
[2025-10-10T06:00:14.493+0000] {scraping_weather.py:81} INFO - 🔄 เริ่ม scrap วันที่ 2025-10-09
[2025-10-10T06:00:19.526+0000] {scraping_weather.py:105} INFO - 📊 พบ 48 แถวในวันที่ 2025-10-09
[2025-10-10T06:00:26.252+0000] {scraping_weather.py:81} INFO - 🔄 เริ่ม scrap วันที่ 2025-10-10
[2025-10-10T06:00:29.264+0000] {scraping_weather.py:105} INFO - 📊 พบ 26 แถวในวันที่ 2025-10-10
[2025-10-10T06:00:32.351+0000] {base.py:84} INFO - Using connection ID 'postgres_default' for task execution.
[2025-10-10T06:00:32.354+0000] {scraping_weather.py:182} ERROR - 💥 เกิดข้อผิดพลาดร้ายแรง: connection to server at "postgres" (172.19.0.2), port 5432 failed: FATAL:  password authentication failed for user "postgres"

[2025-10-10T06:00:32.355+0000] {connectionpool.py:874} WARNING - Retrying (Retry(total=2, connect=None, read=None, redirect=None, status=None)) after connection broken by 'NewConnectionError('<urllib3.connection.HTTPConnection object at 0x7fdda4818260>: Failed to establish a new connection: [Errno 111] Connection refused')': /session/5e473abb18b5bcc348ff020fa3347b61
[2025-10-10T06:00:32.356+0000] {connectionpool.py:874} WARNING - Retrying (Retry(total=1, connect=None, read=None, redirect=None, status=None)) after connection broken by 'NewConnectionError('<urllib3.connection.HTTPConnection object at 0x7fdda48182c0>: Failed to establish a new connection: [Errno 111] Connection refused')': /session/5e473abb18b5bcc348ff020fa3347b61
[2025-10-10T06:00:32.356+0000] {connectionpool.py:874} WARNING - Retrying (Retry(total=0, connect=None, read=None, redirect=None, status=None)) after connection broken by 'NewConnectionError('<urllib3.connection.HTTPConnection object at 0x7fdda4818a70>: Failed to establish a new connection: [Errno 111] Connection refused')': /session/5e473abb18b5bcc348ff020fa3347b61
[2025-10-10T06:00:32.357+0000] {taskinstance.py:441} INFO - ::group::Post task execution logs
[2025-10-10T06:00:32.357+0000] {taskinstance.py:2905} ERROR - Task failed with exception
Traceback (most recent call last):
  File "/home/airflow/.local/lib/python3.12/site-packages/airflow/models/taskinstance.py", line 465, in _execute_task
    result = _execute_callable(context=context, **execute_callable_kwargs)
             ^^^^^^^^^^^^^^^^^^^^^^^^^^^^^^^^^^^^^^^^^^^^^^^^^^^^^^^^^^^^^
  File "/home/airflow/.local/lib/python3.12/site-packages/airflow/models/taskinstance.py", line 432, in _execute_callable
    return execute_callable(context=context, **execute_callable_kwargs)
           ^^^^^^^^^^^^^^^^^^^^^^^^^^^^^^^^^^^^^^^^^^^^^^^^^^^^^^^^^^^^
  File "/home/airflow/.local/lib/python3.12/site-packages/airflow/models/baseoperator.py", line 401, in wrapper
    return func(self, *args, **kwargs)
           ^^^^^^^^^^^^^^^^^^^^^^^^^^^
  File "/home/airflow/.local/lib/python3.12/site-packages/airflow/operators/python.py", line 235, in execute
    return_value = self.execute_callable()
                   ^^^^^^^^^^^^^^^^^^^^^^^
  File "/home/airflow/.local/lib/python3.12/site-packages/airflow/operators/python.py", line 252, in execute_callable
    return self.python_callable(*self.op_args, **self.op_kwargs)
           ^^^^^^^^^^^^^^^^^^^^^^^^^^^^^^^^^^^^^^^^^^^^^^^^^^^^^
  File "/opt/airflow/dags/scraping_weather.py", line 147, in scrape_last_2_days_and_upload
    create_hourly_table_if_not_exists()
  File "/opt/airflow/dags/scraping_weather.py", line 26, in create_hourly_table_if_not_exists
    conn = pg_hook.get_conn()
           ^^^^^^^^^^^^^^^^^^
  File "/home/airflow/.local/lib/python3.12/site-packages/airflow/providers/postgres/hooks/postgres.py", line 175, in get_conn
    self.conn = psycopg2.connect(**conn_args)
                ^^^^^^^^^^^^^^^^^^^^^^^^^^^^^
  File "/home/airflow/.local/lib/python3.12/site-packages/psycopg2/__init__.py", line 122, in connect
    conn = _connect(dsn, connection_factory=connection_factory, **kwasync)
           ^^^^^^^^^^^^^^^^^^^^^^^^^^^^^^^^^^^^^^^^^^^^^^^^^^^^^^^^^^^^^^^
psycopg2.OperationalError: connection to server at "postgres" (172.19.0.2), port 5432 failed: FATAL:  password authentication failed for user "postgres"

[2025-10-10T06:00:32.368+0000] {taskinstance.py:1206} INFO - Marking task as UP_FOR_RETRY. dag_id=songkhla_weather_half_hourly_automation, task_id=scrape_last_2_days_and_upload, run_id=scheduled__2025-10-10T00:00:00+00:00, execution_date=20251010T000000, start_date=20251010T060001, end_date=20251010T060032
[2025-10-10T06:00:32.377+0000] {standard_task_runner.py:110} ERROR - Failed to execute job 11 for task scrape_last_2_days_and_upload (connection to server at "postgres" (172.19.0.2), port 5432 failed: FATAL:  password authentication failed for user "postgres"
; 34672)
[2025-10-10T06:00:32.397+0000] {local_task_job_runner.py:240} INFO - Task exited with return code 1
[2025-10-10T06:00:32.408+0000] {taskinstance.py:3503} INFO - 0 downstream tasks scheduled from follow-on schedule check
[2025-10-10T06:00:32.411+0000] {local_task_job_runner.py:222} INFO - ::endgroup::
[2025-10-10T09:05:04.509+0000] {local_task_job_runner.py:120} INFO - ::group::Pre task execution logs
[2025-10-10T09:05:04.644+0000] {taskinstance.py:2076} INFO - Dependencies all met for dep_context=non-requeueable deps ti=<TaskInstance: songkhla_weather_half_hourly_automation.scrape_last_2_days_and_upload scheduled__2025-10-10T00:00:00+00:00 [queued]>
[2025-10-10T09:05:04.651+0000] {taskinstance.py:2076} INFO - Dependencies all met for dep_context=requeueable deps ti=<TaskInstance: songkhla_weather_half_hourly_automation.scrape_last_2_days_and_upload scheduled__2025-10-10T00:00:00+00:00 [queued]>
[2025-10-10T09:05:04.653+0000] {taskinstance.py:2306} INFO - Starting attempt 1 of 2
[2025-10-10T09:05:04.664+0000] {taskinstance.py:2330} INFO - Executing <Task(PythonOperator): scrape_last_2_days_and_upload> on 2025-10-10 00:00:00+00:00
[2025-10-10T09:05:04.669+0000] {logging_mixin.py:188} WARNING - /home/***/.local/lib/python3.12/site-packages/***/task/task_runner/standard_task_runner.py:61 DeprecationWarning: This process (pid=337) is multi-threaded, use of fork() may lead to deadlocks in the child.
[2025-10-10T09:05:04.670+0000] {standard_task_runner.py:63} INFO - Started process 341 to run task
[2025-10-10T09:05:04.670+0000] {standard_task_runner.py:90} INFO - Running: ['***', 'tasks', 'run', 'songkhla_weather_half_hourly_automation', 'scrape_last_2_days_and_upload', 'scheduled__2025-10-10T00:00:00+00:00', '--job-id', '2', '--raw', '--subdir', 'DAGS_FOLDER/scraping_weather.py', '--cfg-path', '/tmp/tmp7j39__x3']
[2025-10-10T09:05:04.671+0000] {standard_task_runner.py:91} INFO - Job 2: Subtask scrape_last_2_days_and_upload
[2025-10-10T09:05:04.682+0000] {logging_mixin.py:188} WARNING - /home/***/.local/lib/python3.12/site-packages/***/settings.py:195 DeprecationWarning: The sql_alchemy_conn option in [core] has been moved to the sql_alchemy_conn option in [database] - the old setting has been used, but please update your config.
[2025-10-10T09:05:04.716+0000] {task_command.py:426} INFO - Running <TaskInstance: songkhla_weather_half_hourly_automation.scrape_last_2_days_and_upload scheduled__2025-10-10T00:00:00+00:00 [running]> on host 104b2f41d292
[2025-10-10T09:05:04.789+0000] {taskinstance.py:2648} INFO - Exporting env vars: AIRFLOW_CTX_DAG_OWNER='***' AIRFLOW_CTX_DAG_ID='songkhla_weather_half_hourly_automation' AIRFLOW_CTX_TASK_ID='scrape_last_2_days_and_upload' AIRFLOW_CTX_EXECUTION_DATE='2025-10-10T00:00:00+00:00' AIRFLOW_CTX_TRY_NUMBER='1' AIRFLOW_CTX_DAG_RUN_ID='scheduled__2025-10-10T00:00:00+00:00'
[2025-10-10T09:05:04.790+0000] {taskinstance.py:430} INFO - ::endgroup::
[2025-10-10T09:05:10.237+0000] {scraping_weather.py:81} INFO - 🔄 เริ่ม scrap วันที่ 2025-10-09
[2025-10-10T09:05:14.047+0000] {scraping_weather.py:105} INFO - 📊 พบ 48 แถวในวันที่ 2025-10-09
[2025-10-10T09:05:21.106+0000] {scraping_weather.py:81} INFO - 🔄 เริ่ม scrap วันที่ 2025-10-10
[2025-10-10T09:05:24.883+0000] {scraping_weather.py:105} INFO - 📊 พบ 32 แถวในวันที่ 2025-10-10
[2025-10-10T09:05:29.234+0000] {base.py:84} INFO - Using connection ID 'postgres_default' for task execution.
[2025-10-10T09:05:29.250+0000] {scraping_weather.py:43} INFO - ✅ ตรวจสอบ/สร้างตาราง songkhla_weather_half_hourly เรียบร้อย
[2025-10-10T09:05:29.256+0000] {scraping_weather.py:182} ERROR - 💥 เกิดข้อผิดพลาดร้ายแรง: The conn_id `my_postgres_db` isn't defined
[2025-10-10T09:05:29.257+0000] {connectionpool.py:872} WARNING - Retrying (Retry(total=2, connect=None, read=None, redirect=None, status=None)) after connection broken by 'NewConnectionError('<urllib3.connection.HTTPConnection object at 0x7fb55bfc4860>: Failed to establish a new connection: [Errno 111] Connection refused')': /session/a01a3e9ee06a1010782d2408280b2b35
[2025-10-10T09:05:29.257+0000] {connectionpool.py:872} WARNING - Retrying (Retry(total=1, connect=None, read=None, redirect=None, status=None)) after connection broken by 'NewConnectionError('<urllib3.connection.HTTPConnection object at 0x7fb55bfc4920>: Failed to establish a new connection: [Errno 111] Connection refused')': /session/a01a3e9ee06a1010782d2408280b2b35
[2025-10-10T09:05:29.258+0000] {connectionpool.py:872} WARNING - Retrying (Retry(total=0, connect=None, read=None, redirect=None, status=None)) after connection broken by 'NewConnectionError('<urllib3.connection.HTTPConnection object at 0x7fb55bfc4d70>: Failed to establish a new connection: [Errno 111] Connection refused')': /session/a01a3e9ee06a1010782d2408280b2b35
[2025-10-10T09:05:29.258+0000] {taskinstance.py:441} INFO - ::group::Post task execution logs
[2025-10-10T09:05:29.263+0000] {taskinstance.py:2905} ERROR - Task failed with exception
Traceback (most recent call last):
  File "/home/airflow/.local/lib/python3.12/site-packages/airflow/models/taskinstance.py", line 465, in _execute_task
    result = _execute_callable(context=context, **execute_callable_kwargs)
             ^^^^^^^^^^^^^^^^^^^^^^^^^^^^^^^^^^^^^^^^^^^^^^^^^^^^^^^^^^^^^
  File "/home/airflow/.local/lib/python3.12/site-packages/airflow/models/taskinstance.py", line 432, in _execute_callable
    return execute_callable(context=context, **execute_callable_kwargs)
           ^^^^^^^^^^^^^^^^^^^^^^^^^^^^^^^^^^^^^^^^^^^^^^^^^^^^^^^^^^^^
  File "/home/airflow/.local/lib/python3.12/site-packages/airflow/models/baseoperator.py", line 401, in wrapper
    return func(self, *args, **kwargs)
           ^^^^^^^^^^^^^^^^^^^^^^^^^^^
  File "/home/airflow/.local/lib/python3.12/site-packages/airflow/operators/python.py", line 235, in execute
    return_value = self.execute_callable()
                   ^^^^^^^^^^^^^^^^^^^^^^^
  File "/home/airflow/.local/lib/python3.12/site-packages/airflow/operators/python.py", line 252, in execute_callable
    return self.python_callable(*self.op_args, **self.op_kwargs)
           ^^^^^^^^^^^^^^^^^^^^^^^^^^^^^^^^^^^^^^^^^^^^^^^^^^^^^
  File "/opt/airflow/dags/scraping_weather.py", line 151, in scrape_last_2_days_and_upload
    conn = pg_hook.get_conn()
           ^^^^^^^^^^^^^^^^^^
  File "/home/airflow/.local/lib/python3.12/site-packages/airflow/providers/postgres/hooks/postgres.py", line 145, in get_conn
    conn = deepcopy(self.connection or self.get_connection(conn_id))
                                       ^^^^^^^^^^^^^^^^^^^^^^^^^^^^
  File "/home/airflow/.local/lib/python3.12/site-packages/airflow/hooks/base.py", line 83, in get_connection
    conn = Connection.get_connection_from_secrets(conn_id)
           ^^^^^^^^^^^^^^^^^^^^^^^^^^^^^^^^^^^^^^^^^^^^^^^
  File "/home/airflow/.local/lib/python3.12/site-packages/airflow/models/connection.py", line 519, in get_connection_from_secrets
    raise AirflowNotFoundException(f"The conn_id `{conn_id}` isn't defined")
airflow.exceptions.AirflowNotFoundException: The conn_id `my_postgres_db` isn't defined
[2025-10-10T09:05:29.269+0000] {taskinstance.py:1206} INFO - Marking task as UP_FOR_RETRY. dag_id=songkhla_weather_half_hourly_automation, task_id=scrape_last_2_days_and_upload, run_id=scheduled__2025-10-10T00:00:00+00:00, execution_date=20251010T000000, start_date=20251010T090504, end_date=20251010T090529
[2025-10-10T09:05:29.277+0000] {standard_task_runner.py:110} ERROR - Failed to execute job 2 for task scrape_last_2_days_and_upload (The conn_id `my_postgres_db` isn't defined; 341)
[2025-10-10T09:05:29.317+0000] {local_task_job_runner.py:240} INFO - Task exited with return code 1
[2025-10-10T09:05:29.326+0000] {taskinstance.py:3503} INFO - 0 downstream tasks scheduled from follow-on schedule check
[2025-10-10T09:05:29.331+0000] {local_task_job_runner.py:222} INFO - ::endgroup::
