[2025-09-19T13:57:20.456+0000] {local_task_job_runner.py:120} INFO - ::group::Pre task execution logs
[2025-09-19T13:57:20.487+0000] {taskinstance.py:2076} INFO - Dependencies all met for dep_context=non-requeueable deps ti=<TaskInstance: timeseries_pipeline.load manual__2025-09-19T13:57:01.683273+00:00 [queued]>
[2025-09-19T13:57:20.496+0000] {taskinstance.py:2076} INFO - Dependencies all met for dep_context=requeueable deps ti=<TaskInstance: timeseries_pipeline.load manual__2025-09-19T13:57:01.683273+00:00 [queued]>
[2025-09-19T13:57:20.498+0000] {taskinstance.py:2306} INFO - Starting attempt 1 of 1
[2025-09-19T13:57:20.517+0000] {taskinstance.py:2330} INFO - Executing <Task(PythonOperator): load> on 2025-09-19 13:57:01.683273+00:00
[2025-09-19T13:57:20.528+0000] {logging_mixin.py:188} WARNING - /home/***/.local/lib/python3.12/site-packages/***/task/task_runner/standard_task_runner.py:61 DeprecationWarning: This process (pid=593) is multi-threaded, use of fork() may lead to deadlocks in the child.
[2025-09-19T13:57:20.529+0000] {standard_task_runner.py:63} INFO - Started process 596 to run task
[2025-09-19T13:57:20.529+0000] {standard_task_runner.py:90} INFO - Running: ['***', 'tasks', 'run', 'timeseries_pipeline', 'load', 'manual__2025-09-19T13:57:01.683273+00:00', '--job-id', '57', '--raw', '--subdir', 'DAGS_FOLDER/timeseries_pipeline.py', '--cfg-path', '/tmp/tmpieeipu_g']
[2025-09-19T13:57:20.532+0000] {standard_task_runner.py:91} INFO - Job 57: Subtask load
[2025-09-19T13:57:20.595+0000] {task_command.py:426} INFO - Running <TaskInstance: timeseries_pipeline.load manual__2025-09-19T13:57:01.683273+00:00 [running]> on host 0e2ba368a558
[2025-09-19T13:57:20.713+0000] {taskinstance.py:2648} INFO - Exporting env vars: AIRFLOW_CTX_DAG_OWNER='***' AIRFLOW_CTX_DAG_ID='timeseries_pipeline' AIRFLOW_CTX_TASK_ID='load' AIRFLOW_CTX_EXECUTION_DATE='2025-09-19T13:57:01.683273+00:00' AIRFLOW_CTX_TRY_NUMBER='1' AIRFLOW_CTX_DAG_RUN_ID='manual__2025-09-19T13:57:01.683273+00:00'
[2025-09-19T13:57:20.715+0000] {taskinstance.py:430} INFO - ::endgroup::
[2025-09-19T13:57:20.740+0000] {logging_mixin.py:188} INFO - 📥 Starting Load Task ...
[2025-09-19T13:57:20.770+0000] {logging_mixin.py:188} INFO - ✅ Forecast saved to /opt/***/data/processed/forecast.csv
[2025-09-19T13:57:20.785+0000] {logging_mixin.py:188} INFO -            ds           yhat
0  2019-07-28  747239.752750
1  2019-07-29  618229.950866
2  2019-07-30  604810.900411
3  2019-07-31  614874.516009
4  2019-08-01  612765.813289
5  2019-08-02  613134.273145
6  2019-08-03  788550.747860
[2025-09-19T13:57:20.786+0000] {python.py:237} INFO - Done. Returned value was: None
[2025-09-19T13:57:20.787+0000] {taskinstance.py:441} INFO - ::group::Post task execution logs
[2025-09-19T13:57:20.800+0000] {taskinstance.py:1206} INFO - Marking task as SUCCESS. dag_id=timeseries_pipeline, task_id=load, run_id=manual__2025-09-19T13:57:01.683273+00:00, execution_date=20250919T135701, start_date=20250919T135720, end_date=20250919T135720
[2025-09-19T13:57:20.825+0000] {local_task_job_runner.py:240} INFO - Task exited with return code 0
[2025-09-19T13:57:20.850+0000] {taskinstance.py:3503} INFO - 0 downstream tasks scheduled from follow-on schedule check
[2025-09-19T13:57:20.853+0000] {local_task_job_runner.py:222} INFO - ::endgroup::
