[2025-09-19T13:44:08.346+0000] {local_task_job_runner.py:120} INFO - ::group::Pre task execution logs
[2025-09-19T13:44:08.374+0000] {taskinstance.py:2076} INFO - Dependencies all met for dep_context=non-requeueable deps ti=<TaskInstance: timeseries_pipeline.extract manual__2025-09-19T13:44:02.884801+00:00 [queued]>
[2025-09-19T13:44:08.382+0000] {taskinstance.py:2076} INFO - Dependencies all met for dep_context=requeueable deps ti=<TaskInstance: timeseries_pipeline.extract manual__2025-09-19T13:44:02.884801+00:00 [queued]>
[2025-09-19T13:44:08.383+0000] {taskinstance.py:2306} INFO - Starting attempt 1 of 1
[2025-09-19T13:44:08.402+0000] {taskinstance.py:2330} INFO - Executing <Task(PythonOperator): extract> on 2025-09-19 13:44:02.884801+00:00
[2025-09-19T13:44:08.412+0000] {logging_mixin.py:188} WARNING - /home/***/.local/lib/python3.12/site-packages/***/task/task_runner/standard_task_runner.py:61 DeprecationWarning: This process (pid=208) is multi-threaded, use of fork() may lead to deadlocks in the child.
[2025-09-19T13:44:08.413+0000] {standard_task_runner.py:63} INFO - Started process 211 to run task
[2025-09-19T13:44:08.412+0000] {standard_task_runner.py:90} INFO - Running: ['***', 'tasks', 'run', 'timeseries_pipeline', 'extract', 'manual__2025-09-19T13:44:02.884801+00:00', '--job-id', '48', '--raw', '--subdir', 'DAGS_FOLDER/timeseries_pipeline.py', '--cfg-path', '/tmp/tmpws0kzb9j']
[2025-09-19T13:44:08.415+0000] {standard_task_runner.py:91} INFO - Job 48: Subtask extract
[2025-09-19T13:44:08.466+0000] {task_command.py:426} INFO - Running <TaskInstance: timeseries_pipeline.extract manual__2025-09-19T13:44:02.884801+00:00 [running]> on host 0e2ba368a558
[2025-09-19T13:44:08.556+0000] {taskinstance.py:2648} INFO - Exporting env vars: AIRFLOW_CTX_DAG_OWNER='***' AIRFLOW_CTX_DAG_ID='timeseries_pipeline' AIRFLOW_CTX_TASK_ID='extract' AIRFLOW_CTX_EXECUTION_DATE='2025-09-19T13:44:02.884801+00:00' AIRFLOW_CTX_TRY_NUMBER='1' AIRFLOW_CTX_DAG_RUN_ID='manual__2025-09-19T13:44:02.884801+00:00'
[2025-09-19T13:44:08.558+0000] {taskinstance.py:430} INFO - ::endgroup::
[2025-09-19T13:44:08.571+0000] {logging_mixin.py:188} INFO - Extracting data from /opt/***/data/raw/stock_prices.csv ...
[2025-09-19T13:44:09.442+0000] {logging_mixin.py:188} INFO - ✅ Extracted rows: 497472
[2025-09-19T13:44:09.451+0000] {logging_mixin.py:188} INFO -   symbol        date      open      high       low     close    volume
0    AAL  2014-01-02   25.0700   25.8200   25.0600   25.3600   8998943
1   AAPL  2014-01-02   79.3828   79.5756   78.8601   79.0185  58791957
2    AAP  2014-01-02  110.3600  111.8800  109.2900  109.7400    542711
3   ABBV  2014-01-02   52.1200   52.3300   51.5200   51.9800   4569061
4    ABC  2014-01-02   70.1100   70.2300   69.4800   69.8900   1148391
[2025-09-19T13:44:09.456+0000] {python.py:237} INFO - Done. Returned value was: /opt/***/data/raw/stock_prices.csv
[2025-09-19T13:44:09.458+0000] {taskinstance.py:441} INFO - ::group::Post task execution logs
[2025-09-19T13:44:09.485+0000] {taskinstance.py:1206} INFO - Marking task as SUCCESS. dag_id=timeseries_pipeline, task_id=extract, run_id=manual__2025-09-19T13:44:02.884801+00:00, execution_date=20250919T134402, start_date=20250919T134408, end_date=20250919T134409
[2025-09-19T13:44:09.507+0000] {local_task_job_runner.py:240} INFO - Task exited with return code 0
[2025-09-19T13:44:09.534+0000] {taskinstance.py:3503} INFO - 1 downstream tasks scheduled from follow-on schedule check
[2025-09-19T13:44:09.537+0000] {local_task_job_runner.py:222} INFO - ::endgroup::
