[2025-09-19T12:36:52.357+0000] {local_task_job_runner.py:120} INFO - ::group::Pre task execution logs
[2025-09-19T12:36:52.401+0000] {taskinstance.py:2076} INFO - Dependencies all met for dep_context=non-requeueable deps ti=<TaskInstance: timeseries_pipeline.transform manual__2025-09-19T12:36:44.062089+00:00 [queued]>
[2025-09-19T12:36:52.414+0000] {taskinstance.py:2076} INFO - Dependencies all met for dep_context=requeueable deps ti=<TaskInstance: timeseries_pipeline.transform manual__2025-09-19T12:36:44.062089+00:00 [queued]>
[2025-09-19T12:36:52.415+0000] {taskinstance.py:2306} INFO - Starting attempt 1 of 1
[2025-09-19T12:36:52.443+0000] {taskinstance.py:2330} INFO - Executing <Task(PythonOperator): transform> on 2025-09-19 12:36:44.062089+00:00
[2025-09-19T12:36:52.462+0000] {standard_task_runner.py:90} INFO - Running: ['***', 'tasks', 'run', 'timeseries_pipeline', 'transform', 'manual__2025-09-19T12:36:44.062089+00:00', '--job-id', '19', '--raw', '--subdir', 'DAGS_FOLDER/timeseries_pipeline.py', '--cfg-path', '/tmp/tmple2_jn_1']
[2025-09-19T12:36:52.465+0000] {logging_mixin.py:188} WARNING - /home/***/.local/lib/python3.12/site-packages/***/task/task_runner/standard_task_runner.py:61 DeprecationWarning: This process (pid=280) is multi-threaded, use of fork() may lead to deadlocks in the child.
[2025-09-19T12:36:52.466+0000] {standard_task_runner.py:91} INFO - Job 19: Subtask transform
[2025-09-19T12:36:52.467+0000] {standard_task_runner.py:63} INFO - Started process 283 to run task
[2025-09-19T12:36:52.551+0000] {task_command.py:426} INFO - Running <TaskInstance: timeseries_pipeline.transform manual__2025-09-19T12:36:44.062089+00:00 [running]> on host 0035d074727e
[2025-09-19T12:36:52.664+0000] {taskinstance.py:2648} INFO - Exporting env vars: AIRFLOW_CTX_DAG_OWNER='***' AIRFLOW_CTX_DAG_ID='timeseries_pipeline' AIRFLOW_CTX_TASK_ID='transform' AIRFLOW_CTX_EXECUTION_DATE='2025-09-19T12:36:44.062089+00:00' AIRFLOW_CTX_TRY_NUMBER='1' AIRFLOW_CTX_DAG_RUN_ID='manual__2025-09-19T12:36:44.062089+00:00'
[2025-09-19T12:36:52.666+0000] {taskinstance.py:430} INFO - ::endgroup::
[2025-09-19T12:36:52.684+0000] {taskinstance.py:441} INFO - ::group::Post task execution logs
[2025-09-19T12:36:52.684+0000] {taskinstance.py:2905} ERROR - Task failed with exception
Traceback (most recent call last):
  File "/home/airflow/.local/lib/python3.12/site-packages/airflow/models/taskinstance.py", line 465, in _execute_task
    result = _execute_callable(context=context, **execute_callable_kwargs)
             ^^^^^^^^^^^^^^^^^^^^^^^^^^^^^^^^^^^^^^^^^^^^^^^^^^^^^^^^^^^^^
  File "/home/airflow/.local/lib/python3.12/site-packages/airflow/models/taskinstance.py", line 432, in _execute_callable
    return execute_callable(context=context, **execute_callable_kwargs)
           ^^^^^^^^^^^^^^^^^^^^^^^^^^^^^^^^^^^^^^^^^^^^^^^^^^^^^^^^^^^^
  File "/home/airflow/.local/lib/python3.12/site-packages/airflow/models/baseoperator.py", line 401, in wrapper
    return func(self, *args, **kwargs)
           ^^^^^^^^^^^^^^^^^^^^^^^^^^^
  File "/home/airflow/.local/lib/python3.12/site-packages/airflow/operators/python.py", line 235, in execute
    return_value = self.execute_callable()
                   ^^^^^^^^^^^^^^^^^^^^^^^
  File "/home/airflow/.local/lib/python3.12/site-packages/airflow/operators/python.py", line 252, in execute_callable
    return self.python_callable(*self.op_args, **self.op_kwargs)
           ^^^^^^^^^^^^^^^^^^^^^^^^^^^^^^^^^^^^^^^^^^^^^^^^^^^^^
  File "/opt/airflow/dags/tasks/transform_task.py", line 4, in transform
    df = pd.read_csv("data/processed/transformed_timeseries.csv")
         ^^^^^^^^^^^^^^^^^^^^^^^^^^^^^^^^^^^^^^^^^^^^^^^^^^^^^^^^
  File "/home/airflow/.local/lib/python3.12/site-packages/pandas/io/parsers/readers.py", line 948, in read_csv
    return _read(filepath_or_buffer, kwds)
           ^^^^^^^^^^^^^^^^^^^^^^^^^^^^^^^
  File "/home/airflow/.local/lib/python3.12/site-packages/pandas/io/parsers/readers.py", line 611, in _read
    parser = TextFileReader(filepath_or_buffer, **kwds)
             ^^^^^^^^^^^^^^^^^^^^^^^^^^^^^^^^^^^^^^^^^^
  File "/home/airflow/.local/lib/python3.12/site-packages/pandas/io/parsers/readers.py", line 1448, in __init__
    self._engine = self._make_engine(f, self.engine)
                   ^^^^^^^^^^^^^^^^^^^^^^^^^^^^^^^^^
  File "/home/airflow/.local/lib/python3.12/site-packages/pandas/io/parsers/readers.py", line 1723, in _make_engine
    return mapping[engine](f, **self.options)
           ^^^^^^^^^^^^^^^^^^^^^^^^^^^^^^^^^^
  File "/home/airflow/.local/lib/python3.12/site-packages/pandas/io/parsers/c_parser_wrapper.py", line 93, in __init__
    self._reader = parsers.TextReader(src, **kwds)
                   ^^^^^^^^^^^^^^^^^^^^^^^^^^^^^^^
  File "parsers.pyx", line 586, in pandas._libs.parsers.TextReader.__cinit__
pandas.errors.EmptyDataError: No columns to parse from file
[2025-09-19T12:36:52.700+0000] {taskinstance.py:1206} INFO - Marking task as FAILED. dag_id=timeseries_pipeline, task_id=transform, run_id=manual__2025-09-19T12:36:44.062089+00:00, execution_date=20250919T123644, start_date=20250919T123652, end_date=20250919T123652
[2025-09-19T12:36:52.715+0000] {standard_task_runner.py:110} ERROR - Failed to execute job 19 for task transform (No columns to parse from file; 283)
[2025-09-19T12:36:52.764+0000] {local_task_job_runner.py:240} INFO - Task exited with return code 1
[2025-09-19T12:36:52.809+0000] {taskinstance.py:3503} INFO - 0 downstream tasks scheduled from follow-on schedule check
[2025-09-19T12:36:52.819+0000] {local_task_job_runner.py:222} INFO - ::endgroup::
