[2025-09-19T12:38:12.581+0000] {local_task_job_runner.py:120} INFO - ::group::Pre task execution logs
[2025-09-19T12:38:12.632+0000] {taskinstance.py:2076} INFO - Dependencies all met for dep_context=non-requeueable deps ti=<TaskInstance: timeseries_pipeline.check_file_exists manual__2025-09-19T12:38:10.050411+00:00 [queued]>
[2025-09-19T12:38:12.645+0000] {taskinstance.py:2076} INFO - Dependencies all met for dep_context=requeueable deps ti=<TaskInstance: timeseries_pipeline.check_file_exists manual__2025-09-19T12:38:10.050411+00:00 [queued]>
[2025-09-19T12:38:12.646+0000] {taskinstance.py:2306} INFO - Starting attempt 1 of 1
[2025-09-19T12:38:12.674+0000] {taskinstance.py:2330} INFO - Executing <Task(PythonOperator): check_file_exists> on 2025-09-19 12:38:10.050411+00:00
[2025-09-19T12:38:12.695+0000] {logging_mixin.py:188} WARNING - /home/***/.local/lib/python3.12/site-packages/***/task/task_runner/standard_task_runner.py:61 DeprecationWarning: This process (pid=313) is multi-threaded, use of fork() may lead to deadlocks in the child.
[2025-09-19T12:38:12.699+0000] {standard_task_runner.py:63} INFO - Started process 316 to run task
[2025-09-19T12:38:12.695+0000] {standard_task_runner.py:90} INFO - Running: ['***', 'tasks', 'run', 'timeseries_pipeline', 'check_file_exists', 'manual__2025-09-19T12:38:10.050411+00:00', '--job-id', '20', '--raw', '--subdir', 'DAGS_FOLDER/timeseries_pipeline.py', '--cfg-path', '/tmp/tmpi10yxi90']
[2025-09-19T12:38:12.702+0000] {standard_task_runner.py:91} INFO - Job 20: Subtask check_file_exists
[2025-09-19T12:38:12.867+0000] {task_command.py:426} INFO - Running <TaskInstance: timeseries_pipeline.check_file_exists manual__2025-09-19T12:38:10.050411+00:00 [running]> on host 0035d074727e
[2025-09-19T12:38:13.074+0000] {taskinstance.py:2648} INFO - Exporting env vars: AIRFLOW_CTX_DAG_OWNER='***' AIRFLOW_CTX_DAG_ID='timeseries_pipeline' AIRFLOW_CTX_TASK_ID='check_file_exists' AIRFLOW_CTX_EXECUTION_DATE='2025-09-19T12:38:10.050411+00:00' AIRFLOW_CTX_TRY_NUMBER='1' AIRFLOW_CTX_DAG_RUN_ID='manual__2025-09-19T12:38:10.050411+00:00'
[2025-09-19T12:38:13.079+0000] {taskinstance.py:430} INFO - ::endgroup::
[2025-09-19T12:38:14.069+0000] {logging_mixin.py:188} INFO - 📊 Columns in CSV: ['symbol', 'date', 'open', 'high', 'low', 'close', 'volume']
[2025-09-19T12:38:14.070+0000] {logging_mixin.py:188} INFO - 🔍 First rows:
[2025-09-19T12:38:14.081+0000] {logging_mixin.py:188} INFO -    symbol        date      open      high       low     close    volume
0    AAL  2014-01-02   25.0700   25.8200   25.0600   25.3600   8998943
1   AAPL  2014-01-02   79.3828   79.5756   78.8601   79.0185  58791957
2    AAP  2014-01-02  110.3600  111.8800  109.2900  109.7400    542711
3   ABBV  2014-01-02   52.1200   52.3300   51.5200   51.9800   4569061
4    ABC  2014-01-02   70.1100   70.2300   69.4800   69.8900   1148391
[2025-09-19T12:38:14.099+0000] {logging_mixin.py:188} INFO - ✅ File validation passed!
[2025-09-19T12:38:14.104+0000] {python.py:237} INFO - Done. Returned value was: None
[2025-09-19T12:38:14.105+0000] {taskinstance.py:441} INFO - ::group::Post task execution logs
[2025-09-19T12:38:14.126+0000] {taskinstance.py:1206} INFO - Marking task as SUCCESS. dag_id=timeseries_pipeline, task_id=check_file_exists, run_id=manual__2025-09-19T12:38:10.050411+00:00, execution_date=20250919T123810, start_date=20250919T123812, end_date=20250919T123814
[2025-09-19T12:38:14.164+0000] {local_task_job_runner.py:240} INFO - Task exited with return code 0
[2025-09-19T12:38:14.200+0000] {taskinstance.py:3503} INFO - 1 downstream tasks scheduled from follow-on schedule check
[2025-09-19T12:38:14.210+0000] {local_task_job_runner.py:222} INFO - ::endgroup::
