[2025-09-19T12:54:55.506+0000] {local_task_job_runner.py:120} INFO - ::group::Pre task execution logs
[2025-09-19T12:54:55.560+0000] {taskinstance.py:2076} INFO - Dependencies all met for dep_context=non-requeueable deps ti=<TaskInstance: timeseries_pipeline.load manual__2025-09-19T12:53:02.742396+00:00 [queued]>
[2025-09-19T12:54:55.576+0000] {taskinstance.py:2076} INFO - Dependencies all met for dep_context=requeueable deps ti=<TaskInstance: timeseries_pipeline.load manual__2025-09-19T12:53:02.742396+00:00 [queued]>
[2025-09-19T12:54:55.578+0000] {taskinstance.py:2306} INFO - Starting attempt 1 of 1
[2025-09-19T12:54:55.607+0000] {taskinstance.py:2330} INFO - Executing <Task(PythonOperator): load> on 2025-09-19 12:53:02.742396+00:00
[2025-09-19T12:54:55.627+0000] {logging_mixin.py:188} WARNING - /home/***/.local/lib/python3.12/site-packages/***/task/task_runner/standard_task_runner.py:61 DeprecationWarning: This process (pid=832) is multi-threaded, use of fork() may lead to deadlocks in the child.
[2025-09-19T12:54:55.629+0000] {standard_task_runner.py:63} INFO - Started process 835 to run task
[2025-09-19T12:54:55.626+0000] {standard_task_runner.py:90} INFO - Running: ['***', 'tasks', 'run', 'timeseries_pipeline', 'load', 'manual__2025-09-19T12:53:02.742396+00:00', '--job-id', '39', '--raw', '--subdir', 'DAGS_FOLDER/timeseries_pipeline.py', '--cfg-path', '/tmp/tmp5lsrllam']
[2025-09-19T12:54:55.631+0000] {standard_task_runner.py:91} INFO - Job 39: Subtask load
[2025-09-19T12:54:55.734+0000] {task_command.py:426} INFO - Running <TaskInstance: timeseries_pipeline.load manual__2025-09-19T12:53:02.742396+00:00 [running]> on host 0035d074727e
[2025-09-19T12:54:55.872+0000] {taskinstance.py:2648} INFO - Exporting env vars: AIRFLOW_CTX_DAG_OWNER='***' AIRFLOW_CTX_DAG_ID='timeseries_pipeline' AIRFLOW_CTX_TASK_ID='load' AIRFLOW_CTX_EXECUTION_DATE='2025-09-19T12:53:02.742396+00:00' AIRFLOW_CTX_TRY_NUMBER='1' AIRFLOW_CTX_DAG_RUN_ID='manual__2025-09-19T12:53:02.742396+00:00'
[2025-09-19T12:54:55.875+0000] {taskinstance.py:430} INFO - ::endgroup::
[2025-09-19T12:54:55.901+0000] {logging_mixin.py:188} INFO - 📥 Starting Load Task ...
[2025-09-19T12:54:55.942+0000] {logging_mixin.py:188} INFO - ✅ Forecast saved to /opt/***/data/processed/forecast.csv
[2025-09-19T12:54:55.955+0000] {logging_mixin.py:188} INFO -            ds        yhat
0  2017-12-30   99.224511
1  2017-12-31   99.172429
2  2018-01-01  105.533668
3  2018-01-02  105.480931
4  2018-01-03  105.475858
5  2018-01-04  105.393658
6  2018-01-05  105.322416
[2025-09-19T12:54:55.957+0000] {python.py:237} INFO - Done. Returned value was: None
[2025-09-19T12:54:55.958+0000] {taskinstance.py:441} INFO - ::group::Post task execution logs
[2025-09-19T12:54:55.973+0000] {taskinstance.py:1206} INFO - Marking task as SUCCESS. dag_id=timeseries_pipeline, task_id=load, run_id=manual__2025-09-19T12:53:02.742396+00:00, execution_date=20250919T125302, start_date=20250919T125455, end_date=20250919T125455
[2025-09-19T12:54:56.045+0000] {local_task_job_runner.py:240} INFO - Task exited with return code 0
[2025-09-19T12:54:56.071+0000] {taskinstance.py:3503} INFO - 0 downstream tasks scheduled from follow-on schedule check
[2025-09-19T12:54:56.075+0000] {local_task_job_runner.py:222} INFO - ::endgroup::
